Archive member included to satisfy reference by file (symbol)

.\libkernel.a(core_support.o)
                              startup_RZ1AH.o (_kernel_undef_handler)
.\libkernel.a(target_kernel_impl.o)
                              c:/program files (x86)/gnu tools arm embedded/6 2017-q2-update/bin/../lib/gcc/arm-none-eabi/6.3.1/../../../../arm-none-eabi/lib/thumb/v7-ar/fpv3/hard/crt0.o (__libc_init_array)
.\libkernel.a(chip_kernel_impl.o)
                              .\libkernel.a(target_kernel_impl.o) (_kernel_chip_terminate)
.\libkernel.a(gic_kernel_impl.o)
                              .\libkernel.a(chip_kernel_impl.o) (_kernel_gicc_initialize)
.\libkernel.a(chip_timer.o)   kernel_cfg.o (_kernel_target_hrt_initialize)
.\libkernel.a(core_kernel_impl.o)
                              .\libkernel.a(chip_kernel_impl.o) (_kernel_core_initialize)
.\libkernel.a(arm.o)          .\libkernel.a(chip_kernel_impl.o) (arm_enable_icache)
.\libkernel.a(startup.o)      sample1.o (ext_ker)
.\libkernel.a(task.o)         .\libkernel.a(core_support.o) (_kernel_p_schedtsk)
.\libkernel.a(taskhook.o)     .\libkernel.a(task.o) (_kernel_mtxhook_release_all)
.\libkernel.a(time_event.o)   .\libkernel.a(startup.o) (_kernel_initialize_tmevt)
.\libkernel.a(task_manage.o)  sample1.o (acre_tsk)
.\libkernel.a(task_sync.o)    sample1.o (slp_tsk)
.\libkernel.a(task_term.o)    sample1.o (ext_tsk)
.\libkernel.a(semaphore.o)    kernel_cfg.o (_kernel_initialize_semaphore)
.\libkernel.a(time_manage.o)  sample1.o (get_tim)
.\libkernel.a(cyclic.o)       kernel_cfg.o (_kernel_initialize_cyclic)
.\libkernel.a(alarm.o)        kernel_cfg.o (_kernel_initialize_alarm)
.\libkernel.a(sys_manage.o)   sample1.o (rot_rdq)
.\libkernel.a(interrupt.o)    kernel_cfg.o (_kernel_initialize_isr)
.\libkernel.a(exception.o)    sample1.o (xsns_dpn)
.\libkernel.a(gic_support.o)  .\libkernel.a(core_support.o) (_kernel_irc_begin_int)
.\libkernel.a(wait.o)         .\libkernel.a(task_sync.o) (_kernel_make_wait_tmout)
.\libkernel.a(eventflag.o)    .\libkernel.a(time_manage.o) (set_flg)
.\libkernel.a(dataqueue.o)    .\libkernel.a(time_manage.o) (psnd_dtq)
../../musl-1.1.18/Debug/libmusl.a(memcpy_le.o)
                              mbed_flash_api.o (memcpy)
../../musl-1.1.18/Debug/libmusl.a(memset.o)
                              c:/program files (x86)/gnu tools arm embedded/6 2017-q2-update/bin/../lib/gcc/arm-none-eabi/6.3.1/../../../../arm-none-eabi/lib/thumb/v7-ar/fpv3/hard/crt0.o (memset)
../../musl-1.1.18/Debug/libmusl.a(sscanf.o)
                              mbed_interface.o (sscanf)
../../musl-1.1.18/Debug/libmusl.a(vsnprintf.o)
                              mbed_board.o (vsnprintf)
../../musl-1.1.18/Debug/libmusl.a(vsscanf.o)
                              ../../musl-1.1.18/Debug/libmusl.a(sscanf.o) (vsscanf)
../../musl-1.1.18/Debug/libmusl.a(exit.o)
                              c:/program files (x86)/gnu tools arm embedded/6 2017-q2-update/bin/../lib/gcc/arm-none-eabi/6.3.1/../../../../arm-none-eabi/lib/thumb/v7-ar/fpv3/hard/crt0.o (exit)
../../musl-1.1.18/Debug/libmusl.a(__errno_location.o)
                              mbed_stub.o (__errno_location)
../../musl-1.1.18/Debug/libmusl.a(crt1.o)
                              mbed_stub.o (musl_start)
../../musl-1.1.18/Debug/libmusl.a(__string_read.o)
                              ../../musl-1.1.18/Debug/libmusl.a(vsscanf.o) (__string_read)
../../musl-1.1.18/Debug/libmusl.a(vfprintf.o)
                              ../../musl-1.1.18/Debug/libmusl.a(vsnprintf.o) (vfprintf)
../../musl-1.1.18/Debug/libmusl.a(vfscanf.o)
                              ../../musl-1.1.18/Debug/libmusl.a(vsscanf.o) (vfscanf)
../../musl-1.1.18/Debug/libmusl.a(mbrtowc.o)
                              ../../musl-1.1.18/Debug/libmusl.a(vfscanf.o) (mbrtowc)
../../musl-1.1.18/Debug/libmusl.a(mbsinit.o)
                              ../../musl-1.1.18/Debug/libmusl.a(vfscanf.o) (mbsinit)
../../musl-1.1.18/Debug/libmusl.a(wctomb.o)
                              ../../musl-1.1.18/Debug/libmusl.a(vfprintf.o) (wctomb)
../../musl-1.1.18/Debug/libmusl.a(frexpl.o)
                              ../../musl-1.1.18/Debug/libmusl.a(vfprintf.o) (frexpl)
../../musl-1.1.18/Debug/libmusl.a(floatscan.o)
                              ../../musl-1.1.18/Debug/libmusl.a(vfscanf.o) (__floatscan)
../../musl-1.1.18/Debug/libmusl.a(intscan.o)
                              ../../musl-1.1.18/Debug/libmusl.a(vfscanf.o) (__intscan)
../../musl-1.1.18/Debug/libmusl.a(shgetc.o)
                              ../../musl-1.1.18/Debug/libmusl.a(vfscanf.o) (__shlim)
../../musl-1.1.18/Debug/libmusl.a(_Exit.o)
                              ../../musl-1.1.18/Debug/libmusl.a(exit.o) (_Exit)
../../musl-1.1.18/Debug/libmusl.a(strerror.o)
                              ../../musl-1.1.18/Debug/libmusl.a(vfprintf.o) (strerror)
../../musl-1.1.18/Debug/libmusl.a(__libc_start_main.o)
[...]
Memory Configuration

Name             Origin             Length             Attributes
ROM              0x00000000         0x02000000         xr
BOOT_LOADER      0x18000000         0x00004000         xr
SFLASH           0x18004000         0x07ffc000         xr
L_TTB            0x20000000         0x00004000         rw
RAM              0x20020000         0x008e0000         xrw
RAM_NC           0x20900000         0x00100000         xrw
*default*        0x00000000         0xffffffff

Linker script and memory map

LOAD c:/program files (x86)/gnu tools arm embedded/6 2017-q2-update/bin/../lib/gcc/arm-none-eabi/6.3.1/thumb/v7-ar/fpv3/hard/crti.o
LOAD c:/program files (x86)/gnu tools arm embedded/6 2017-q2-update/bin/../lib/gcc/arm-none-eabi/6.3.1/thumb/v7-ar/fpv3/hard/crtbegin.o
LOAD c:/program files (x86)/gnu tools arm embedded/6 2017-q2-update/bin/../lib/gcc/arm-none-eabi/6.3.1/../../../../arm-none-eabi/lib/thumb/v7-ar/fpv3/hard/crt0.o
LOAD startup_RZ1AH.o
LOAD sample1.o
LOAD log_output.o
LOAD vasyslog.o
LOAD t_perror.o
LOAD strerror.o
LOAD time.o
LOAD mbed_stub.o
LOAD init_tecs.o
LOAD tTask_tecsgen.o
LOAD tSemaphore_tecsgen.o
LOAD tInitializeRoutine_tecsgen.o
LOAD tTerminateRoutine_tecsgen.o
LOAD tSerialPortMain_tecsgen.o
LOAD tSerialAdapter_tecsgen.o
LOAD tSysLog_tecsgen.o
LOAD tSysLogAdapter_tecsgen.o
LOAD tLogTaskMain_tecsgen.o
LOAD tBannerMain_tecsgen.o
LOAD tPutLogSIOPort_tecsgen.o
LOAD tMbedSerial_tecsgen.o
LOAD tSIOPortGRPeachMain_tecsgen.o
LOAD tTask.o
LOAD tInitializeRoutine.o
LOAD tTerminateRoutine.o
LOAD tSerialPortMain.o
LOAD tSerialAdapter.o
LOAD tSysLog.o
LOAD tSysLogAdapter.o
LOAD tLogTaskMain.o
LOAD tBannerMain.o
LOAD tPutLogSIOPort.o
LOAD tMbedSerial.o
LOAD mbed_critical_section_api.o
LOAD mbed_flash_api.o
LOAD mbed_gpio.o
LOAD mbed_lp_ticker_api.o
LOAD mbed_lp_ticker_wrapper.o
LOAD mbed_pinmap_common.o
LOAD mbed_sleep_manager.o
LOAD mbed_mktime.o
LOAD mbed_ticker_api.o
LOAD mbed_us_ticker_api.o
LOAD mbed_assert.o
LOAD mbed_board.o
LOAD mbed_critical.o
LOAD mbed_error.o
LOAD mbed_error_hist.o
LOAD mbed_interface.o
LOAD mbed_rtc_time.o
LOAD mbed_semihost_api.o
LOAD mbed_stats.o
LOAD PeripheralPins.o
LOAD RZ_A1_Init.o
LOAD mbed_sf_boot.o
LOAD mmu_RZ_A1H.o
LOAD system_RZ_A1H.o
LOAD trng_api_esp32.o
LOAD analogin_api.o
LOAD can_api.o
LOAD cmsis_nvic.o
LOAD irq_ctrl_gic.o
LOAD nvic_wrapper.o
LOAD rza_io_regrw.o
LOAD ethernet_api.o
LOAD flash_api.o
LOAD gpio_api.o
LOAD gpio_irq_api.o
LOAD i2c_api.o
LOAD lp_ticker.o
LOAD mtu2.o
LOAD pinmap.o
LOAD port_api.o
LOAD pwmout_api.o
LOAD rtc_api.o
LOAD serial_api.o
LOAD sleep.o
LOAD spi_api.o
LOAD trng_api.o
LOAD us_ticker.o
LOAD kernel_cfg.o
START GROUP
LOAD .\libkernel.a
LOAD ../../musl-1.1.18/Debug/libmusl.a
LOAD c:/program files (x86)/gnu tools arm embedded/6 2017-q2-update/bin/../lib/gcc/arm-none-eabi/6.3.1/thumb/v7-ar/fpv3/hard\libgcc.a
END GROUP
LOAD c:/program files (x86)/gnu tools arm embedded/6 2017-q2-update/bin/../lib/gcc/arm-none-eabi/6.3.1/thumb/v7-ar/fpv3/hard/crtend.o
LOAD c:/program files (x86)/gnu tools arm embedded/6 2017-q2-update/bin/../lib/gcc/arm-none-eabi/6.3.1/thumb/v7-ar/fpv3/hard/crtn.o
                0x00000000                PROVIDE (hardware_init_hook, 0x0)
                0x00000000                PROVIDE (software_init_hook, 0x0)
                0x00000000                PROVIDE (software_term_hook, 0x0)
                0x20020dcc                PROVIDE (IRQTable, _kernel_inh_table)
                [!provide]                PROVIDE (IRQ_NestLevel, _kernel_excpt_nest_count)

.boot           0x18000000     0x3100
 *(.boot_loader)
 .boot_loader   0x18000000     0x3100 mbed_sf_boot.o
                0x18000000                boot_loader

.text           0x18004000    0x26644
                0x18004000                Image$$VECTORS$$Base = .
 *(RESET)
 *(.isr_vector)
 .isr_vector    0x18004000       0x40 startup_RZ1AH.o
                0x18004000                __isr_vector
 *(SVC_TABLE)
 *(.text*)
 .text          0x18004040        0x0 c:/program files (x86)/gnu tools arm embedded/6 2017-q2-update/bin/../lib/gcc/arm-none-eabi/6.3.1/thumb/v7-ar/fpv3/hard/crti.o
 .text          0x18004040       0x88 c:/program files (x86)/gnu tools arm embedded/6 2017-q2-update/bin/../lib/gcc/arm-none-eabi/6.3.1/thumb/v7-ar/fpv3/hard/crtbegin.o
 .text          0x180040c8       0x74 c:/program files (x86)/gnu tools arm embedded/6 2017-q2-update/bin/../lib/gcc/arm-none-eabi/6.3.1/../../../../arm-none-eabi/lib/thumb/v7-ar/fpv3/hard/crt0.o
                0x180040c8                _start
                0x180040c8                _mainCRTStartup
 .text          0x1800413c      0x140 startup_RZ1AH.o
                0x1800413c                Reset_Handler
                0x18004270                Undef_Handler
                0x18004272                SVC_Handler
                0x18004274                PAbt_Handler
                0x18004276                DAbt_Handler
                0x18004278                IRQ_Handler
                0x1800427a                FIQ_Handler
 .text          0x1800427c        0x0 sample1.o
 .text.task     0x1800427c      0x3c0 sample1.o
                0x1800427c                task
 .text.alarm_handler
                0x1800463c       0xac sample1.o
                0x1800463c                alarm_handler
 .text.intno1_isr
                0x180046e8       0xc4 sample1.o
                0x180046e8                intno1_isr
 .text.cpuexc_handler
                0x180047ac      0x18c sample1.o
                0x180047ac                cpuexc_handler
 .text.cyclic_handler
                0x18004938       0xac sample1.o
                0x18004938                cyclic_handler
 .text.exc_task
                0x180049e4       0x4c sample1.o
                0x180049e4                exc_task
 .text.main_task
                0x18004a30      0xc94 sample1.o
                0x18004a30                main_task
 .text          0x180056c4        0x0 log_output.o
 .text.convert  0x180056c4      0x124 log_output.o
 .text.syslog_printf
                0x180057e8      0x24c log_output.o
                0x180057e8                syslog_printf
 .text.syslog_print
                0x18005a34       0x48 log_output.o
                0x18005a34                syslog_print
 .text.syslog_lostmsg
                0x18005a7c       0x34 log_output.o
                0x18005a7c                syslog_lostmsg
 .text          0x18005ab0        0x0 vasyslog.o
 .text.vsyslog  0x18005ab0      0x26c vasyslog.o
                0x18005ab0                vsyslog
 .text.syslog   0x18005d1c       0x2c vasyslog.o
                0x18005d1c                syslog
 .text.error    0x18005d48       0x34 vasyslog.o
                0x18005d48                error
 .text          0x18005d7c        0x0 t_perror.o
 .text.t_perror
                0x18005d7c       0x64 t_perror.o
                0x18005d7c                t_perror
 .text          0x18005de0        0x0 strerror.o
 .text.itron_strerror
                0x18005de0      0x254 strerror.o
                0x18005de0                itron_strerror
 .text          0x18006034        0x0 time.o
 *fill*         0x18006034        0x4 
 .text.__secs_to_tm
                0x18006038      0x348 time.o
                0x18006038                __secs_to_tm
 .text.__year_to_secs
                0x18006380      0x200 time.o
                0x18006380                __year_to_secs
 .text.__month_to_secs
                0x18006580       0x24 time.o
                0x18006580                __month_to_secs
 .text.__tm_to_secs
                0x180065a4      0x164 time.o
                0x180065a4                __tm_to_secs
 .text.localtime_r
                0x18006708       0x40 time.o
                0x18006708                localtime_r
 .text.localtime
                0x18006748       0x14 time.o
                0x18006748                localtime
 .text.gmtime_r
                0x1800675c       0x48 time.o
                0x1800675c                gmtime_r
 .text.mktime   0x180067a4       0x68 time.o
                0x180067a4                mktime
 .text          0x1800680c        0x0 mbed_stub.o
 .text.main     0x1800680c       0x18 mbed_stub.o
                0x1800680c                main
 .text.wait_us  0x18006824       0x30 mbed_stub.o
                0x18006824                wait_us
 .text.wait     0x18006854       0x20 mbed_stub.o
                0x18006854                wait
 .text.wait_ms  0x18006874       0x14 mbed_stub.o
                0x18006874                wait_ms
 .text.IRQ_Initialize
                0x18006888      0x1cc mbed_stub.o
                0x18006888                IRQ_Initialize
 .text.SYS_poll
                0x18006a54        0x8 mbed_stub.o
                0x18006a54                SYS_poll
 .text.SYS_open
                0x18006a5c        0x8 mbed_stub.o
                0x18006a5c                SYS_open
 .text.SYS_set_tid_address
                0x18006a64       0x14 mbed_stub.o
                0x18006a64                SYS_set_tid_address
 .text.ARM_SYS_set_tls
                0x18006a78        0xc mbed_stub.o
                0x18006a78                ARM_SYS_set_tls
 .text.SYS_exit_group
                0x18006a84       0x10 mbed_stub.o
                0x18006a84                SYS_exit_group
 .text.SYS_exit
                0x18006a94       0x10 mbed_stub.o
                0x18006a94                SYS_exit
 .text.SYS_futex
                0x18006aa4        0x8 mbed_stub.o
                0x18006aa4                SYS_futex
 .text._sbrk    0x18006aac       0x4c mbed_stub.o
                0x18006aac                _sbrk
 .text.shell_brk
                0x18006af8       0x44 mbed_stub.o
                0x18006af8                shell_brk
 .text.shell_mmap2
                0x18006b3c       0x30 mbed_stub.o
                0x18006b3c                shell_mmap2
 .text.shell_mprotect
                0x18006b6c        0x8 mbed_stub.o
                0x18006b6c                shell_mprotect
 .text.SYS_brk  0x18006b74        0xc mbed_stub.o
                0x18006b74                SYS_brk
 .text.SYS_mmap2
                0x18006b80       0x34 mbed_stub.o
                0x18006b80                SYS_mmap2
 .text.SYS_mprotect
                0x18006bb4        0xc mbed_stub.o
                0x18006bb4                SYS_mprotect
 .text.SYS_madvise
                0x18006bc0        0x8 mbed_stub.o
                0x18006bc0                SYS_madvise
 .text.SYS_mremap
                0x18006bc8        0x8 mbed_stub.o
                0x18006bc8                SYS_mremap
 .text.SYS_munmap
                0x18006bd0        0x8 mbed_stub.o
                0x18006bd0                SYS_munmap
 .text.__malloc_lock
                0x18006bd8       0x98 mbed_stub.o
                0x18006bd8                __malloc_lock
 .text.__malloc_unlock
                0x18006c70       0x88 mbed_stub.o
                0x18006c70                __malloc_unlock
 .text          0x18006cf8        0x0 init_tecs.o
 .text.initialize_tecs
                0x18006cf8       0x3c init_tecs.o
                0x18006cf8                initialize_tecs
 .text          0x18006d34        0x0 tTask_tecsgen.o
 .text.tTask_CB_initialize
                0x18006d34       0x18 tTask_tecsgen.o
                0x18006d34                tTask_CB_initialize
 .text          0x18006d4c        0x0 tSemaphore_tecsgen.o
 .text.tSemaphore_CB_initialize
                0x18006d4c       0x18 tSemaphore_tecsgen.o
                0x18006d4c                tSemaphore_CB_initialize
 .text          0x18006d64        0x0 tInitializeRoutine_tecsgen.o
 .text.tInitializeRoutine_CB_initialize
                0x18006d64        0x4 tInitializeRoutine_tecsgen.o
                0x18006d64                tInitializeRoutine_CB_initialize
 .text          0x18006d68        0x0 tTerminateRoutine_tecsgen.o
 .text.tTerminateRoutine_CB_initialize
                0x18006d68        0x4 tTerminateRoutine_tecsgen.o
                0x18006d68                tTerminateRoutine_CB_initialize
 .text          0x18006d6c        0x0 tSerialPortMain_tecsgen.o
 .text.tSerialPortMain_eSerialPort_open_skel
                0x18006d6c       0x10 tSerialPortMain_tecsgen.o
                0x18006d6c                tSerialPortMain_eSerialPort_open_skel
 .text.tSerialPortMain_eSerialPort_close_skel
                0x18006d7c       0x10 tSerialPortMain_tecsgen.o
                0x18006d7c                tSerialPortMain_eSerialPort_close_skel
 .text.tSerialPortMain_eSerialPort_read_skel
                0x18006d8c       0x10 tSerialPortMain_tecsgen.o
                0x18006d8c                tSerialPortMain_eSerialPort_read_skel
 .text.tSerialPortMain_eSerialPort_write_skel
                0x18006d9c       0x10 tSerialPortMain_tecsgen.o
                0x18006d9c                tSerialPortMain_eSerialPort_write_skel
 .text.tSerialPortMain_eSerialPort_control_skel
                0x18006dac       0x10 tSerialPortMain_tecsgen.o
                0x18006dac                tSerialPortMain_eSerialPort_control_skel
 .text.tSerialPortMain_eSerialPort_refer_skel
                0x18006dbc       0x10 tSerialPortMain_tecsgen.o
                0x18006dbc                tSerialPortMain_eSerialPort_refer_skel
 .text.tSerialPortMain_CB_initialize
                0x18006dcc       0x44 tSerialPortMain_tecsgen.o
                0x18006dcc                tSerialPortMain_CB_initialize
 .text          0x18006e10        0x0 tSerialAdapter_tecsgen.o
 .text.tSerialAdapter_CB_initialize
                0x18006e10        0x4 tSerialAdapter_tecsgen.o
                0x18006e10                tSerialAdapter_CB_initialize
 .text          0x18006e14        0x0 tSysLog_tecsgen.o
 .text.tSysLog_CB_initialize
                0x18006e14       0x3c tSysLog_tecsgen.o
                0x18006e14                tSysLog_CB_initialize
 .text          0x18006e50        0x0 tSysLogAdapter_tecsgen.o
 .text.tSysLogAdapter_CB_initialize
                0x18006e50        0x4 tSysLogAdapter_tecsgen.o
                0x18006e50                tSysLogAdapter_CB_initialize
 .text          0x18006e54        0x0 tLogTaskMain_tecsgen.o
 .text.tLogTaskMain_CB_initialize
                0x18006e54        0x4 tLogTaskMain_tecsgen.o
                0x18006e54                tLogTaskMain_CB_initialize
 .text          0x18006e58        0x0 tBannerMain_tecsgen.o
 .text.tBannerMain_CB_initialize
                0x18006e58        0x4 tBannerMain_tecsgen.o
                0x18006e58                tBannerMain_CB_initialize
 .text          0x18006e5c        0x0 tPutLogSIOPort_tecsgen.o
 .text.tPutLogSIOPort_CB_initialize
                0x18006e5c        0x4 tPutLogSIOPort_tecsgen.o
                0x18006e5c                tPutLogSIOPort_CB_initialize
 .text          0x18006e60        0x0 tMbedSerial_tecsgen.o
 .text.tMbedSerial_CB_initialize
                0x18006e60       0x4c tMbedSerial_tecsgen.o
                0x18006e60                tMbedSerial_CB_initialize
 .text          0x18006eac        0x0 tSIOPortGRPeachMain_tecsgen.o
 .text.tSIOPortGRPeachMain_CB_initialize
                0x18006eac        0x4 tSIOPortGRPeachMain_tecsgen.o
                0x18006eac                tSIOPortGRPeachMain_CB_initialize
 .text          0x18006eb0        0x0 tTask.o
 .text.tTask_start
                0x18006eb0        0xc tTask.o
                0x18006eb0                tTask_start
 .text          0x18006ebc        0x0 tInitializeRoutine.o
 .text.tInitializeRoutine_start
                0x18006ebc        0xc tInitializeRoutine.o
                0x18006ebc                tInitializeRoutine_start
 .text          0x18006ec8        0x0 tTerminateRoutine.o
 .text.tTerminateRoutine_start
                0x18006ec8        0xc tTerminateRoutine.o
                0x18006ec8                tTerminateRoutine_start
 .text          0x18006ed4        0x0 tSerialPortMain.o
 .text.gen_ercd_sys
                0x18006ed4       0x10 tSerialPortMain.o
 .text.gen_ercd_wait
                0x18006ee4       0x2c tSerialPortMain.o
 .text.serialPort_readChar
                0x18006f10       0xfc tSerialPortMain.o
 .text.serialPort_writeChar
                0x1800700c      0x148 tSerialPortMain.o
 .text.tSerialPortMain_eSerialPort_open
                0x18007154       0xfc tSerialPortMain.o
                0x18007154                tSerialPortMain_eSerialPort_open
 .text.tSerialPortMain_eSerialPort_close
                0x18007250      0x10c tSerialPortMain.o
                0x18007250                tSerialPortMain_eSerialPort_close
 .text.tSerialPortMain_eSerialPort_write
                0x1800735c       0xf0 tSerialPortMain.o
                0x1800735c                tSerialPortMain_eSerialPort_write
 .text.tSerialPortMain_eSerialPort_read
                0x1800744c      0x1a0 tSerialPortMain.o
                0x1800744c                tSerialPortMain_eSerialPort_read
 .text.tSerialPortMain_eSerialPort_control
                0x180075ec       0x50 tSerialPortMain.o
                0x180075ec                tSerialPortMain_eSerialPort_control
 .text.tSerialPortMain_eSerialPort_refer
                0x1800763c       0x5c tSerialPortMain.o
                0x1800763c                tSerialPortMain_eSerialPort_refer
 .text.tSerialPortMain_eiSIOCBR_readySend
                0x18007698       0xdc tSerialPortMain.o
                0x18007698                tSerialPortMain_eiSIOCBR_readySend
 .text.tSerialPortMain_eiSIOCBR_readyReceive
                0x18007774      0x218 tSerialPortMain.o
                0x18007774                tSerialPortMain_eiSIOCBR_readyReceive
 .text.tSerialPortMain_enSerialPortManage_getChar
                0x1800798c       0x74 tSerialPortMain.o
                0x1800798c                tSerialPortMain_enSerialPortManage_getChar
 .text          0x18007a00        0x0 tSerialAdapter.o
 .text.serial_opn_por
                0x18007a00       0x6c tSerialAdapter.o
                0x18007a00                serial_opn_por
 .text.serial_cls_por
                0x18007a6c       0x6c tSerialAdapter.o
                0x18007a6c                serial_cls_por
 .text.serial_trea_dat
                0x18007ad8       0x84 tSerialAdapter.o
                0x18007ad8                serial_trea_dat
 .text.serial_wri_dat
                0x18007b5c       0x7c tSerialAdapter.o
                0x18007b5c                serial_wri_dat
 .text.serial_ctl_por
                0x18007bd8       0x74 tSerialAdapter.o
                0x18007bd8                serial_ctl_por
 .text.serial_ref_por
                0x18007c4c       0x74 tSerialAdapter.o
                0x18007c4c                serial_ref_por
 .text          0x18007cc0        0x0 tSysLog.o
 .text.low_putchar
                0x18007cc0        0xc tSysLog.o
 .text.tSysLog_eSysLog_write
                0x18007ccc      0x158 tSysLog.o
                0x18007ccc                tSysLog_eSysLog_write
 .text.tSysLog_eSysLog_read
                0x18007e24       0xac tSysLog.o
                0x18007e24                tSysLog_eSysLog_read
 .text.tSysLog_eSysLog_mask
                0x18007ed0       0x34 tSysLog.o
                0x18007ed0                tSysLog_eSysLog_mask
 .text.tSysLog_eSysLog_refer
                0x18007f04       0x4c tSysLog.o
                0x18007f04                tSysLog_eSysLog_refer
 .text.tSysLog_eSysLog_flush
                0x18007f50       0x84 tSysLog.o
                0x18007f50                tSysLog_eSysLog_flush
 .text          0x18007fd4        0x0 tSysLogAdapter.o
 .text.syslog_wri_log
                0x18007fd4        0xc tSysLogAdapter.o
                0x18007fd4                syslog_wri_log
 .text.syslog_rea_log
                0x18007fe0        0xc tSysLogAdapter.o
                0x18007fe0                syslog_rea_log
 .text.syslog_msk_log
                0x18007fec        0xc tSysLogAdapter.o
                0x18007fec                syslog_msk_log
 .text.syslog_ref_log
                0x18007ff8        0xc tSysLogAdapter.o
                0x18007ff8                syslog_ref_log
 .text.syslog_fls_log
                0x18008004        0xc tSysLogAdapter.o
                0x18008004                syslog_fls_log
 .text          0x18008010        0x0 tLogTaskMain.o
 .text.logtask_putc
                0x18008010       0x28 tLogTaskMain.o
 .text.target_fput_log
                0x18008038        0xc tLogTaskMain.o
 .text.tLogTaskMain_eLogTask_flush
                0x18008044       0xb0 tLogTaskMain.o
                0x18008044                tLogTaskMain_eLogTask_flush
 .text.tLogTaskMain_eLogTaskBody_main
                0x180080f4       0xb4 tLogTaskMain.o
                0x180080f4                tLogTaskMain_eLogTaskBody_main
 .text.tLogTaskMain_eLogTaskTerminate_main
                0x180081a8       0xb8 tLogTaskMain.o
                0x180081a8                tLogTaskMain_eLogTaskTerminate_main
 .text          0x18008260        0x0 tBannerMain.o
 .text.tBannerMain_eBannerInitialize_main
                0x18008260       0x60 tBannerMain.o
                0x18008260                tBannerMain_eBannerInitialize_main
 .text          0x180082c0        0x0 tPutLogSIOPort.o
 .text.tPutLogSIOPort_initialize
                0x180082c0       0x14 tPutLogSIOPort.o
                0x180082c0                tPutLogSIOPort_initialize
 .text.tPutLogSIOPort_ePutLog_putChar
                0x180082d4       0x48 tPutLogSIOPort.o
                0x180082d4                tPutLogSIOPort_ePutLog_putChar
 .text          0x1800831c        0x0 tMbedSerial.o
 .text.tMbedSerial_eSIOPort_open
                0x1800831c       0x70 tMbedSerial.o
                0x1800831c                tMbedSerial_eSIOPort_open
 .text.tMbedSerial_eSIOPort_close
                0x1800838c       0x10 tMbedSerial.o
                0x1800838c                tMbedSerial_eSIOPort_close
 .text.tMbedSerial_eSIOPort_putChar
                0x1800839c       0x38 tMbedSerial.o
                0x1800839c                tMbedSerial_eSIOPort_putChar
 .text.tMbedSerial_eSIOPort_getChar
                0x180083d4       0x2c tMbedSerial.o
                0x180083d4                tMbedSerial_eSIOPort_getChar
 .text.tMbedSerial_eSIOPort_enableCBR
                0x18008400       0x3c tMbedSerial.o
                0x18008400                tMbedSerial_eSIOPort_enableCBR
 .text.tMbedSerial_eSIOPort_disableCBR
                0x1800843c       0x3c tMbedSerial.o
                0x1800843c                tMbedSerial_eSIOPort_disableCBR
 .text.eiRxISR_main
                0x18008478       0x24 tMbedSerial.o
                0x18008478                eiRxISR_main
 .text.eiTxISR_main
                0x1800849c       0x24 tMbedSerial.o
                0x1800849c                eiTxISR_main
 .text.mbed_serial_irq_handler
                0x180084c0       0x24 tMbedSerial.o
 .text          0x180084e4        0x0 mbed_critical_section_api.o
 .text.are_interrupts_enabled
                0x180084e4       0x14 mbed_critical_section_api.o
 .text.hal_critical_section_enter
                0x180084f8       0x40 mbed_critical_section_api.o
                0x180084f8                hal_critical_section_enter
 .text.hal_critical_section_exit
                0x18008538       0x58 mbed_critical_section_api.o
                0x18008538                hal_critical_section_exit
 .text.hal_in_critical_section
                0x18008590       0x10 mbed_critical_section_api.o
                0x18008590                hal_in_critical_section
 .text          0x180085a0        0x0 mbed_flash_api.o
 .text.flash_read
                0x180085a0       0x18 mbed_flash_api.o
                0x180085a0                flash_read
 .text          0x180085b8        0x0 mbed_gpio.o
 .text.gpio_init_in_ex
                0x180085b8       0x38 mbed_gpio.o
                0x180085b8                gpio_init_in_ex
 .text.gpio_init_in
                0x180085f0       0x10 mbed_gpio.o
                0x180085f0                gpio_init_in
 .text.gpio_init_out_ex
                0x18008600       0x54 mbed_gpio.o
                0x18008600                gpio_init_out_ex
 .text.gpio_init_out
                0x18008654       0x10 mbed_gpio.o
                0x18008654                gpio_init_out
 .text.gpio_init_inout
                0x18008664       0xb8 mbed_gpio.o
                0x18008664                gpio_init_inout
 .text          0x1800871c        0x0 mbed_lp_ticker_api.o
 .text.get_lp_ticker_data
                0x1800871c        0xc mbed_lp_ticker_api.o
                0x1800871c                get_lp_ticker_data
 .text.set_lp_ticker_irq_handler
                0x18008728       0x18 mbed_lp_ticker_api.o
                0x18008728                set_lp_ticker_irq_handler
 .text.lp_ticker_irq_handler
                0x18008740       0x28 mbed_lp_ticker_api.o
                0x18008740                lp_ticker_irq_handler
 .text          0x18008768        0x0 mbed_lp_ticker_wrapper.o
 .text          0x18008768        0x0 mbed_pinmap_common.o
 .text.pinmap_pinout
                0x18008768       0x70 mbed_pinmap_common.o
                0x18008768                pinmap_pinout
 .text.pinmap_merge
                0x180087d8       0x54 mbed_pinmap_common.o
                0x180087d8                pinmap_merge
 .text.pinmap_find_peripheral
                0x1800882c       0x28 mbed_pinmap_common.o
                0x1800882c                pinmap_find_peripheral
 .text.pinmap_peripheral
                0x18008854       0x54 mbed_pinmap_common.o
                0x18008854                pinmap_peripheral
 .text.pinmap_find_function
                0x180088a8       0x28 mbed_pinmap_common.o
                0x180088a8                pinmap_find_function
 .text.pinmap_function
                0x180088d0       0x54 mbed_pinmap_common.o
                0x180088d0                pinmap_function
 .text          0x18008924        0x0 mbed_sleep_manager.o
 .text.mbed_time_idle
                0x18008924        0xc mbed_sleep_manager.o
                0x18008924                mbed_time_idle
 .text.mbed_uptime
                0x18008930        0xc mbed_sleep_manager.o
                0x18008930                mbed_uptime
 .text.mbed_time_sleep
                0x1800893c        0xc mbed_sleep_manager.o
                0x1800893c                mbed_time_sleep
 .text.mbed_time_deepsleep
                0x18008948        0xc mbed_sleep_manager.o
                0x18008948                mbed_time_deepsleep
 .text.sleep_manager_lock_deep_sleep_internal
                0x18008954       0x70 mbed_sleep_manager.o
                0x18008954                sleep_manager_lock_deep_sleep_internal
 .text.sleep_manager_unlock_deep_sleep_internal
                0x180089c4       0x6c mbed_sleep_manager.o
                0x180089c4                sleep_manager_unlock_deep_sleep_internal
 .text.sleep_manager_can_deep_sleep
                0x18008a30       0x18 mbed_sleep_manager.o
                0x18008a30                sleep_manager_can_deep_sleep
 .text.sleep_manager_can_deep_sleep_test_check
                0x18008a48       0x40 mbed_sleep_manager.o
                0x18008a48                sleep_manager_can_deep_sleep_test_check
 .text.sleep_manager_sleep_auto
                0x18008a88       0x28 mbed_sleep_manager.o
                0x18008a88                sleep_manager_sleep_auto
 .text          0x18008ab0        0x0 mbed_mktime.o
 .text._rtc_is_leap_year
                0x18008ab0       0x24 mbed_mktime.o
                0x18008ab0                _rtc_is_leap_year
 .text._rtc_maketime
                0x18008ad4      0x148 mbed_mktime.o
                0x18008ad4                _rtc_maketime
 .text._rtc_localtime
                0x18008c1c      0x1b0 mbed_mktime.o
                0x18008c1c                _rtc_localtime
 .text          0x18008dcc        0x0 mbed_ticker_api.o
 .text.set_handler
                0x18008dcc        0xc mbed_ticker_api.o
 .text.convert_timestamp
                0x18008dd8       0x28 mbed_ticker_api.o
 .text.update_present_time
                0x18008e00      0x1cc mbed_ticker_api.o
 *fill*         0x18008fcc        0x4 
 .text.compute_tick_round_up
                0x18008fd0       0xf0 mbed_ticker_api.o
 .text._ticker_match_interval_passed
                0x180090c0       0x38 mbed_ticker_api.o
                0x180090c0                _ticker_match_interval_passed
 .text.schedule_interrupt
                0x180090f8       0xf8 mbed_ticker_api.o
 .text.initialize
                0x180091f0      0x1e0 mbed_ticker_api.o
 .text.ticker_set_handler
                0x180093d0       0x28 mbed_ticker_api.o
                0x180093d0                ticker_set_handler
 .text.ticker_irq_handler
                0x180093f8       0xac mbed_ticker_api.o
                0x180093f8                ticker_irq_handler
 .text.ticker_insert_event_us
                0x180094a4       0x84 mbed_ticker_api.o
                0x180094a4                ticker_insert_event_us
 .text.ticker_insert_event
                0x18009528       0x58 mbed_ticker_api.o
                0x18009528                ticker_insert_event
 .text.ticker_remove_event
                0x18009580       0x60 mbed_ticker_api.o
                0x18009580                ticker_remove_event
 .text.ticker_read_us
                0x180095e0       0x28 mbed_ticker_api.o
                0x180095e0                ticker_read_us
 .text.ticker_read
                0x18009608        0xc mbed_ticker_api.o
                0x18009608                ticker_read
 .text.ticker_get_next_timestamp
                0x18009614       0x40 mbed_ticker_api.o
                0x18009614                ticker_get_next_timestamp
 .text.ticker_suspend
                0x18009654       0x20 mbed_ticker_api.o
                0x18009654                ticker_suspend
 .text.ticker_resume
                0x18009674       0x5c mbed_ticker_api.o
                0x18009674                ticker_resume
 .text          0x180096d0        0x0 mbed_us_ticker_api.o
 .text.get_us_ticker_data
                0x180096d0        0xc mbed_us_ticker_api.o
                0x180096d0                get_us_ticker_data
 .text.set_us_ticker_irq_handler
                0x180096dc       0x18 mbed_us_ticker_api.o
                0x180096dc                set_us_ticker_irq_handler
 .text.us_ticker_irq_handler
                0x180096f4       0x28 mbed_us_ticker_api.o
                0x180096f4                us_ticker_irq_handler
 .text          0x1800971c        0x0 mbed_assert.o
 .text.mbed_assert_internal
                0x1800971c       0x34 mbed_assert.o
                0x1800971c                mbed_assert_internal
 .text          0x18009750        0x0 mbed_board.o
 .text.mbed_die
                0x18009750       0xa4 mbed_board.o
                0x18009750                mbed_die
 .text.mbed_error_vfprintf
                0x180097f4       0x94 mbed_board.o
                0x180097f4                mbed_error_vfprintf
 .text.mbed_error_printf
                0x18009888       0x2c mbed_board.o
                0x18009888                mbed_error_printf
 .text          0x180098b4        0x0 mbed_critical.o
 .text.core_util_are_interrupts_enabled
                0x180098b4       0x14 mbed_critical.o
                0x180098b4                core_util_are_interrupts_enabled
 .text.core_util_is_isr_active
                0x180098c8       0x28 mbed_critical.o
                0x180098c8                core_util_is_isr_active
 .text.core_util_in_critical_section
                0x180098f0        0xc mbed_critical.o
                0x180098f0                core_util_in_critical_section
 .text.core_util_critical_section_enter
                0x180098fc       0x50 mbed_critical.o
                0x180098fc                core_util_critical_section_enter
 .text.core_util_critical_section_exit
                0x1800994c       0x40 mbed_critical.o
                0x1800994c                core_util_critical_section_exit
 .text.core_util_atomic_cas_u8
                0x1800998c       0x38 mbed_critical.o
                0x1800998c                core_util_atomic_cas_u8
 .text.core_util_atomic_cas_u16
                0x180099c4       0x38 mbed_critical.o
                0x180099c4                core_util_atomic_cas_u16
 .text.core_util_atomic_cas_u32
                0x180099fc       0x34 mbed_critical.o
                0x180099fc                core_util_atomic_cas_u32
 .text.core_util_atomic_incr_u8
                0x18009a30       0x24 mbed_critical.o
                0x18009a30                core_util_atomic_incr_u8
 .text.core_util_atomic_incr_u16
                0x18009a54       0x20 mbed_critical.o
                0x18009a54                core_util_atomic_incr_u16
 .text.core_util_atomic_incr_u32
                0x18009a74       0x1c mbed_critical.o
                0x18009a74                core_util_atomic_incr_u32
 .text.core_util_atomic_decr_u8
                0x18009a90       0x24 mbed_critical.o
                0x18009a90                core_util_atomic_decr_u8
 .text.core_util_atomic_decr_u16
                0x18009ab4       0x24 mbed_critical.o
                0x18009ab4                core_util_atomic_decr_u16
 .text.core_util_atomic_decr_u32
                0x18009ad8       0x1c mbed_critical.o
                0x18009ad8                core_util_atomic_decr_u32
 .text.core_util_atomic_cas_ptr
                0x18009af4        0xc mbed_critical.o
                0x18009af4                core_util_atomic_cas_ptr
 .text.core_util_atomic_incr_ptr
                0x18009b00        0xc mbed_critical.o
                0x18009b00                core_util_atomic_incr_ptr
 .text.core_util_atomic_decr_ptr
                0x18009b0c        0xc mbed_critical.o
                0x18009b0c                core_util_atomic_decr_ptr
 .text          0x18009b18        0x0 mbed_error.o
 .text.handle_error
                0x18009b18      0x104 mbed_error.o
 .text.print_error_report
                0x18009c1c      0x17c mbed_error.o
 .text.mbed_halt_system
                0x18009d98       0x2c mbed_error.o
 .text.error    0x18009dc4       0x84 mbed_error.o
 .text.mbed_get_first_error
                0x18009e48       0x10 mbed_error.o
                0x18009e48                mbed_get_first_error
 .text.mbed_get_last_error
                0x18009e58       0x10 mbed_error.o
                0x18009e58                mbed_get_last_error
 .text.mbed_get_error_count
                0x18009e68       0x10 mbed_error.o
                0x18009e68                mbed_get_error_count
 .text.mbed_warning
                0x18009e78       0x24 mbed_error.o
                0x18009e78                mbed_warning
 .text.mbed_error
                0x18009e9c       0x4c mbed_error.o
                0x18009e9c                mbed_error
 .text.mbed_set_error_hook
                0x18009ee8       0x28 mbed_error.o
                0x18009ee8                mbed_set_error_hook
 .text.mbed_get_first_error_info
                0x18009f10       0x1c mbed_error.o
                0x18009f10                mbed_get_first_error_info
 .text.mbed_get_last_error_info
                0x18009f2c       0x1c mbed_error.o
                0x18009f2c                mbed_get_last_error_info
 .text.mbed_make_error
                0x18009f48       0x88 mbed_error.o
                0x18009f48                mbed_make_error
 .text.mbed_clear_all_errors
                0x18009fd0       0x24 mbed_error.o
                0x18009fd0                mbed_clear_all_errors
 .text          0x18009ff4        0x0 mbed_error_hist.o
 .text          0x18009ff4        0x0 mbed_interface.o
 .text.mbed_interface_connected
                0x18009ff4        0xc mbed_interface.o
                0x18009ff4                mbed_interface_connected
 .text.mbed_interface_reset
                0x1800a000       0x24 mbed_interface.o
                0x1800a000                mbed_interface_reset
 .text.mbed_interface_uid
                0x1800a024       0x30 mbed_interface.o
                0x1800a024                mbed_interface_uid
 .text.mbed_interface_disconnect
                0x1800a054       0x34 mbed_interface.o
                0x1800a054                mbed_interface_disconnect
 .text.mbed_interface_powerdown
                0x1800a088       0x34 mbed_interface.o
                0x1800a088                mbed_interface_powerdown
 .text.mbed_reset
                0x1800a0bc        0xc mbed_interface.o
                0x1800a0bc                mbed_reset
 .text.mbed_uid
                0x1800a0c8        0xc mbed_interface.o
                0x1800a0c8                mbed_uid
 .text.mbed_mac_address
                0x1800a0d4       0x90 mbed_interface.o
                0x1800a0d4                mbed_mac_address
 .text          0x1800a164        0x0 mbed_rtc_time.o
 .text.set_time
                0x1800a164       0x40 mbed_rtc_time.o
                0x1800a164                set_time
 .text.get_time
                0x1800a1a4       0x60 mbed_rtc_time.o
                0x1800a1a4                get_time
 .text.get_clock
                0x1800a204        0xc mbed_rtc_time.o
                0x1800a204                get_clock
 .text.attach_rtc
                0x1800a210       0x50 mbed_rtc_time.o
                0x1800a210                attach_rtc
 .text          0x1800a260        0x0 mbed_semihost_api.o
 .text.semihost_exit
                0x1800a260       0x2c mbed_semihost_api.o
                0x1800a260                semihost_exit
 .text.semihost_uid
                0x1800a28c       0x38 mbed_semihost_api.o
                0x1800a28c                semihost_uid
 .text.semihost_reset
                0x1800a2c4       0x24 mbed_semihost_api.o
                0x1800a2c4                semihost_reset
 .text.semihost_vbus
                0x1800a2e8       0x24 mbed_semihost_api.o
                0x1800a2e8                semihost_vbus
 .text.semihost_powerdown
                0x1800a30c       0x24 mbed_semihost_api.o
                0x1800a30c                semihost_powerdown
 .text.semihost_connected
                0x1800a330       0x10 mbed_semihost_api.o
                0x1800a330                semihost_connected
 .text.semihost_disabledebug
                0x1800a340       0x3c mbed_semihost_api.o
                0x1800a340                semihost_disabledebug
 .text          0x1800a37c        0x0 mbed_stats.o
 .text.mbed_stats_cpu_get
                0x1800a37c       0x3c mbed_stats.o
                0x1800a37c                mbed_stats_cpu_get
 .text.mbed_stats_stack_get
                0x1800a3b8       0x3c mbed_stats.o
                0x1800a3b8                mbed_stats_stack_get
 .text.mbed_stats_stack_get_each
                0x1800a3f4       0x44 mbed_stats.o
                0x1800a3f4                mbed_stats_stack_get_each
 .text.mbed_stats_thread_get_each
                0x1800a438       0x48 mbed_stats.o
                0x1800a438                mbed_stats_thread_get_each
 .text.mbed_stats_sys_get
                0x1800a480       0x3c mbed_stats.o
                0x1800a480                mbed_stats_sys_get
 .text          0x1800a4bc        0x0 PeripheralPins.o
 .text          0x1800a4bc        0x0 RZ_A1_Init.o
 .text.RZ_A1_SetSramWriteEnable
                0x1800a4bc       0x14 RZ_A1_Init.o
                0x1800a4bc                RZ_A1_SetSramWriteEnable
 .text.RZ_A1_InitClock
                0x1800a4d0       0x28 RZ_A1_Init.o
                0x1800a4d0                RZ_A1_InitClock
 .text.RZ_A1_IsClockMode0
                0x1800a4f8        0x8 RZ_A1_Init.o
                0x1800a4f8                RZ_A1_IsClockMode0
 .text.RZ_A1_InitBus
                0x1800a500        0x4 RZ_A1_Init.o
                0x1800a500                RZ_A1_InitBus
 .text          0x1800a504        0x0 mbed_sf_boot.o
 .text          0x1800a504        0x0 mmu_RZ_A1H.o
 .text.MMU_CreateTranslationTable
                0x1800a504     0x1c44 mmu_RZ_A1H.o
                0x1800a504                MMU_CreateTranslationTable
 .text          0x1800c148        0x0 system_RZ_A1H.o
 .text.SystemCoreClockUpdate
                0x1800c148       0x88 system_RZ_A1H.o
                0x1800c148                SystemCoreClockUpdate
 .text.InterruptHandlerRegister
                0x1800c1d0        0xc system_RZ_A1H.o
                0x1800c1d0                InterruptHandlerRegister
 .text.InterruptHandlerUnregister
                0x1800c1dc       0x10 system_RZ_A1H.o
                0x1800c1dc                InterruptHandlerUnregister
 .text.SystemInit
                0x1800c1ec      0x238 system_RZ_A1H.o
                0x1800c1ec                SystemInit
 .text.mbed_sdk_init
                0x1800c424       0xe0 system_RZ_A1H.o
                0x1800c424                mbed_sdk_init
 .text          0x1800c504        0x0 trng_api_esp32.o
 .text          0x1800c504        0x0 analogin_api.o
 .text.analogin_init
                0x1800c504       0x8c analogin_api.o
                0x1800c504                analogin_init
 .text.analogin_read_u16
                0x1800c590       0x9c analogin_api.o
                0x1800c590                analogin_read_u16
 .text.analogin_read
                0x1800c62c       0xa8 analogin_api.o
                0x1800c62c                analogin_read
 .text          0x1800c6d4        0x0 can_api.o
 .text.can_rec_irq
                0x1800c6d4       0x44 can_api.o
 .text.can_trx_irq
                0x1800c718       0x40 can_api.o
 .text.can_err_irq
                0x1800c758       0xd4 can_api.o
 .text.can0_rec_irq
                0x1800c82c       0x10 can_api.o
 .text.can0_trx_irq
                0x1800c83c       0x10 can_api.o
 .text.can0_err_warning_irq
                0x1800c84c       0x14 can_api.o
 .text.can0_overrun_irq
                0x1800c860       0x14 can_api.o
 .text.can0_passive_irq
                0x1800c874       0x14 can_api.o
 .text.can0_arb_lost_irq
                0x1800c888       0x14 can_api.o
 .text.can0_bus_err_irq
                0x1800c89c       0x14 can_api.o
 .text.can1_rec_irq
                0x1800c8b0       0x10 can_api.o
 .text.can1_trx_irq
                0x1800c8c0       0x10 can_api.o
 .text.can1_err_warning_irq
                0x1800c8d0       0x14 can_api.o
 .text.can1_overrun_irq
                0x1800c8e4       0x14 can_api.o
 .text.can1_passive_irq
                0x1800c8f8       0x14 can_api.o
 .text.can1_arb_lost_irq
                0x1800c90c       0x14 can_api.o
 .text.can1_bus_err_irq
                0x1800c920       0x14 can_api.o
 .text.can2_rec_irq
                0x1800c934       0x10 can_api.o
 .text.can2_trx_irq
                0x1800c944       0x10 can_api.o
 .text.can2_err_warning_irq
                0x1800c954       0x14 can_api.o
 .text.can2_overrun_irq
                0x1800c968       0x14 can_api.o
 .text.can2_passive_irq
                0x1800c97c       0x14 can_api.o
 .text.can2_arb_lost_irq
                0x1800c990       0x14 can_api.o
 .text.can2_bus_err_irq
                0x1800c9a4       0x14 can_api.o
 .text.can3_rec_irq
                0x1800c9b8       0x10 can_api.o
 .text.can3_trx_irq
                0x1800c9c8       0x10 can_api.o
 .text.can3_err_warning_irq
                0x1800c9d8       0x14 can_api.o
 .text.can3_overrun_irq
                0x1800c9ec       0x14 can_api.o
 .text.can3_passive_irq
                0x1800ca00       0x14 can_api.o
 .text.can3_arb_lost_irq
                0x1800ca14       0x14 can_api.o
 .text.can3_bus_err_irq
                0x1800ca28       0x14 can_api.o
 .text.can4_rec_irq
                0x1800ca3c       0x10 can_api.o
 .text.can4_trx_irq
                0x1800ca4c       0x10 can_api.o
 .text.can4_err_warning_irq
                0x1800ca5c       0x14 can_api.o
 .text.can4_overrun_irq
                0x1800ca70       0x14 can_api.o
 .text.can4_passive_irq
                0x1800ca84       0x14 can_api.o
 .text.can4_arb_lost_irq
                0x1800ca98       0x14 can_api.o
 .text.can4_bus_err_irq
                0x1800caac       0x14 can_api.o
 .text.can_reset_recv_rule
                0x1800cac0       0x74 can_api.o
 .text.can_reset_buffer
                0x1800cb34       0xdc can_api.o
 .text.can_set_global_mode
                0x1800cc10       0x40 can_api.o
 .text.can_set_channel_mode
                0x1800cc50       0x48 can_api.o
 .text.can_reconfigure_channel
                0x1800cc98       0x74 can_api.o
 *fill*         0x1800cd0c        0x4 
 .text.can_set_frequency
                0x1800cd10      0x100 can_api.o
 .text.can_reset_reg
                0x1800ce10       0x60 can_api.o
 .text.can_irq_init
                0x1800ce70       0x20 can_api.o
                0x1800ce70                can_irq_init
 .text.can_irq_free
                0x1800ce90       0x18 can_api.o
                0x1800ce90                can_irq_free
 .text.can_irq_set
                0x1800cea8      0x19c can_api.o
                0x1800cea8                can_irq_set
 .text.can_free
                0x1800d044       0x18 can_api.o
                0x1800d044                can_free
 .text.can_frequency
                0x1800d05c       0x84 can_api.o
                0x1800d05c                can_frequency
 .text.can_init_freq
                0x1800d0e0      0x12c can_api.o
                0x1800d0e0                can_init_freq
 .text.can_init
                0x1800d20c       0x14 can_api.o
                0x1800d20c                can_init
 .text.can_reset
                0x1800d220       0x2c can_api.o
                0x1800d220                can_reset
 .text.can_write
                0x1800d24c      0x168 can_api.o
                0x1800d24c                can_write
 .text.can_read
                0x1800d3b4      0x12c can_api.o
                0x1800d3b4                can_read
 .text.can_rderror
                0x1800d4e0       0x1c can_api.o
                0x1800d4e0                can_rderror
 .text.can_tderror
                0x1800d4fc       0x1c can_api.o
                0x1800d4fc                can_tderror
 .text.can_mode
                0x1800d518      0x24c can_api.o
                0x1800d518                can_mode
 .text.can_filter
                0x1800d764       0xf0 can_api.o
                0x1800d764                can_filter
 .text.can_monitor
                0x1800d854       0x7c can_api.o
                0x1800d854                can_monitor
 .text          0x1800d8d0        0x0 cmsis_nvic.o
 .text.NVIC_SetVector
                0x1800d8d0        0xc cmsis_nvic.o
                0x1800d8d0                NVIC_SetVector
 .text.NVIC_GetVector
                0x1800d8dc        0xc cmsis_nvic.o
                0x1800d8dc                NVIC_GetVector
 .text          0x1800d8e8        0x0 irq_ctrl_gic.o
 .text.IRQ_Initialize
                0x1800d8e8      0x1f4 irq_ctrl_gic.o
 .text.IRQ_SetHandler
                0x1800dadc       0x28 irq_ctrl_gic.o
                0x1800dadc                IRQ_SetHandler
 .text.IRQ_GetHandler
                0x1800db04       0x28 irq_ctrl_gic.o
                0x1800db04                IRQ_GetHandler
 .text.IRQ_Enable
                0x1800db2c       0x40 irq_ctrl_gic.o
                0x1800db2c                IRQ_Enable
 .text.IRQ_Disable
                0x1800db6c       0x40 irq_ctrl_gic.o
                0x1800db6c                IRQ_Disable
 .text.IRQ_GetEnableState
                0x1800dbac       0x3c irq_ctrl_gic.o
                0x1800dbac                IRQ_GetEnableState
 .text.IRQ_SetMode
                0x1800dbe8      0x12c irq_ctrl_gic.o
                0x1800dbe8                IRQ_SetMode
 .text.IRQ_GetMode
                0x1800dd14       0x6c irq_ctrl_gic.o
                0x1800dd14                IRQ_GetMode
 .text.IRQ_GetActiveIRQ
                0x1800dd80       0xb8 irq_ctrl_gic.o
                0x1800dd80                IRQ_GetActiveIRQ
 .text.IRQ_GetActiveFIQ
                0x1800de38        0x8 irq_ctrl_gic.o
                0x1800de38                IRQ_GetActiveFIQ
 .text.IRQ_EndOfInterrupt
                0x1800de40       0x4c irq_ctrl_gic.o
                0x1800de40                IRQ_EndOfInterrupt
 .text.IRQ_SetPending
                0x1800de8c       0x74 irq_ctrl_gic.o
                0x1800de8c                IRQ_SetPending
 .text.IRQ_GetPending
                0x1800df00       0x80 irq_ctrl_gic.o
                0x1800df00                IRQ_GetPending
 .text.IRQ_ClearPending
                0x1800df80       0x78 irq_ctrl_gic.o
                0x1800df80                IRQ_ClearPending
 .text.IRQ_SetPriority
                0x1800dff8       0x54 irq_ctrl_gic.o
                0x1800dff8                IRQ_SetPriority
 .text.IRQ_GetPriority
                0x1800e04c       0x40 irq_ctrl_gic.o
                0x1800e04c                IRQ_GetPriority
 .text.IRQ_SetPriorityMask
                0x1800e08c       0x18 irq_ctrl_gic.o
                0x1800e08c                IRQ_SetPriorityMask
 .text.IRQ_GetPriorityMask
                0x1800e0a4       0x10 irq_ctrl_gic.o
                0x1800e0a4                IRQ_GetPriorityMask
 .text.IRQ_SetPriorityGroupBits
                0x1800e0b4       0x40 irq_ctrl_gic.o
                0x1800e0b4                IRQ_SetPriorityGroupBits
 .text.IRQ_GetPriorityGroupBits
                0x1800e0f4       0x18 irq_ctrl_gic.o
                0x1800e0f4                IRQ_GetPriorityGroupBits
 .text          0x1800e10c        0x0 nvic_wrapper.o
 .text.NVIC_SetPriorityGrouping
                0x1800e10c       0x14 nvic_wrapper.o
                0x1800e10c                NVIC_SetPriorityGrouping
 .text.NVIC_GetPriorityGrouping
                0x1800e120       0x10 nvic_wrapper.o
                0x1800e120                NVIC_GetPriorityGrouping
 .text.NVIC_EnableIRQ
                0x1800e130       0x24 nvic_wrapper.o
                0x1800e130                NVIC_EnableIRQ
 .text.NVIC_DisableIRQ
                0x1800e154       0x24 nvic_wrapper.o
                0x1800e154                NVIC_DisableIRQ
 .text.NVIC_GetPendingIRQ
                0x1800e178       0x2c nvic_wrapper.o
                0x1800e178                NVIC_GetPendingIRQ
 .text.NVIC_SetPendingIRQ
                0x1800e1a4       0x54 nvic_wrapper.o
                0x1800e1a4                NVIC_SetPendingIRQ
 .text.NVIC_ClearPendingIRQ
                0x1800e1f8       0x54 nvic_wrapper.o
                0x1800e1f8                NVIC_ClearPendingIRQ
 .text.NVIC_GetActive
                0x1800e24c       0x2c nvic_wrapper.o
                0x1800e24c                NVIC_GetActive
 .text.NVIC_SetPriority
                0x1800e278       0x3c nvic_wrapper.o
                0x1800e278                NVIC_SetPriority
 .text.NVIC_GetPriority
                0x1800e2b4       0x28 nvic_wrapper.o
                0x1800e2b4                NVIC_GetPriority
 .text.NVIC_EncodePriority
                0x1800e2dc       0x40 nvic_wrapper.o
                0x1800e2dc                NVIC_EncodePriority
 .text.NVIC_DecodePriority
                0x1800e31c       0x48 nvic_wrapper.o
                0x1800e31c                NVIC_DecodePriority
 .text.NVIC_SystemReset
                0x1800e364       0x40 nvic_wrapper.o
                0x1800e364                NVIC_SystemReset
 .text.SysTick_Config
                0x1800e3a4        0x8 nvic_wrapper.o
                0x1800e3a4                SysTick_Config
 .text.ITM_SendChar
                0x1800e3ac        0x4 nvic_wrapper.o
                0x1800e3ac                ITM_SendChar
 .text.ITM_ReceiveChar
                0x1800e3b0        0x8 nvic_wrapper.o
                0x1800e3b0                ITM_ReceiveChar
 .text.ITM_CheckChar
                0x1800e3b8        0x8 nvic_wrapper.o
                0x1800e3b8                ITM_CheckChar
 .text          0x1800e3c0        0x0 rza_io_regrw.o
 .text.RZA_IO_RegWrite_8
                0x1800e3c0       0x1c rza_io_regrw.o
                0x1800e3c0                RZA_IO_RegWrite_8
 .text.RZA_IO_RegWrite_16
                0x1800e3dc       0x1c rza_io_regrw.o
                0x1800e3dc                RZA_IO_RegWrite_16
 .text.RZA_IO_RegWrite_32
                0x1800e3f8       0x14 rza_io_regrw.o
                0x1800e3f8                RZA_IO_RegWrite_32
 .text.RZA_IO_RegRead_8
                0x1800e40c       0x14 rza_io_regrw.o
                0x1800e40c                RZA_IO_RegRead_8
 .text.RZA_IO_RegRead_16
                0x1800e420       0x14 rza_io_regrw.o
                0x1800e420                RZA_IO_RegRead_16
 .text.RZA_IO_RegRead_32
                0x1800e434       0x10 rza_io_regrw.o
                0x1800e434                RZA_IO_RegRead_32
 .text          0x1800e444        0x0 ethernet_api.o
 .text.lan_reg_reset
                0x1800e444       0x70 ethernet_api.o
 .text.lan_reg_set
                0x1800e4b4      0x2ec ethernet_api.o
 .text.set_ether_pir
                0x1800e7a0       0x24 ethernet_api.o
 .text.mii_write_1
                0x1800e7c4       0x28 ethernet_api.o
 .text.mii_preamble
                0x1800e7ec       0x20 ethernet_api.o
 .text.mii_write_0
                0x1800e80c       0x28 ethernet_api.o
 .text.mii_cmd  0x1800e834       0x50 ethernet_api.o
 .text.mii_reg_write
                0x1800e884       0x3c ethernet_api.o
 .text.mii_z    0x1800e8c0       0x28 ethernet_api.o
 .text.phy_reg_write
                0x1800e8e8       0x34 ethernet_api.o
 .text.mii_reg_read
                0x1800e91c       0x64 ethernet_api.o
 .text.phy_reg_read
                0x1800e980       0x38 ethernet_api.o
 .text.wait_100us
                0x1800e9b8       0x2c ethernet_api.o
 .text.lan_desc_create
                0x1800e9e4      0x11c ethernet_api.o
 .text.ethernetext_start_stop
                0x1800eb00       0x70 ethernet_api.o
                0x1800eb00                ethernetext_start_stop
 .text.ethernetext_chk_link_mode
                0x1800eb70       0xa0 ethernet_api.o
                0x1800eb70                ethernetext_chk_link_mode
 .text.ethernetext_set_link_mode
                0x1800ec10       0x1c ethernet_api.o
                0x1800ec10                ethernetext_set_link_mode
 .text.ethernetext_remove_multicast_group
                0x1800ec2c       0xe0 ethernet_api.o
                0x1800ec2c                ethernetext_remove_multicast_group
 .text.ethernetext_set_all_multicast
                0x1800ed0c       0x58 ethernet_api.o
                0x1800ed0c                ethernetext_set_all_multicast
 .text.ethernetext_add_multicast_group
                0x1800ed64       0xfc ethernet_api.o
                0x1800ed64                ethernetext_add_multicast_group
 .text.ethernet_free
                0x1800ee60       0x2c ethernet_api.o
                0x1800ee60                ethernet_free
 .text.ethernet_write
                0x1800ee8c       0xd0 ethernet_api.o
                0x1800ee8c                ethernet_write
 .text.ethernet_send
                0x1800ef5c       0xe8 ethernet_api.o
                0x1800ef5c                ethernet_send
 .text.ethernet_receive
                0x1800f044      0x178 ethernet_api.o
                0x1800f044                ethernet_receive
 .text.ethernet_read
                0x1800f1bc       0x90 ethernet_api.o
                0x1800f1bc                ethernet_read
 .text.ethernet_address
                0x1800f24c       0x14 ethernet_api.o
                0x1800f24c                ethernet_address
 .text.ethernetext_init
                0x1800f260      0x290 ethernet_api.o
                0x1800f260                ethernetext_init
 .text.ethernet_link
                0x1800f4f0       0x24 ethernet_api.o
                0x1800f4f0                ethernet_link
 .text.ethernet_set_link
                0x1800f514       0x74 ethernet_api.o
                0x1800f514                ethernet_set_link
 .text.ethernet_init
                0x1800f588       0x3c ethernet_api.o
                0x1800f588                ethernet_init
 .text.INT_Ether
                0x1800f5c4       0x6c ethernet_api.o
                0x1800f5c4                INT_Ether
 .text          0x1800f630        0x0 flash_api.o
 .text.flash_init
                0x1800f630        0x8 flash_api.o
                0x1800f630                flash_init
 .text.flash_free
                0x1800f638        0x8 flash_api.o
                0x1800f638                flash_free
 .text.flash_erase_sector
                0x1800f640       0x24 flash_api.o
                0x1800f640                flash_erase_sector
 .text.flash_program_page
                0x1800f664       0x34 flash_api.o
                0x1800f664                flash_program_page
 .text.flash_get_sector_size
                0x1800f698       0x1c flash_api.o
                0x1800f698                flash_get_sector_size
 .text.flash_get_page_size
                0x1800f6b4        0x8 flash_api.o
                0x1800f6b4                flash_get_page_size
 .text.flash_get_start_address
                0x1800f6bc        0x8 flash_api.o
                0x1800f6bc                flash_get_start_address
 .text.flash_get_size
                0x1800f6c4        0x8 flash_api.o
                0x1800f6c4                flash_get_size
 .text          0x1800f6cc        0x0 gpio_api.o
 .text.gpio_set
                0x1800f6cc       0x20 gpio_api.o
                0x1800f6cc                gpio_set
 .text.gpio_init
                0x1800f6ec       0x78 gpio_api.o
                0x1800f6ec                gpio_init
 .text.gpio_mode
                0x1800f764        0x4 gpio_api.o
                0x1800f764                gpio_mode
 .text.gpio_dir
                0x1800f768       0x64 gpio_api.o
                0x1800f768                gpio_dir
 .text          0x1800f7cc        0x0 gpio_irq_api.o
 .text.handle_interrupt_in
                0x1800f7cc       0xec gpio_irq_api.o
 .text.gpio_irq0
                0x1800f8b8       0x10 gpio_irq_api.o
 .text.gpio_irq1
                0x1800f8c8       0x10 gpio_irq_api.o
 .text.gpio_irq2
                0x1800f8d8       0x10 gpio_irq_api.o
 .text.gpio_irq3
                0x1800f8e8       0x10 gpio_irq_api.o
 .text.gpio_irq4
                0x1800f8f8       0x10 gpio_irq_api.o
 .text.gpio_irq5
                0x1800f908       0x10 gpio_irq_api.o
 .text.gpio_irq6
                0x1800f918       0x10 gpio_irq_api.o
 .text.gpio_irq7
                0x1800f928       0x10 gpio_irq_api.o
 .text.gpio_irq_init
                0x1800f938      0x134 gpio_irq_api.o
                0x1800f938                gpio_irq_init
 .text.gpio_irq_free
                0x1800fa6c       0x18 gpio_irq_api.o
                0x1800fa6c                gpio_irq_free
 .text.gpio_irq_set
                0x1800fa84      0x11c gpio_irq_api.o
                0x1800fa84                gpio_irq_set
 .text.gpio_irq_enable
                0x1800fba0       0x5c gpio_irq_api.o
                0x1800fba0                gpio_irq_enable
 .text.gpio_irq_disable
                0x1800fbfc       0x38 gpio_irq_api.o
                0x1800fbfc                gpio_irq_disable
 .text          0x1800fc34        0x0 i2c_api.o
 .text.i2c_reg_reset
                0x1800fc34       0xf0 i2c_api.o
 .text.i2c_wait_TDRE
                0x1800fd24       0x44 i2c_api.o
 .text.i2c_wait_TEND
                0x1800fd68       0x44 i2c_api.o
 .text.i2c_wait_START
                0x1800fdac       0x44 i2c_api.o
 .text.i2c_wait_STOP
                0x1800fdf0       0x44 i2c_api.o
 .text.i2c_set_STOP
                0x1800fe34       0x38 i2c_api.o
 .text.i2c_set_SR2_NACKF_STOP
                0x1800fe6c       0x34 i2c_api.o
 .text.i2c_set_MR3_NACK
                0x1800fea0       0x48 i2c_api.o
 .text.i2c_set_MR3_ACK
                0x1800fee8       0x48 i2c_api.o
 .text.i2c_set_err_noslave
                0x1800ff30       0x28 i2c_api.o
 .text.i2c_irqs_set
                0x1800ff58      0x178 i2c_api.o
 .text.i2c_transfer_finished
                0x180100d0       0x4c i2c_api.o
 .text.i2c_start
                0x1801011c       0x44 i2c_api.o
                0x1801011c                i2c_start
 .text.i2c_stop
                0x18010160       0x24 i2c_api.o
                0x18010160                i2c_stop
 *fill*         0x18010184        0x4 
 .text.i2c_frequency
                0x18010188      0x278 i2c_api.o
                0x18010188                i2c_frequency
 .text.i2c_init
                0x18010400      0x140 i2c_api.o
                0x18010400                i2c_init
 .text.i2c_read
                0x18010540      0x4a4 i2c_api.o
                0x18010540                i2c_read
 .text.i2c_write
                0x180109e4      0x228 i2c_api.o
                0x180109e4                i2c_write
 .text.i2c_reset
                0x18010c0c       0x20 i2c_api.o
                0x18010c0c                i2c_reset
 .text.i2c_byte_read
                0x18010c2c       0xb4 i2c_api.o
                0x18010c2c                i2c_byte_read
 .text.i2c_byte_write
                0x18010ce0       0xdc i2c_api.o
                0x18010ce0                i2c_byte_write
 .text.i2c_slave_mode
                0x18010dbc       0x48 i2c_api.o
                0x18010dbc                i2c_slave_mode
 .text.i2c_slave_receive
                0x18010e04       0x58 i2c_api.o
                0x18010e04                i2c_slave_receive
 .text.i2c_slave_read
                0x18010e5c      0x128 i2c_api.o
                0x18010e5c                i2c_slave_read
 .text.i2c_slave_write
                0x18010f84       0xfc i2c_api.o
                0x18010f84                i2c_slave_write
 .text.i2c_slave_address
                0x18011080       0x1c i2c_api.o
                0x18011080                i2c_slave_address
 .text.i2c_irq_handler_asynch
                0x1801109c       0x20 i2c_api.o
                0x1801109c                i2c_irq_handler_asynch
 .text.i2c_active
                0x180110bc       0x24 i2c_api.o
                0x180110bc                i2c_active
 .text.i2c_abort_asynch
                0x180110e0       0x34 i2c_api.o
                0x180110e0                i2c_abort_asynch
 .text.i2c_transfer_asynch
                0x18011114      0x27c i2c_api.o
                0x18011114                i2c_transfer_asynch
 .text.i2c_err_irq
                0x18011390       0x44 i2c_api.o
 .text.i2c3_to_irq
                0x180113d4       0x14 i2c_api.o
 .text.i2c3_al_irq
                0x180113e8       0x14 i2c_api.o
 .text.i2c2_to_irq
                0x180113fc       0x14 i2c_api.o
 .text.i2c2_al_irq
                0x18011410       0x14 i2c_api.o
 .text.i2c1_to_irq
                0x18011424       0x14 i2c_api.o
 .text.i2c1_al_irq
                0x18011438       0x14 i2c_api.o
 .text.i2c0_to_irq
                0x1801144c       0x14 i2c_api.o
 .text.i2c0_al_irq
                0x18011460       0x14 i2c_api.o
 .text.i2c_rx_irq
                0x18011474      0x2d8 i2c_api.o
 .text.i2c3_rx_irq
                0x1801174c       0x14 i2c_api.o
 .text.i2c2_rx_irq
                0x18011760       0x14 i2c_api.o
 .text.i2c1_rx_irq
                0x18011774       0x14 i2c_api.o
 .text.i2c0_rx_irq
                0x18011788       0x14 i2c_api.o
 .text.i2c_tx_irq
                0x1801179c      0x2a4 i2c_api.o
 .text.i2c3_tx_irq
                0x18011a40       0x14 i2c_api.o
 .text.i2c2_tx_irq
                0x18011a54       0x14 i2c_api.o
 .text.i2c1_tx_irq
                0x18011a68       0x14 i2c_api.o
 .text.i2c0_tx_irq
                0x18011a7c       0x14 i2c_api.o
 .text          0x18011a90        0x0 lp_ticker.o
 .text.lp_ticker_init
                0x18011a90       0xa0 lp_ticker.o
                0x18011a90                lp_ticker_init
 .text.lp_ticker_free
                0x18011b30       0x44 lp_ticker.o
                0x18011b30                lp_ticker_free
 .text.lp_ticker_read
                0x18011b74       0x14 lp_ticker.o
                0x18011b74                lp_ticker_read
 .text.lp_ticker_set_interrupt
                0x18011b88       0x34 lp_ticker.o
                0x18011b88                lp_ticker_set_interrupt
 .text.lp_ticker_fire_interrupt
                0x18011bbc       0x18 lp_ticker.o
                0x18011bbc                lp_ticker_fire_interrupt
 .text.lp_ticker_disable_interrupt
                0x18011bd4       0x14 lp_ticker.o
                0x18011bd4                lp_ticker_disable_interrupt
 .text.lp_ticker_clear_interrupt
                0x18011be8       0x28 lp_ticker.o
                0x18011be8                lp_ticker_clear_interrupt
 .text.lp_ticker_get_info
                0x18011c10        0xc lp_ticker.o
                0x18011c10                lp_ticker_get_info
 .text          0x18011c1c        0x0 mtu2.o
 .text.mtu2_init
                0x18011c1c       0x40 mtu2.o
                0x18011c1c                mtu2_init
 .text.mtu2_free
                0x18011c5c       0x4c mtu2.o
                0x18011c5c                mtu2_free
 .text          0x18011ca8        0x0 pinmap.o
 .text.pin_function
                0x18011ca8      0x270 pinmap.o
                0x18011ca8                pin_function
 .text.pin_mode
                0x18011f18        0x4 pinmap.o
                0x18011f18                pin_mode
 .text          0x18011f1c        0x0 port_api.o
 .text.port_pin
                0x18011f1c        0xc port_api.o
                0x18011f1c                port_pin
 .text.port_mode
                0x18011f28       0x4c port_api.o
                0x18011f28                port_mode
 .text.port_dir
                0x18011f74       0x68 port_api.o
                0x18011f74                port_dir
 .text.port_init
                0x18011fdc       0x98 port_api.o
                0x18011fdc                port_init
 .text.port_write
                0x18012074       0x18 port_api.o
                0x18012074                port_write
 .text.port_read
                0x1801208c       0x14 port_api.o
                0x1801208c                port_read
 .text          0x180120a0        0x0 pwmout_api.o
 .text.set_duty_again
                0x180120a0       0x50 pwmout_api.o
 .text.set_mtu2_duty_again
                0x180120f0       0x44 pwmout_api.o
 .text.pwmout_write
                0x18012134      0x14c pwmout_api.o
                0x18012134                pwmout_write
 .text.pwmout_free
                0x18012280       0x18 pwmout_api.o
                0x18012280                pwmout_free
 .text.pwmout_read
                0x18012298       0xc0 pwmout_api.o
                0x18012298                pwmout_read
 .text.pwmout_period_us
                0x18012358      0x448 pwmout_api.o
                0x18012358                pwmout_period_us
 .text.pwmout_init
                0x180127a0      0x268 pwmout_api.o
                0x180127a0                pwmout_init
 .text.pwmout_period
                0x18012a08       0x20 pwmout_api.o
                0x18012a08                pwmout_period
 .text.pwmout_period_ms
                0x18012a28       0x14 pwmout_api.o
                0x18012a28                pwmout_period_ms
 .text.pwmout_pulsewidth_us
                0x18012a3c       0xd0 pwmout_api.o
                0x18012a3c                pwmout_pulsewidth_us
 .text.pwmout_pulsewidth
                0x18012b0c       0x20 pwmout_api.o
                0x18012b0c                pwmout_pulsewidth
 .text.pwmout_pulsewidth_ms
                0x18012b2c       0x14 pwmout_api.o
                0x18012b2c                pwmout_pulsewidth_ms
 .text          0x18012b40        0x0 rtc_api.o
 .text.rtc_dec8_to_hex
                0x18012b40       0x70 rtc_api.o
 .text.rtc_dec16_to_hex
                0x18012bb0       0xcc rtc_api.o
 .text.rtc_hex8_to_dec
                0x18012c7c       0x38 rtc_api.o
 .text.rtc_hex16_to_dec
                0x18012cb4       0x98 rtc_api.o
 .text.rtc_init
                0x18012d4c       0x90 rtc_api.o
                0x18012d4c                rtc_init
 .text.rtc_free
                0x18012ddc        0x4 rtc_api.o
                0x18012ddc                rtc_free
 .text.rtc_isenabled
                0x18012de0       0x24 rtc_api.o
                0x18012de0                rtc_isenabled
 .text.rtc_read
                0x18012e04      0x104 rtc_api.o
                0x18012e04                rtc_read
 .text.rtc_write
                0x18012f08       0xfc rtc_api.o
                0x18012f08                rtc_write
 .text          0x18013004        0x0 serial_api.o
 .text.serial_available_buffer
                0x18013004        0x8 serial_api.o
 .text.serial_put_done
                0x1801300c       0x4c serial_api.o
 .text.uart_tx_irq
                0x18013058      0x128 serial_api.o
 .text.uart7_tx_irq
                0x18013180       0x14 serial_api.o
 .text.uart6_tx_irq
                0x18013194       0x14 serial_api.o
 .text.uart5_tx_irq
                0x180131a8       0x14 serial_api.o
 .text.uart4_tx_irq
                0x180131bc       0x14 serial_api.o
 .text.uart3_tx_irq
                0x180131d0       0x14 serial_api.o
 .text.uart2_tx_irq
                0x180131e4       0x14 serial_api.o
 .text.uart1_tx_irq
                0x180131f8       0x14 serial_api.o
 .text.uart0_tx_irq
                0x1801320c       0x14 serial_api.o
 .text.serial_irq_set_irq
                0x18013220       0x84 serial_api.o
 .text.serial_irq_err_set
                0x180132a4       0x58 serial_api.o
 .text.serial_free
                0x180132fc       0x24 serial_api.o
                0x180132fc                serial_free
 .text.serial_baud
                0x18013320      0x128 serial_api.o
                0x18013320                serial_baud
 .text.serial_format
                0x18013448       0xe8 serial_api.o
                0x18013448                serial_format
 .text.serial_init
                0x18013530      0x1c8 serial_api.o
                0x18013530                serial_init
 .text.serial_irq_handler
                0x180136f8       0x34 serial_api.o
                0x180136f8                serial_irq_handler
 .text.serial_irq_set
                0x1801372c       0x38 serial_api.o
                0x1801372c                serial_irq_set
 .text.serial_readable
                0x18013764       0x10 serial_api.o
                0x18013764                serial_readable
 .text.serial_getc
                0x18013774       0xa4 serial_api.o
                0x18013774                serial_getc
 .text.serial_writable
                0x18013818       0x10 serial_api.o
                0x18013818                serial_writable
 .text.serial_putc
                0x18013828       0x34 serial_api.o
                0x18013828                serial_putc
 .text.serial_clear
                0x1801385c       0x4c serial_api.o
                0x1801385c                serial_clear
 .text.serial_pinout_tx
                0x180138a8       0x14 serial_api.o
                0x180138a8                serial_pinout_tx
 .text.serial_break_set
                0x180138bc       0x3c serial_api.o
                0x180138bc                serial_break_set
 .text.serial_break_clear
                0x180138f8       0x34 serial_api.o
                0x180138f8                serial_break_clear
 .text.serial_set_flow_control
                0x1801392c       0x74 serial_api.o
                0x1801392c                serial_set_flow_control
 .text.serial_tx_asynch
                0x180139a0       0xc4 serial_api.o
                0x180139a0                serial_tx_asynch
 .text.serial_rx_asynch
                0x18013a64       0x80 serial_api.o
                0x18013a64                serial_rx_asynch
 .text.serial_tx_active
                0x18013ae4       0x28 serial_api.o
                0x18013ae4                serial_tx_active
 .text.serial_rx_active
                0x18013b0c       0x28 serial_api.o
                0x18013b0c                serial_rx_active
 .text.serial_irq_handler_asynch
                0x18013b34       0x20 serial_api.o
                0x18013b34                serial_irq_handler_asynch
 .text.serial_tx_abort_asynch
                0x18013b54       0x48 serial_api.o
                0x18013b54                serial_tx_abort_asynch
 .text.serial_rx_abort_asynch
                0x18013b9c       0x48 serial_api.o
                0x18013b9c                serial_rx_abort_asynch
 .text.uart_err_irq
                0x18013be4      0x124 serial_api.o
 .text.uart7_er_irq
                0x18013d08       0x14 serial_api.o
 .text.uart6_er_irq
                0x18013d1c       0x14 serial_api.o
 .text.uart5_er_irq
                0x18013d30       0x14 serial_api.o
 .text.uart4_er_irq
                0x18013d44       0x14 serial_api.o
 .text.uart3_er_irq
                0x18013d58       0x14 serial_api.o
 .text.uart2_er_irq
                0x18013d6c       0x14 serial_api.o
 .text.uart1_er_irq
                0x18013d80       0x14 serial_api.o
 .text.uart0_er_irq
                0x18013d94       0x14 serial_api.o
 .text.uart_rx_irq
                0x18013da8      0x320 serial_api.o
 .text.uart7_rx_irq
                0x180140c8       0x14 serial_api.o
 .text.uart6_rx_irq
                0x180140dc       0x14 serial_api.o
 .text.uart5_rx_irq
                0x180140f0       0x14 serial_api.o
 .text.uart4_rx_irq
                0x18014104       0x14 serial_api.o
 .text.uart3_rx_irq
                0x18014118       0x14 serial_api.o
 .text.uart2_rx_irq
                0x1801412c       0x14 serial_api.o
 .text.uart1_rx_irq
                0x18014140       0x14 serial_api.o
 .text.uart0_rx_irq
                0x18014154       0x14 serial_api.o
 .text          0x18014168        0x0 sleep.o
 .text.module_standby_in
                0x18014168       0xbc sleep.o
 .text.module_standby_out
                0x18014224       0x98 sleep.o
 .text.hal_sleep
                0x180142bc        0x8 sleep.o
                0x180142bc                hal_sleep
 .text.hal_deepsleep
                0x180142c4      0x318 sleep.o
                0x180142c4                hal_deepsleep
 .text          0x180145dc        0x0 spi_api.o
 .text.spi_async_read
                0x180145dc      0x15c spi_api.o
 .text.spi_async_write
                0x18014738      0x198 spi_api.o
 .text.spi_irqs_set
                0x180148d0      0x128 spi_api.o
 .text.spi_rx_irq
                0x180149f8      0x20c spi_api.o
 .text.spi4_rx_irq
                0x18014c04       0x14 spi_api.o
 .text.spi3_rx_irq
                0x18014c18       0x14 spi_api.o
 .text.spi2_rx_irq
                0x18014c2c       0x14 spi_api.o
 .text.spi1_rx_irq
                0x18014c40       0x14 spi_api.o
 .text.spi0_rx_irq
                0x18014c54       0x14 spi_api.o
 .text.spi_init
                0x18014c68      0x1a8 spi_api.o
                0x18014c68                spi_init
 .text.spi_free
                0x18014e10        0x4 spi_api.o
                0x18014e10                spi_free
 .text.spi_format
                0x18014e14       0xec spi_api.o
                0x18014e14                spi_format
 .text.spi_frequency
                0x18014f00       0xd0 spi_api.o
                0x18014f00                spi_frequency
 .text.spi_master_write
                0x18014fd0       0x80 spi_api.o
                0x18014fd0                spi_master_write
 .text.spi_master_block_write
                0x18015050       0x70 spi_api.o
                0x18015050                spi_master_block_write
 .text.spi_slave_read
                0x180150c0       0x40 spi_api.o
                0x180150c0                spi_slave_read
 .text.spi_slave_write
                0x18015100       0x40 spi_api.o
                0x18015100                spi_slave_write
 .text.spi_busy
                0x18015140        0x8 spi_api.o
                0x18015140                spi_busy
 .text.spi_slave_receive
                0x18015148       0x38 spi_api.o
                0x18015148                spi_slave_receive
 .text.spi_master_transfer
                0x18015180      0x1fc spi_api.o
                0x18015180                spi_master_transfer
 .text.spi_irq_handler_asynch
                0x1801537c       0x18 spi_api.o
                0x1801537c                spi_irq_handler_asynch
 .text.spi_active
                0x18015394       0x1c spi_api.o
                0x18015394                spi_active
 .text.spi_abort_asynch
                0x180153b0       0x48 spi_api.o
                0x180153b0                spi_abort_asynch
 .text.spi_err_irq
                0x180153f8       0x40 spi_api.o
 .text.spi4_er_irq
                0x18015438       0x14 spi_api.o
 .text.spi3_er_irq
                0x1801544c       0x14 spi_api.o
 .text.spi2_er_irq
                0x18015460       0x14 spi_api.o
 .text.spi1_er_irq
                0x18015474       0x14 spi_api.o
 .text.spi0_er_irq
                0x18015488       0x14 spi_api.o
 .text          0x1801549c        0x0 trng_api.o
 .text          0x1801549c        0x0 us_ticker.o
 .text.us_ticker_init
                0x1801549c       0xa0 us_ticker.o
                0x1801549c                us_ticker_init
 .text.us_ticker_free
                0x1801553c       0x2c us_ticker.o
                0x1801553c                us_ticker_free
 .text.us_ticker_read
                0x18015568       0x14 us_ticker.o
                0x18015568                us_ticker_read
 .text.us_ticker_set_interrupt
                0x1801557c       0x24 us_ticker.o
                0x1801557c                us_ticker_set_interrupt
 .text.us_ticker_fire_interrupt
                0x180155a0       0x18 us_ticker.o
                0x180155a0                us_ticker_fire_interrupt
 .text.us_ticker_disable_interrupt
                0x180155b8       0x14 us_ticker.o
                0x180155b8                us_ticker_disable_interrupt
 .text.us_ticker_clear_interrupt
                0x180155cc       0x14 us_ticker.o
                0x180155cc                us_ticker_clear_interrupt
 .text.us_ticker_get_info
                0x180155e0        0xc us_ticker.o
                0x180155e0                us_ticker_get_info
 .text          0x180155ec        0x0 kernel_cfg.o
 .text._kernel_inthdr_37
                0x180155ec       0x14 kernel_cfg.o
                0x180155ec                _kernel_inthdr_37
 .text._kernel_initialize_object
                0x18015600       0x20 kernel_cfg.o
                0x18015600                _kernel_initialize_object
 .text._kernel_call_inirtn
                0x18015620       0x18 kernel_cfg.o
                0x18015620                _kernel_call_inirtn
 .text._kernel_call_terrtn
                0x18015638       0x18 kernel_cfg.o
                0x18015638                _kernel_call_terrtn
 *fill*         0x18015650       0xb0 
 .text          0x18015700      0x550 .\libkernel.a(core_support.o)
                0x18015700                _kernel_dispatch
                0x18015764                _kernel_start_dispatch
                0x18015790                _kernel_exit_and_dispatch
                0x180157bc                _kernel_call_exit_kernel
                0x180157d8                _kernel_start_r
                0x18015808                _kernel_irq_handler
                0x1801594c                _kernel_undef_handler
                0x18015960                _kernel_svc_handler
                0x18015970                _kernel_pabort_handler
                0x18015984                _kernel_dabort_handler
                0x180159e4                _kernel_fiq_handler
                0x18015c00                sil_dly_nse
 .text          0x18015c50        0x0 .\libkernel.a(target_kernel_impl.o)
 .text.lowpower_initialize
                0x18015c50       0x84 .\libkernel.a(target_kernel_impl.o)
 .text.port_initialize
                0x18015cd4      0x270 .\libkernel.a(target_kernel_impl.o)
 .text.__libc_init_array
                0x18015f44        0x4 .\libkernel.a(target_kernel_impl.o)
                0x18015f44                __libc_init_array
 .text._kernel_target_exit
                0x18015f48       0x34 .\libkernel.a(target_kernel_impl.o)
                0x18015f48                _kernel_target_exit
 .text.gr_peach_set_led
                0x18015f7c       0x40 .\libkernel.a(target_kernel_impl.o)
                0x18015f7c                gr_peach_set_led
 .text._kernel_target_initialize
                0x18015fbc       0x20 .\libkernel.a(target_kernel_impl.o)
                0x18015fbc                _kernel_target_initialize
 .text          0x18015fdc        0x0 .\libkernel.a(chip_kernel_impl.o)
 .text._kernel_chip_initialize
                0x18015fdc       0x40 .\libkernel.a(chip_kernel_impl.o)
                0x18015fdc                _kernel_chip_initialize
 .text._kernel_chip_terminate
                0x1801601c       0x3c .\libkernel.a(chip_kernel_impl.o)
                0x1801601c                _kernel_chip_terminate
 .text._kernel_initialize_interrupt
                0x18016058      0x24c .\libkernel.a(chip_kernel_impl.o)
                0x18016058                _kernel_initialize_interrupt
 .text          0x180162a4        0x0 .\libkernel.a(gic_kernel_impl.o)
 .text._kernel_gicc_initialize
                0x180162a4       0x30 .\libkernel.a(gic_kernel_impl.o)
                0x180162a4                _kernel_gicc_initialize
 .text._kernel_gicc_terminate
                0x180162d4       0x14 .\libkernel.a(gic_kernel_impl.o)
                0x180162d4                _kernel_gicc_terminate
 .text._kernel_gicd_initialize
                0x180162e8      0x104 .\libkernel.a(gic_kernel_impl.o)
                0x180162e8                _kernel_gicd_initialize
 .text._kernel_gicd_terminate
                0x180163ec       0x14 .\libkernel.a(gic_kernel_impl.o)
                0x180163ec                _kernel_gicd_terminate
 .text          0x18016400        0x0 .\libkernel.a(chip_timer.o)
 .text._kernel_target_hrt_initialize
                0x18016400       0x3c .\libkernel.a(chip_timer.o)
                0x18016400                _kernel_target_hrt_initialize
 .text._kernel_target_hrt_terminate
                0x1801643c       0x24 .\libkernel.a(chip_timer.o)
                0x1801643c                _kernel_target_hrt_terminate
 .text._kernel_target_hrt_set_event
                0x18016460       0x4c .\libkernel.a(chip_timer.o)
                0x18016460                _kernel_target_hrt_set_event
 .text._kernel_target_hrt_raise_event
                0x180164ac       0x14 .\libkernel.a(chip_timer.o)
                0x180164ac                _kernel_target_hrt_raise_event
 .text._kernel_target_hrt_handler
                0x180164c0        0xc .\libkernel.a(chip_timer.o)
                0x180164c0                _kernel_target_hrt_handler
 .text          0x180164cc        0x0 .\libkernel.a(core_kernel_impl.o)
 .text._kernel_arm_mmu_initialize
                0x180164cc      0x128 .\libkernel.a(core_kernel_impl.o)
                0x180164cc                _kernel_arm_mmu_initialize
 .text.arm_fpu_initialize
                0x180165f4       0x1c .\libkernel.a(core_kernel_impl.o)
                0x180165f4                arm_fpu_initialize
 .text._kernel_core_initialize
                0x18016610       0x20 .\libkernel.a(core_kernel_impl.o)
                0x18016610                _kernel_core_initialize
 .text._kernel_core_terminate
                0x18016630        0x4 .\libkernel.a(core_kernel_impl.o)
                0x18016630                _kernel_core_terminate
 .text._kernel_xlog_sys
                0x18016634       0xbc .\libkernel.a(core_kernel_impl.o)
                0x18016634                _kernel_xlog_sys
 .text._kernel_xlog_fsr
                0x180166f0       0xf4 .\libkernel.a(core_kernel_impl.o)
                0x180166f0                _kernel_xlog_fsr
 .text._kernel_default_int_handler
                0x180167e4       0x34 .\libkernel.a(core_kernel_impl.o)
                0x180167e4                _kernel_default_int_handler
 .text._kernel_default_exc_handler
                0x18016818      0x14c .\libkernel.a(core_kernel_impl.o)
                0x18016818                _kernel_default_exc_handler
 .text          0x18016964        0x0 .\libkernel.a(arm.o)
 .text.arm_enable_icache
                0x18016964       0x20 .\libkernel.a(arm.o)
                0x18016964                arm_enable_icache
 .text.arm_disable_icache
                0x18016984       0x18 .\libkernel.a(arm.o)
                0x18016984                arm_disable_icache
 .text.armv7_invalidate_dcache
                0x1801699c       0x5c .\libkernel.a(arm.o)
                0x1801699c                armv7_invalidate_dcache
 .text.arm_enable_dcache
                0x180169f8       0x20 .\libkernel.a(arm.o)
                0x180169f8                arm_enable_dcache
 .text.armv7_clean_and_invalidate_dcache
                0x18016a18       0x5c .\libkernel.a(arm.o)
                0x18016a18                armv7_clean_and_invalidate_dcache
 .text.arm_disable_dcache
                0x18016a74       0x28 .\libkernel.a(arm.o)
                0x18016a74                arm_disable_dcache
 .text          0x18016a9c        0x0 .\libkernel.a(startup.o)
 .text.ext_ker  0x18016a9c       0x20 .\libkernel.a(startup.o)
                0x18016a9c                ext_ker
 .text._kernel_exit_kernel
                0x18016abc        0xc .\libkernel.a(startup.o)
                0x18016abc                _kernel_exit_kernel
 .text._kernel_initialize_kmm
                0x18016ac8       0x2c .\libkernel.a(startup.o)
                0x18016ac8                _kernel_initialize_kmm
 .text.sta_ker  0x18016af4       0x8c .\libkernel.a(startup.o)
                0x18016af4                sta_ker
 .text._kernel_kernel_malloc
                0x18016b80       0x40 .\libkernel.a(startup.o)
                0x18016b80                _kernel_kernel_malloc
 .text._kernel_kernel_free
                0x18016bc0        0x4 .\libkernel.a(startup.o)
                0x18016bc0                _kernel_kernel_free
 .text          0x18016bc4        0x0 .\libkernel.a(task.o)
 .text._kernel_search_schedtsk
                0x18016bc4       0x24 .\libkernel.a(task.o)
                0x18016bc4                _kernel_search_schedtsk
 .text._kernel_make_runnable
                0x18016be8       0x84 .\libkernel.a(task.o)
                0x18016be8                _kernel_make_runnable
 .text._kernel_make_non_runnable
                0x18016c6c      0x1d4 .\libkernel.a(task.o)
                0x18016c6c                _kernel_make_non_runnable
 .text._kernel_make_dormant
                0x18016e40       0x30 .\libkernel.a(task.o)
                0x18016e40                _kernel_make_dormant
 .text._kernel_make_active
                0x18016e70       0x34 .\libkernel.a(task.o)
                0x18016e70                _kernel_make_active
 .text._kernel_initialize_task
                0x18016ea4      0x174 .\libkernel.a(task.o)
                0x18016ea4                _kernel_initialize_task
 .text._kernel_change_priority
                0x18017018      0x240 .\libkernel.a(task.o)
                0x18017018                _kernel_change_priority
 .text._kernel_rotate_ready_queue
                0x18017258      0x140 .\libkernel.a(task.o)
                0x18017258                _kernel_rotate_ready_queue
 .text._kernel_task_terminate
                0x18017398       0xa4 .\libkernel.a(task.o)
                0x18017398                _kernel_task_terminate
 .text          0x1801743c        0x0 .\libkernel.a(taskhook.o)
 .text          0x1801743c        0x0 .\libkernel.a(time_event.o)
 .text._kernel_initialize_tmevt
                0x1801743c       0x60 .\libkernel.a(time_event.o)
                0x1801743c                _kernel_initialize_tmevt
 .text._kernel_tmevt_up
                0x1801749c       0x70 .\libkernel.a(time_event.o)
                0x1801749c                _kernel_tmevt_up
 .text._kernel_tmevt_down
                0x1801750c       0x9c .\libkernel.a(time_event.o)
                0x1801750c                _kernel_tmevt_down
 .text._kernel_update_current_evttim
                0x180175a8       0xf0 .\libkernel.a(time_event.o)
                0x180175a8                _kernel_update_current_evttim
 .text._kernel_set_hrt_event
                0x18017698       0x94 .\libkernel.a(time_event.o)
                0x18017698                _kernel_set_hrt_event
 .text._kernel_tmevtb_register
                0x1801772c       0x30 .\libkernel.a(time_event.o)
                0x1801772c                _kernel_tmevtb_register
 .text._kernel_tmevtb_enqueue
                0x1801775c       0x78 .\libkernel.a(time_event.o)
                0x1801775c                _kernel_tmevtb_enqueue
 .text._kernel_tmevtb_dequeue
                0x180177d4       0xd0 .\libkernel.a(time_event.o)
                0x180177d4                _kernel_tmevtb_dequeue
 .text._kernel_check_adjtim
                0x180178a4       0xb8 .\libkernel.a(time_event.o)
                0x180178a4                _kernel_check_adjtim
 .text._kernel_tmevt_lefttim
                0x1801795c       0x4c .\libkernel.a(time_event.o)
                0x1801795c                _kernel_tmevt_lefttim
 .text._kernel_signal_time
                0x180179a8      0x194 .\libkernel.a(time_event.o)
                0x180179a8                _kernel_signal_time
 .text          0x18017b3c        0x0 .\libkernel.a(task_manage.o)
 .text.acre_tsk
                0x18017b3c      0x28c .\libkernel.a(task_manage.o)
                0x18017b3c                acre_tsk
 .text.del_tsk  0x18017dc8      0x118 .\libkernel.a(task_manage.o)
                0x18017dc8                del_tsk
 .text.act_tsk  0x18017ee0      0x134 .\libkernel.a(task_manage.o)
                0x18017ee0                act_tsk
 .text.can_act  0x18018014       0xb8 .\libkernel.a(task_manage.o)
                0x18018014                can_act
 .text.get_tst  0x180180cc      0x130 .\libkernel.a(task_manage.o)
                0x180180cc                get_tst
 .text.chg_pri  0x180181fc      0x1a4 .\libkernel.a(task_manage.o)
                0x180181fc                chg_pri
 .text.get_pri  0x180183a0       0xcc .\libkernel.a(task_manage.o)
                0x180183a0                get_pri
 .text.get_inf  0x1801846c       0x58 .\libkernel.a(task_manage.o)
                0x1801846c                get_inf
 .text          0x180184c4        0x0 .\libkernel.a(task_sync.o)
 .text.slp_tsk  0x180184c4       0xd4 .\libkernel.a(task_sync.o)
                0x180184c4                slp_tsk
 .text.tslp_tsk
                0x18018598       0xf4 .\libkernel.a(task_sync.o)
                0x18018598                tslp_tsk
 .text.wup_tsk  0x1801868c      0x138 .\libkernel.a(task_sync.o)
                0x1801868c                wup_tsk
 .text.can_wup  0x180187c4       0xcc .\libkernel.a(task_sync.o)
                0x180187c4                can_wup
 .text.rel_wai  0x18018890      0x1a8 .\libkernel.a(task_sync.o)
                0x18018890                rel_wai
 .text.sus_tsk  0x18018a38      0x16c .\libkernel.a(task_sync.o)
                0x18018a38                sus_tsk
 .text.rsm_tsk  0x18018ba4      0x10c .\libkernel.a(task_sync.o)
                0x18018ba4                rsm_tsk
 .text.dly_tsk  0x18018cb0       0xf0 .\libkernel.a(task_sync.o)
                0x18018cb0                dly_tsk
 .text          0x18018da0        0x0 .\libkernel.a(task_term.o)
 .text.ext_tsk  0x18018da0       0xbc .\libkernel.a(task_term.o)
                0x18018da0                ext_tsk
 .text.ras_ter  0x18018e5c      0x1e0 .\libkernel.a(task_term.o)
                0x18018e5c                ras_ter
 .text.dis_ter  0x1801903c       0x58 .\libkernel.a(task_term.o)
                0x1801903c                dis_ter
 .text.ena_ter  0x18019094       0x84 .\libkernel.a(task_term.o)
                0x18019094                ena_ter
 .text.sns_ter  0x18019118       0x38 .\libkernel.a(task_term.o)
                0x18019118                sns_ter
 .text.ter_tsk  0x18019150       0xfc .\libkernel.a(task_term.o)
                0x18019150                ter_tsk
 .text          0x1801924c        0x0 .\libkernel.a(semaphore.o)
 .text._kernel_initialize_semaphore
                0x1801924c       0xdc .\libkernel.a(semaphore.o)
                0x1801924c                _kernel_initialize_semaphore
 .text.acre_sem
                0x18019328      0x1c8 .\libkernel.a(semaphore.o)
                0x18019328                acre_sem
 .text.del_sem  0x180194f0      0x11c .\libkernel.a(semaphore.o)
                0x180194f0                del_sem
 .text.sig_sem  0x1801960c      0x1d8 .\libkernel.a(semaphore.o)