13:15:46 **** プロジェクト app4_aircon に対する構成 DebugEther の ビルド ****
make -j8 all 
make[1]: Entering directory 'C:/trunk_tecs+ecnl/trunk/app4_aircon/DebugEther'
arm-none-eabi-gcc -c -MD -MP -MF deps/cfg1_out.d -Og -Wall -g -std=gnu99 -ffunction-sections -fdata-sections  -mfloat-abi=hard -mlittle-endian -mcpu=cortex-a9 -mthumb -mthumb-interwork -marm -march=armv7-a -mfpu=vfpv3 -mfloat-abi=hard -mno-unaligned-access  -DUSE_ARM_FPU -DTOPPERS_EXECUTE_ON_ROM -D__TARGET_ARCH_ARM=7 -DARM_MATH_CA9 -DDEVICE_ANALOGIN=1 -DDEVICE_CAN=1 -DDEVICE_EMAC=1 -DDEVICE_ETHERNET=1 -DDEVICE_FLASH=1 -DDEVICE_I2C=1 -DDEVICE_I2CSLAVE=1 -DDEVICE_I2C_ASYNCH=1 -DDEVICE_INTERRUPTIN=1 -DDEVICE_LPTICKER=1 -DDEVICE_PORTIN=1 -DDEVICE_PORTINOUT=1 -DDEVICE_PORTOUT=1 -DDEVICE_PWMOUT=1 -DDEVICE_RTC=1 -DDEVICE_SEMIHOST=1 -DDEVICE_SERIAL=1 -DDEVICE_SERIAL_ASYNCH=1 -DDEVICE_SERIAL_FC=1 -DDEVICE_SLEEP=1 -DDEVICE_SPI=1 -DDEVICE_SPISLAVE=1 -DDEVICE_SPI_ASYNCH=1 -DDEVICE_STDIO_MESSAGES=1 -DDEVICE_USTICKER=1 -DMBED_BUILD_TIMESTAMP=1550103323.92 -DTARGET_A9 -DTARGET_CORTEX -DTARGET_CORTEX_A -DTARGET_FF_ARDUINO -DTARGET_LIKE_CORTEX_A9 -DTARGET_LIKE_MBED -DTARGET_MBRZA1H -DTARGET_RELEASE -DTARGET_RENESAS -DTARGET_RZA1H -DTARGET_RZ_A1H -DTARGET_RZ_A1XX -DTARGET_RZ_A1_EMAC -DTOOLCHAIN_GCC -DTOOLCHAIN_GCC_ARM -DTOOLCHAIN_object -D__CMSIS_RTOS -D__CORTEX_A9 -D__EVAL -D__FPU_PRESENT=1 -D__MBED_CMSIS_RTOS_CA9 -D__MBED__=1 -DIRQ_GIC_LINE_COUNT=587  -DDHCP4_CLI_CFG -DUSE_PING -DUSE_RESOLVER -DUSE_NETAPP_SUBR -DNOUSE_MPF_NET_BUF -DECHONET_USE_MALLOC -DRamDisk=_binary_______ntshell_src_rom_fs_bin_start  -DTARGET_KERNEL_ASP -DSUPPORT_INET4 -DSUPPORT_IGMP -DSUPPORT_ETHER -DSUPPORT_TCP -DSUPPORT_UDP -I. -I../../asp3_dcre/include -I../../asp3_dcre -I../../asp3_dcre/../btstack/include -I../../asp3_dcre/../btstack/src -I../../asp3_dcre/../btstack/chipset -I../../asp3_dcre/../btstack/platform/embedded -I../../asp3_dcre/../usbhost/src  -I../../asp3_dcre/target/gr_peach_gcc -I../../asp3_dcre/arch/arm_gcc/rza1 -I../../asp3_dcre/arch/arm_gcc/common -I../../asp3_dcre/arch/gcc -I../../asp3_dcre/mbed -I../../asp3_dcre/mbed/cmsis -I../../asp3_dcre/mbed/cmsis/TARGET_CORTEX_A -I../../asp3_dcre/mbed/hal -I../../asp3_dcre/mbed/platform -I../../asp3_dcre/mbed/targets/TARGET_RENESAS -I../../asp3_dcre/mbed/targets/TARGET_RENESAS/TARGET_RZA1XX -I../../asp3_dcre/mbed/targets/TARGET_RENESAS/TARGET_RZA1XX/TARGET_RZ_A1H -I../../asp3_dcre/mbed/targets/TARGET_RENESAS/TARGET_RZA1XX/TARGET_RZ_A1H/TARGET_MBED_MBRZA1H -I../../asp3_dcre/mbed/targets/TARGET_RENESAS/TARGET_RZA1XX/TARGET_RZ_A1H/device -I../../asp3_dcre/mbed/targets/TARGET_RENESAS/TARGET_RZA1XX/TARGET_RZ_A1H/device/inc -I../../asp3_dcre/mbed/targets/TARGET_RENESAS/TARGET_RZA1XX/TARGET_RZ_A1H/device/inc/iobitmasks -I../../asp3_dcre/mbed/targets/TARGET_RENESAS/TARGET_RZA1XX/TARGET_RZ_A1H/device/inc/iodefines -I../../asp3_dcre/mbed/targets/TARGET_RENESAS/TARGET_RZA1XX/common -I../../asp3_dcre/mbed/rtos/TARGET_CORTEX -I../../asp3_dcre/gdic/adafruit_st7735 -I../../ntshell/echonet -I../../asp3_dcre/tinet/netapp -I../../ntshell/fatfs -I../../ntshell/ntshell -I../../ntshell/ntshell/core -I../../ntshell/ntshell/util -I../../ntshell/src -I../../ntshell/lcd -I../src -I../../asp3_dcre/tinet/netdev/if_mbed -I../../asp3_dcre/tinet -I./gen -I../../asp3_dcre/tecs_kernel -I../../musl-1.1.18/include -DTOPPERS_CB_TYPE_ONLY  cfg1_out.c
arm-none-eabi-gcc -Og -Wall -g -std=gnu99 -ffunction-sections -fdata-sections  -mfloat-abi=hard -mlittle-endian -mcpu=cortex-a9 -mthumb -mthumb-interwork -marm -march=armv7-a -mfpu=vfpv3 -mfloat-abi=hard -mno-unaligned-access  -DUSE_ARM_FPU -DTOPPERS_EXECUTE_ON_ROM -D__TARGET_ARCH_ARM=7 -DARM_MATH_CA9 -DDEVICE_ANALOGIN=1 -DDEVICE_CAN=1 -DDEVICE_EMAC=1 -DDEVICE_ETHERNET=1 -DDEVICE_FLASH=1 -DDEVICE_I2C=1 -DDEVICE_I2CSLAVE=1 -DDEVICE_I2C_ASYNCH=1 -DDEVICE_INTERRUPTIN=1 -DDEVICE_LPTICKER=1 -DDEVICE_PORTIN=1 -DDEVICE_PORTINOUT=1 -DDEVICE_PORTOUT=1 -DDEVICE_PWMOUT=1 -DDEVICE_RTC=1 -DDEVICE_SEMIHOST=1 -DDEVICE_SERIAL=1 -DDEVICE_SERIAL_ASYNCH=1 -DDEVICE_SERIAL_FC=1 -DDEVICE_SLEEP=1 -DDEVICE_SPI=1 -DDEVICE_SPISLAVE=1 -DDEVICE_SPI_ASYNCH=1 -DDEVICE_STDIO_MESSAGES=1 -DDEVICE_USTICKER=1 -DMBED_BUILD_TIMESTAMP=1550103323.92 -DTARGET_A9 -DTARGET_CORTEX -DTARGET_CORTEX_A -DTARGET_FF_ARDUINO -DTARGET_LIKE_CORTEX_A9 -DTARGET_LIKE_MBED -DTARGET_MBRZA1H -DTARGET_RELEASE -DTARGET_RENESAS -DTARGET_RZA1H -DTARGET_RZ_A1H -DTARGET_RZ_A1XX -DTARGET_RZ_A1_EMAC -DTOOLCHAIN_GCC -DTOOLCHAIN_GCC_ARM -DTOOLCHAIN_object -D__CMSIS_RTOS -D__CORTEX_A9 -D__EVAL -D__FPU_PRESENT=1 -D__MBED_CMSIS_RTOS_CA9 -D__MBED__=1 -DIRQ_GIC_LINE_COUNT=587  -DDHCP4_CLI_CFG -DUSE_PING -DUSE_RESOLVER -DUSE_NETAPP_SUBR -DNOUSE_MPF_NET_BUF -DECHONET_USE_MALLOC -DRamDisk=_binary_______ntshell_src_rom_fs_bin_start  -DTARGET_KERNEL_ASP -DSUPPORT_INET4 -DSUPPORT_IGMP -DSUPPORT_ETHER -DSUPPORT_TCP -DSUPPORT_UDP -I. -I../../asp3_dcre/include -I../../asp3_dcre -I../../asp3_dcre/../btstack/include -I../../asp3_dcre/../btstack/src -I../../asp3_dcre/../btstack/chipset -I../../asp3_dcre/../btstack/platform/embedded -I../../asp3_dcre/../usbhost/src  -I../../asp3_dcre/target/gr_peach_gcc -I../../asp3_dcre/arch/arm_gcc/rza1 -I../../asp3_dcre/arch/arm_gcc/common -I../../asp3_dcre/arch/gcc -I../../asp3_dcre/mbed -I../../asp3_dcre/mbed/cmsis -I../../asp3_dcre/mbed/cmsis/TARGET_CORTEX_A -I../../asp3_dcre/mbed/hal -I../../asp3_dcre/mbed/platform -I../../asp3_dcre/mbed/targets/TARGET_RENESAS -I../../asp3_dcre/mbed/targets/TARGET_RENESAS/TARGET_RZA1XX -I../../asp3_dcre/mbed/targets/TARGET_RENESAS/TARGET_RZA1XX/TARGET_RZ_A1H -I../../asp3_dcre/mbed/targets/TARGET_RENESAS/TARGET_RZA1XX/TARGET_RZ_A1H/TARGET_MBED_MBRZA1H -I../../asp3_dcre/mbed/targets/TARGET_RENESAS/TARGET_RZA1XX/TARGET_RZ_A1H/device -I../../asp3_dcre/mbed/targets/TARGET_RENESAS/TARGET_RZA1XX/TARGET_RZ_A1H/device/inc -I../../asp3_dcre/mbed/targets/TARGET_RENESAS/TARGET_RZA1XX/TARGET_RZ_A1H/device/inc/iobitmasks -I../../asp3_dcre/mbed/targets/TARGET_RENESAS/TARGET_RZA1XX/TARGET_RZ_A1H/device/inc/iodefines -I../../asp3_dcre/mbed/targets/TARGET_RENESAS/TARGET_RZA1XX/common -I../../asp3_dcre/mbed/rtos/TARGET_CORTEX -I../../asp3_dcre/gdic/adafruit_st7735 -I../../ntshell/echonet -I../../asp3_dcre/tinet/netapp -I../../ntshell/fatfs -I../../ntshell/ntshell -I../../ntshell/ntshell/core -I../../ntshell/ntshell/util -I../../ntshell/src -I../../ntshell/lcd -I../src -I../../asp3_dcre/tinet/netdev/if_mbed -I../../asp3_dcre/tinet -I./gen -I../../asp3_dcre/tecs_kernel -I../../musl-1.1.18/include -nodefaultlibs  -mlittle-endian -mcpu=cortex-a9 -mthumb -mthumb-interwork -marm -march=armv7-a -mfpu=vfpv3 -mfloat-abi=hard -mno-unaligned-access -L. -T ../../asp3_dcre/mbed/targets/TARGET_RENESAS/TARGET_RZA1XX/TARGET_RZ_A1H/device/TOOLCHAIN_GCC_ARM/RZA1H.ld  -o cfg1_out.elf \
					startup_RZ1AH.o cfg1_out.o cfg_dmy.o mmu_RZ_A1H.o mbed_sf_boot.o RZ_A1_Init.o system_RZ_A1H.o irq_ctrl_gic.o 
arm-none-eabi-nm -n cfg1_out.elf > cfg1_out.syms
arm-none-eabi-objcopy -O srec -S cfg1_out.elf cfg1_out.srec
ruby -Eutf-8 ../../asp3_dcre/cfg/cfg.rb --pass 2 --kernel asp -I. -I../../asp3_dcre/include -I../../asp3_dcre -I../../asp3_dcre/../btstack/include -I../../asp3_dcre/../btstack/src -I../../asp3_dcre/../btstack/chipset -I../../asp3_dcre/../btstack/platform/embedded -I../../asp3_dcre/../usbhost/src  -I../../asp3_dcre/target/gr_peach_gcc -I../../asp3_dcre/arch/arm_gcc/rza1 -I../../asp3_dcre/arch/arm_gcc/common -I../../asp3_dcre/arch/gcc -I../../asp3_dcre/mbed -I../../asp3_dcre/mbed/cmsis -I../../asp3_dcre/mbed/cmsis/TARGET_CORTEX_A -I../../asp3_dcre/mbed/hal -I../../asp3_dcre/mbed/platform -I../../asp3_dcre/mbed/targets/TARGET_RENESAS -I../../asp3_dcre/mbed/targets/TARGET_RENESAS/TARGET_RZA1XX -I../../asp3_dcre/mbed/targets/TARGET_RENESAS/TARGET_RZA1XX/TARGET_RZ_A1H -I../../asp3_dcre/mbed/targets/TARGET_RENESAS/TARGET_RZA1XX/TARGET_RZ_A1H/TARGET_MBED_MBRZA1H -I../../asp3_dcre/mbed/targets/TARGET_RENESAS/TARGET_RZA1XX/TARGET_RZ_A1H/device -I../../asp3_dcre/mbed/targets/TARGET_RENESAS/TARGET_RZA1XX/TARGET_RZ_A1H/device/inc -I../../asp3_dcre/mbed/targets/TARGET_RENESAS/TARGET_RZA1XX/TARGET_RZ_A1H/device/inc/iobitmasks -I../../asp3_dcre/mbed/targets/TARGET_RENESAS/TARGET_RZA1XX/TARGET_RZ_A1H/device/inc/iodefines -I../../asp3_dcre/mbed/targets/TARGET_RENESAS/TARGET_RZA1XX/common -I../../asp3_dcre/mbed/rtos/TARGET_CORTEX -I../../asp3_dcre/gdic/adafruit_st7735 -I../../ntshell/echonet -I../../asp3_dcre/tinet/netapp -I../../ntshell/fatfs -I../../ntshell/ntshell -I../../ntshell/ntshell/core -I../../ntshell/ntshell/util -I../../ntshell/src -I../../ntshell/lcd -I../src -I../../asp3_dcre/tinet/netdev/if_mbed -I../../asp3_dcre/tinet -I./gen -I../../asp3_dcre/tecs_kernel -I../../musl-1.1.18/include -T ../../asp3_dcre/tinet/tinet.trb:tcpip -T ../../ntshell/echonet/echonet.trb:echonet -T ../../asp3_dcre/target/gr_peach_gcc/target_kernel.trb:kernel
arm-none-eabi-gcc -c -MD -MP -MF deps/echonet.d -Og -Wall -g -std=gnu99 -ffunction-sections -fdata-sections  -mfloat-abi=hard -mlittle-endian -mcpu=cortex-a9 -mthumb -mthumb-interwork -marm -march=armv7-a -mfpu=vfpv3 -mfloat-abi=hard -mno-unaligned-access  -DUSE_ARM_FPU -DTOPPERS_EXECUTE_ON_ROM -D__TARGET_ARCH_ARM=7 -DARM_MATH_CA9 -DDEVICE_ANALOGIN=1 -DDEVICE_CAN=1 -DDEVICE_EMAC=1 -DDEVICE_ETHERNET=1 -DDEVICE_FLASH=1 -DDEVICE_I2C=1 -DDEVICE_I2CSLAVE=1 -DDEVICE_I2C_ASYNCH=1 -DDEVICE_INTERRUPTIN=1 -DDEVICE_LPTICKER=1 -DDEVICE_PORTIN=1 -DDEVICE_PORTINOUT=1 -DDEVICE_PORTOUT=1 -DDEVICE_PWMOUT=1 -DDEVICE_RTC=1 -DDEVICE_SEMIHOST=1 -DDEVICE_SERIAL=1 -DDEVICE_SERIAL_ASYNCH=1 -DDEVICE_SERIAL_FC=1 -DDEVICE_SLEEP=1 -DDEVICE_SPI=1 -DDEVICE_SPISLAVE=1 -DDEVICE_SPI_ASYNCH=1 -DDEVICE_STDIO_MESSAGES=1 -DDEVICE_USTICKER=1 -DMBED_BUILD_TIMESTAMP=1550103323.92 -DTARGET_A9 -DTARGET_CORTEX -DTARGET_CORTEX_A -DTARGET_FF_ARDUINO -DTARGET_LIKE_CORTEX_A9 -DTARGET_LIKE_MBED -DTARGET_MBRZA1H -DTARGET_RELEASE -DTARGET_RENESAS -DTARGET_RZA1H -DTARGET_RZ_A1H -DTARGET_RZ_A1XX -DTARGET_RZ_A1_EMAC -DTOOLCHAIN_GCC -DTOOLCHAIN_GCC_ARM -DTOOLCHAIN_object -D__CMSIS_RTOS -D__CORTEX_A9 -D__EVAL -D__FPU_PRESENT=1 -D__MBED_CMSIS_RTOS_CA9 -D__MBED__=1 -DIRQ_GIC_LINE_COUNT=587  -DDHCP4_CLI_CFG -DUSE_PING -DUSE_RESOLVER -DUSE_NETAPP_SUBR -DNOUSE_MPF_NET_BUF -DECHONET_USE_MALLOC -DRamDisk=_binary_______ntshell_src_rom_fs_bin_start  -DTARGET_KERNEL_ASP -DSUPPORT_INET4 -DSUPPORT_IGMP -DSUPPORT_ETHER -DSUPPORT_TCP -DSUPPORT_UDP -I. -I../../asp3_dcre/include -I../../asp3_dcre -I../../asp3_dcre/../btstack/include -I../../asp3_dcre/../btstack/src -I../../asp3_dcre/../btstack/chipset -I../../asp3_dcre/../btstack/platform/embedded -I../../asp3_dcre/../usbhost/src  -I../../asp3_dcre/target/gr_peach_gcc -I../../asp3_dcre/arch/arm_gcc/rza1 -I../../asp3_dcre/arch/arm_gcc/common -I../../asp3_dcre/arch/gcc -I../../asp3_dcre/mbed -I../../asp3_dcre/mbed/cmsis -I../../asp3_dcre/mbed/cmsis/TARGET_CORTEX_A -I../../asp3_dcre/mbed/hal -I../../asp3_dcre/mbed/platform -I../../asp3_dcre/mbed/targets/TARGET_RENESAS -I../../asp3_dcre/mbed/targets/TARGET_RENESAS/TARGET_RZA1XX -I../../asp3_dcre/mbed/targets/TARGET_RENESAS/TARGET_RZA1XX/TARGET_RZ_A1H -I../../asp3_dcre/mbed/targets/TARGET_RENESAS/TARGET_RZA1XX/TARGET_RZ_A1H/TARGET_MBED_MBRZA1H -I../../asp3_dcre/mbed/targets/TARGET_RENESAS/TARGET_RZA1XX/TARGET_RZ_A1H/device -I../../asp3_dcre/mbed/targets/TARGET_RENESAS/TARGET_RZA1XX/TARGET_RZ_A1H/device/inc -I../../asp3_dcre/mbed/targets/TARGET_RENESAS/TARGET_RZA1XX/TARGET_RZ_A1H/device/inc/iobitmasks -I../../asp3_dcre/mbed/targets/TARGET_RENESAS/TARGET_RZA1XX/TARGET_RZ_A1H/device/inc/iodefines -I../../asp3_dcre/mbed/targets/TARGET_RENESAS/TARGET_RZA1XX/common -I../../asp3_dcre/mbed/rtos/TARGET_CORTEX -I../../asp3_dcre/gdic/adafruit_st7735 -I../../ntshell/echonet -I../../asp3_dcre/tinet/netapp -I../../ntshell/fatfs -I../../ntshell/ntshell -I../../ntshell/ntshell/core -I../../ntshell/ntshell/util -I../../ntshell/src -I../../ntshell/lcd -I../src -I../../asp3_dcre/tinet/netdev/if_mbed -I../../asp3_dcre/tinet -I./gen -I../../asp3_dcre/tecs_kernel -I../../musl-1.1.18/include  -DSHNM12_FONT -nostdinc ../../ntshell/echonet/echonet.c
arm-none-eabi-gcc -c -MD -MP -MF deps/echonet_dbg.d -Og -Wall -g -std=gnu99 -ffunction-sections -fdata-sections  -mfloat-abi=hard -mlittle-endian -mcpu=cortex-a9 -mthumb -mthumb-interwork -marm -march=armv7-a -mfpu=vfpv3 -mfloat-abi=hard -mno-unaligned-access  -DUSE_ARM_FPU -DTOPPERS_EXECUTE_ON_ROM -D__TARGET_ARCH_ARM=7 -DARM_MATH_CA9 -DDEVICE_ANALOGIN=1 -DDEVICE_CAN=1 -DDEVICE_EMAC=1 -DDEVICE_ETHERNET=1 -DDEVICE_FLASH=1 -DDEVICE_I2C=1 -DDEVICE_I2CSLAVE=1 -DDEVICE_I2C_ASYNCH=1 -DDEVICE_INTERRUPTIN=1 -DDEVICE_LPTICKER=1 -DDEVICE_PORTIN=1 -DDEVICE_PORTINOUT=1 -DDEVICE_PORTOUT=1 -DDEVICE_PWMOUT=1 -DDEVICE_RTC=1 -DDEVICE_SEMIHOST=1 -DDEVICE_SERIAL=1 -DDEVICE_SERIAL_ASYNCH=1 -DDEVICE_SERIAL_FC=1 -DDEVICE_SLEEP=1 -DDEVICE_SPI=1 -DDEVICE_SPISLAVE=1 -DDEVICE_SPI_ASYNCH=1 -DDEVICE_STDIO_MESSAGES=1 -DDEVICE_USTICKER=1 -DMBED_BUILD_TIMESTAMP=1550103323.92 -DTARGET_A9 -DTARGET_CORTEX -DTARGET_CORTEX_A -DTARGET_FF_ARDUINO -DTARGET_LIKE_CORTEX_A9 -DTARGET_LIKE_MBED -DTARGET_MBRZA1H -DTARGET_RELEASE -DTARGET_RENESAS -DTARGET_RZA1H -DTARGET_RZ_A1H -DTARGET_RZ_A1XX -DTARGET_RZ_A1_EMAC -DTOOLCHAIN_GCC -DTOOLCHAIN_GCC_ARM -DTOOLCHAIN_object -D__CMSIS_RTOS -D__CORTEX_A9 -D__EVAL -D__FPU_PRESENT=1 -D__MBED_CMSIS_RTOS_CA9 -D__MBED__=1 -DIRQ_GIC_LINE_COUNT=587  -DDHCP4_CLI_CFG -DUSE_PING -DUSE_RESOLVER -DUSE_NETAPP_SUBR -DNOUSE_MPF_NET_BUF -DECHONET_USE_MALLOC -DRamDisk=_binary_______ntshell_src_rom_fs_bin_start  -DTARGET_KERNEL_ASP -DSUPPORT_INET4 -DSUPPORT_IGMP -DSUPPORT_ETHER -DSUPPORT_TCP -DSUPPORT_UDP -I. -I../../asp3_dcre/include -I../../asp3_dcre -I../../asp3_dcre/../btstack/include -I../../asp3_dcre/../btstack/src -I../../asp3_dcre/../btstack/chipset -I../../asp3_dcre/../btstack/platform/embedded -I../../asp3_dcre/../usbhost/src  -I../../asp3_dcre/target/gr_peach_gcc -I../../asp3_dcre/arch/arm_gcc/rza1 -I../../asp3_dcre/arch/arm_gcc/common -I../../asp3_dcre/arch/gcc -I../../asp3_dcre/mbed -I../../asp3_dcre/mbed/cmsis -I../../asp3_dcre/mbed/cmsis/TARGET_CORTEX_A -I../../asp3_dcre/mbed/hal -I../../asp3_dcre/mbed/platform -I../../asp3_dcre/mbed/targets/TARGET_RENESAS -I../../asp3_dcre/mbed/targets/TARGET_RENESAS/TARGET_RZA1XX -I../../asp3_dcre/mbed/targets/TARGET_RENESAS/TARGET_RZA1XX/TARGET_RZ_A1H -I../../asp3_dcre/mbed/targets/TARGET_RENESAS/TARGET_RZA1XX/TARGET_RZ_A1H/TARGET_MBED_MBRZA1H -I../../asp3_dcre/mbed/targets/TARGET_RENESAS/TARGET_RZA1XX/TARGET_RZ_A1H/device -I../../asp3_dcre/mbed/targets/TARGET_RENESAS/TARGET_RZA1XX/TARGET_RZ_A1H/device/inc -I../../asp3_dcre/mbed/targets/TARGET_RENESAS/TARGET_RZA1XX/TARGET_RZ_A1H/device/inc/iobitmasks -I../../asp3_dcre/mbed/targets/TARGET_RENESAS/TARGET_RZA1XX/TARGET_RZ_A1H/device/inc/iodefines -I../../asp3_dcre/mbed/targets/TARGET_RENESAS/TARGET_RZA1XX/common -I../../asp3_dcre/mbed/rtos/TARGET_CORTEX -I../../asp3_dcre/gdic/adafruit_st7735 -I../../ntshell/echonet -I../../asp3_dcre/tinet/netapp -I../../ntshell/fatfs -I../../ntshell/ntshell -I../../ntshell/ntshell/core -I../../ntshell/ntshell/util -I../../ntshell/src -I../../ntshell/lcd -I../src -I../../asp3_dcre/tinet/netdev/if_mbed -I../../asp3_dcre/tinet -I./gen -I../../asp3_dcre/tecs_kernel -I../../musl-1.1.18/include  -DSHNM12_FONT -nostdinc ../../ntshell/echonet/echonet_dbg.c
arm-none-eabi-gcc -c -MD -MP -MF deps/echonet_fbs.d -Og -Wall -g -std=gnu99 -ffunction-sections -fdata-sections  -mfloat-abi=hard -mlittle-endian -mcpu=cortex-a9 -mthumb -mthumb-interwork -marm -march=armv7-a -mfpu=vfpv3 -mfloat-abi=hard -mno-unaligned-access  -DUSE_ARM_FPU -DTOPPERS_EXECUTE_ON_ROM -D__TARGET_ARCH_ARM=7 -DARM_MATH_CA9 -DDEVICE_ANALOGIN=1 -DDEVICE_CAN=1 -DDEVICE_EMAC=1 -DDEVICE_ETHERNET=1 -DDEVICE_FLASH=1 -DDEVICE_I2C=1 -DDEVICE_I2CSLAVE=1 -DDEVICE_I2C_ASYNCH=1 -DDEVICE_INTERRUPTIN=1 -DDEVICE_LPTICKER=1 -DDEVICE_PORTIN=1 -DDEVICE_PORTINOUT=1 -DDEVICE_PORTOUT=1 -DDEVICE_PWMOUT=1 -DDEVICE_RTC=1 -DDEVICE_SEMIHOST=1 -DDEVICE_SERIAL=1 -DDEVICE_SERIAL_ASYNCH=1 -DDEVICE_SERIAL_FC=1 -DDEVICE_SLEEP=1 -DDEVICE_SPI=1 -DDEVICE_SPISLAVE=1 -DDEVICE_SPI_ASYNCH=1 -DDEVICE_STDIO_MESSAGES=1 -DDEVICE_USTICKER=1 -DMBED_BUILD_TIMESTAMP=1550103323.92 -DTARGET_A9 -DTARGET_CORTEX -DTARGET_CORTEX_A -DTARGET_FF_ARDUINO -DTARGET_LIKE_CORTEX_A9 -DTARGET_LIKE_MBED -DTARGET_MBRZA1H -DTARGET_RELEASE -DTARGET_RENESAS -DTARGET_RZA1H -DTARGET_RZ_A1H -DTARGET_RZ_A1XX -DTARGET_RZ_A1_EMAC -DTOOLCHAIN_GCC -DTOOLCHAIN_GCC_ARM -DTOOLCHAIN_object -D__CMSIS_RTOS -D__CORTEX_A9 -D__EVAL -D__FPU_PRESENT=1 -D__MBED_CMSIS_RTOS_CA9 -D__MBED__=1 -DIRQ_GIC_LINE_COUNT=587  -DDHCP4_CLI_CFG -DUSE_PING -DUSE_RESOLVER -DUSE_NETAPP_SUBR -DNOUSE_MPF_NET_BUF -DECHONET_USE_MALLOC -DRamDisk=_binary_______ntshell_src_rom_fs_bin_start  -DTARGET_KERNEL_ASP -DSUPPORT_INET4 -DSUPPORT_IGMP -DSUPPORT_ETHER -DSUPPORT_TCP -DSUPPORT_UDP -I. -I../../asp3_dcre/include -I../../asp3_dcre -I../../asp3_dcre/../btstack/include -I../../asp3_dcre/../btstack/src -I../../asp3_dcre/../btstack/chipset -I../../asp3_dcre/../btstack/platform/embedded -I../../asp3_dcre/../usbhost/src  -I../../asp3_dcre/target/gr_peach_gcc -I../../asp3_dcre/arch/arm_gcc/rza1 -I../../asp3_dcre/arch/arm_gcc/common -I../../asp3_dcre/arch/gcc -I../../asp3_dcre/mbed -I../../asp3_dcre/mbed/cmsis -I../../asp3_dcre/mbed/cmsis/TARGET_CORTEX_A -I../../asp3_dcre/mbed/hal -I../../asp3_dcre/mbed/platform -I../../asp3_dcre/mbed/targets/TARGET_RENESAS -I../../asp3_dcre/mbed/targets/TARGET_RENESAS/TARGET_RZA1XX -I../../asp3_dcre/mbed/targets/TARGET_RENESAS/TARGET_RZA1XX/TARGET_RZ_A1H -I../../asp3_dcre/mbed/targets/TARGET_RENESAS/TARGET_RZA1XX/TARGET_RZ_A1H/TARGET_MBED_MBRZA1H -I../../asp3_dcre/mbed/targets/TARGET_RENESAS/TARGET_RZA1XX/TARGET_RZ_A1H/device -I../../asp3_dcre/mbed/targets/TARGET_RENESAS/TARGET_RZA1XX/TARGET_RZ_A1H/device/inc -I../../asp3_dcre/mbed/targets/TARGET_RENESAS/TARGET_RZA1XX/TARGET_RZ_A1H/device/inc/iobitmasks -I../../asp3_dcre/mbed/targets/TARGET_RENESAS/TARGET_RZA1XX/TARGET_RZ_A1H/device/inc/iodefines -I../../asp3_dcre/mbed/targets/TARGET_RENESAS/TARGET_RZA1XX/common -I../../asp3_dcre/mbed/rtos/TARGET_CORTEX -I../../asp3_dcre/gdic/adafruit_st7735 -I../../ntshell/echonet -I../../asp3_dcre/tinet/netapp -I../../ntshell/fatfs -I../../ntshell/ntshell -I../../ntshell/ntshell/core -I../../ntshell/ntshell/util -I../../ntshell/src -I../../ntshell/lcd -I../src -I../../asp3_dcre/tinet/netdev/if_mbed -I../../asp3_dcre/tinet -I./gen -I../../asp3_dcre/tecs_kernel -I../../musl-1.1.18/include  -DSHNM12_FONT -nostdinc ../../ntshell/echonet/echonet_fbs.c
arm-none-eabi-gcc -c -MD -MP -MF deps/echonet_task.d -Og -Wall -g -std=gnu99 -ffunction-sections -fdata-sections  -mfloat-abi=hard -mlittle-endian -mcpu=cortex-a9 -mthumb -mthumb-interwork -marm -march=armv7-a -mfpu=vfpv3 -mfloat-abi=hard -mno-unaligned-access  -DUSE_ARM_FPU -DTOPPERS_EXECUTE_ON_ROM -D__TARGET_ARCH_ARM=7 -DARM_MATH_CA9 -DDEVICE_ANALOGIN=1 -DDEVICE_CAN=1 -DDEVICE_EMAC=1 -DDEVICE_ETHERNET=1 -DDEVICE_FLASH=1 -DDEVICE_I2C=1 -DDEVICE_I2CSLAVE=1 -DDEVICE_I2C_ASYNCH=1 -DDEVICE_INTERRUPTIN=1 -DDEVICE_LPTICKER=1 -DDEVICE_PORTIN=1 -DDEVICE_PORTINOUT=1 -DDEVICE_PORTOUT=1 -DDEVICE_PWMOUT=1 -DDEVICE_RTC=1 -DDEVICE_SEMIHOST=1 -DDEVICE_SERIAL=1 -DDEVICE_SERIAL_ASYNCH=1 -DDEVICE_SERIAL_FC=1 -DDEVICE_SLEEP=1 -DDEVICE_SPI=1 -DDEVICE_SPISLAVE=1 -DDEVICE_SPI_ASYNCH=1 -DDEVICE_STDIO_MESSAGES=1 -DDEVICE_USTICKER=1 -DMBED_BUILD_TIMESTAMP=1550103323.92 -DTARGET_A9 -DTARGET_CORTEX -DTARGET_CORTEX_A -DTARGET_FF_ARDUINO -DTARGET_LIKE_CORTEX_A9 -DTARGET_LIKE_MBED -DTARGET_MBRZA1H -DTARGET_RELEASE -DTARGET_RENESAS -DTARGET_RZA1H -DTARGET_RZ_A1H -DTARGET_RZ_A1XX -DTARGET_RZ_A1_EMAC -DTOOLCHAIN_GCC -DTOOLCHAIN_GCC_ARM -DTOOLCHAIN_object -D__CMSIS_RTOS -D__CORTEX_A9 -D__EVAL -D__FPU_PRESENT=1 -D__MBED_CMSIS_RTOS_CA9 -D__MBED__=1 -DIRQ_GIC_LINE_COUNT=587  -DDHCP4_CLI_CFG -DUSE_PING -DUSE_RESOLVER -DUSE_NETAPP_SUBR -DNOUSE_MPF_NET_BUF -DECHONET_USE_MALLOC -DRamDisk=_binary_______ntshell_src_rom_fs_bin_start  -DTARGET_KERNEL_ASP -DSUPPORT_INET4 -DSUPPORT_IGMP -DSUPPORT_ETHER -DSUPPORT_TCP -DSUPPORT_UDP -I. -I../../asp3_dcre/include -I../../asp3_dcre -I../../asp3_dcre/../btstack/include -I../../asp3_dcre/../btstack/src -I../../asp3_dcre/../btstack/chipset -I../../asp3_dcre/../btstack/platform/embedded -I../../asp3_dcre/../usbhost/src  -I../../asp3_dcre/target/gr_peach_gcc -I../../asp3_dcre/arch/arm_gcc/rza1 -I../../asp3_dcre/arch/arm_gcc/common -I../../asp3_dcre/arch/gcc -I../../asp3_dcre/mbed -I../../asp3_dcre/mbed/cmsis -I../../asp3_dcre/mbed/cmsis/TARGET_CORTEX_A -I../../asp3_dcre/mbed/hal -I../../asp3_dcre/mbed/platform -I../../asp3_dcre/mbed/targets/TARGET_RENESAS -I../../asp3_dcre/mbed/targets/TARGET_RENESAS/TARGET_RZA1XX -I../../asp3_dcre/mbed/targets/TARGET_RENESAS/TARGET_RZA1XX/TARGET_RZ_A1H -I../../asp3_dcre/mbed/targets/TARGET_RENESAS/TARGET_RZA1XX/TARGET_RZ_A1H/TARGET_MBED_MBRZA1H -I../../asp3_dcre/mbed/targets/TARGET_RENESAS/TARGET_RZA1XX/TARGET_RZ_A1H/device -I../../asp3_dcre/mbed/targets/TARGET_RENESAS/TARGET_RZA1XX/TARGET_RZ_A1H/device/inc -I../../asp3_dcre/mbed/targets/TARGET_RENESAS/TARGET_RZA1XX/TARGET_RZ_A1H/device/inc/iobitmasks -I../../asp3_dcre/mbed/targets/TARGET_RENESAS/TARGET_RZA1XX/TARGET_RZ_A1H/device/inc/iodefines -I../../asp3_dcre/mbed/targets/TARGET_RENESAS/TARGET_RZA1XX/common -I../../asp3_dcre/mbed/rtos/TARGET_CORTEX -I../../asp3_dcre/gdic/adafruit_st7735 -I../../ntshell/echonet -I../../asp3_dcre/tinet/netapp -I../../ntshell/fatfs -I../../ntshell/ntshell -I../../ntshell/ntshell/core -I../../ntshell/ntshell/util -I../../ntshell/src -I../../ntshell/lcd -I../src -I../../asp3_dcre/tinet/netdev/if_mbed -I../../asp3_dcre/tinet -I./gen -I../../asp3_dcre/tecs_kernel -I../../musl-1.1.18/include  -DSHNM12_FONT -nostdinc ../../ntshell/echonet/echonet_task.c
arm-none-eabi-gcc -c -MD -MP -MF deps/echonet_udp_task.d -Og -Wall -g -std=gnu99 -ffunction-sections -fdata-sections  -mfloat-abi=hard -mlittle-endian -mcpu=cortex-a9 -mthumb -mthumb-interwork -marm -march=armv7-a -mfpu=vfpv3 -mfloat-abi=hard -mno-unaligned-access  -DUSE_ARM_FPU -DTOPPERS_EXECUTE_ON_ROM -D__TARGET_ARCH_ARM=7 -DARM_MATH_CA9 -DDEVICE_ANALOGIN=1 -DDEVICE_CAN=1 -DDEVICE_EMAC=1 -DDEVICE_ETHERNET=1 -DDEVICE_FLASH=1 -DDEVICE_I2C=1 -DDEVICE_I2CSLAVE=1 -DDEVICE_I2C_ASYNCH=1 -DDEVICE_INTERRUPTIN=1 -DDEVICE_LPTICKER=1 -DDEVICE_PORTIN=1 -DDEVICE_PORTINOUT=1 -DDEVICE_PORTOUT=1 -DDEVICE_PWMOUT=1 -DDEVICE_RTC=1 -DDEVICE_SEMIHOST=1 -DDEVICE_SERIAL=1 -DDEVICE_SERIAL_ASYNCH=1 -DDEVICE_SERIAL_FC=1 -DDEVICE_SLEEP=1 -DDEVICE_SPI=1 -DDEVICE_SPISLAVE=1 -DDEVICE_SPI_ASYNCH=1 -DDEVICE_STDIO_MESSAGES=1 -DDEVICE_USTICKER=1 -DMBED_BUILD_TIMESTAMP=1550103323.92 -DTARGET_A9 -DTARGET_CORTEX -DTARGET_CORTEX_A -DTARGET_FF_ARDUINO -DTARGET_LIKE_CORTEX_A9 -DTARGET_LIKE_MBED -DTARGET_MBRZA1H -DTARGET_RELEASE -DTARGET_RENESAS -DTARGET_RZA1H -DTARGET_RZ_A1H -DTARGET_RZ_A1XX -DTARGET_RZ_A1_EMAC -DTOOLCHAIN_GCC -DTOOLCHAIN_GCC_ARM -DTOOLCHAIN_object -D__CMSIS_RTOS -D__CORTEX_A9 -D__EVAL -D__FPU_PRESENT=1 -D__MBED_CMSIS_RTOS_CA9 -D__MBED__=1 -DIRQ_GIC_LINE_COUNT=587  -DDHCP4_CLI_CFG -DUSE_PING -DUSE_RESOLVER -DUSE_NETAPP_SUBR -DNOUSE_MPF_NET_BUF -DECHONET_USE_MALLOC -DRamDisk=_binary_______ntshell_src_rom_fs_bin_start  -DTARGET_KERNEL_ASP -DSUPPORT_INET4 -DSUPPORT_IGMP -DSUPPORT_ETHER -DSUPPORT_TCP -DSUPPORT_UDP -I. -I../../asp3_dcre/include -I../../asp3_dcre -I../../asp3_dcre/../btstack/include -I../../asp3_dcre/../btstack/src -I../../asp3_dcre/../btstack/chipset -I../../asp3_dcre/../btstack/platform/embedded -I../../asp3_dcre/../usbhost/src  -I../../asp3_dcre/target/gr_peach_gcc -I../../asp3_dcre/arch/arm_gcc/rza1 -I../../asp3_dcre/arch/arm_gcc/common -I../../asp3_dcre/arch/gcc -I../../asp3_dcre/mbed -I../../asp3_dcre/mbed/cmsis -I../../asp3_dcre/mbed/cmsis/TARGET_CORTEX_A -I../../asp3_dcre/mbed/hal -I../../asp3_dcre/mbed/platform -I../../asp3_dcre/mbed/targets/TARGET_RENESAS -I../../asp3_dcre/mbed/targets/TARGET_RENESAS/TARGET_RZA1XX -I../../asp3_dcre/mbed/targets/TARGET_RENESAS/TARGET_RZA1XX/TARGET_RZ_A1H -I../../asp3_dcre/mbed/targets/TARGET_RENESAS/TARGET_RZA1XX/TARGET_RZ_A1H/TARGET_MBED_MBRZA1H -I../../asp3_dcre/mbed/targets/TARGET_RENESAS/TARGET_RZA1XX/TARGET_RZ_A1H/device -I../../asp3_dcre/mbed/targets/TARGET_RENESAS/TARGET_RZA1XX/TARGET_RZ_A1H/device/inc -I../../asp3_dcre/mbed/targets/TARGET_RENESAS/TARGET_RZA1XX/TARGET_RZ_A1H/device/inc/iobitmasks -I../../asp3_dcre/mbed/targets/TARGET_RENESAS/TARGET_RZA1XX/TARGET_RZ_A1H/device/inc/iodefines -I../../asp3_dcre/mbed/targets/TARGET_RENESAS/TARGET_RZA1XX/common -I../../asp3_dcre/mbed/rtos/TARGET_CORTEX -I../../asp3_dcre/gdic/adafruit_st7735 -I../../ntshell/echonet -I../../asp3_dcre/tinet/netapp -I../../ntshell/fatfs -I../../ntshell/ntshell -I../../ntshell/ntshell/core -I../../ntshell/ntshell/util -I../../ntshell/src -I../../ntshell/lcd -I../src -I../../asp3_dcre/tinet/netdev/if_mbed -I../../asp3_dcre/tinet -I./gen -I../../asp3_dcre/tecs_kernel -I../../musl-1.1.18/include  -DSHNM12_FONT -nostdinc ../../ntshell/echonet/echonet_udp_task.c
arm-none-eabi-gcc -c -MD -MP -MF deps/fbs_string.d -Og -Wall -g -std=gnu99 -ffunction-sections -fdata-sections  -mfloat-abi=hard -mlittle-endian -mcpu=cortex-a9 -mthumb -mthumb-interwork -marm -march=armv7-a -mfpu=vfpv3 -mfloat-abi=hard -mno-unaligned-access  -DUSE_ARM_FPU -DTOPPERS_EXECUTE_ON_ROM -D__TARGET_ARCH_ARM=7 -DARM_MATH_CA9 -DDEVICE_ANALOGIN=1 -DDEVICE_CAN=1 -DDEVICE_EMAC=1 -DDEVICE_ETHERNET=1 -DDEVICE_FLASH=1 -DDEVICE_I2C=1 -DDEVICE_I2CSLAVE=1 -DDEVICE_I2C_ASYNCH=1 -DDEVICE_INTERRUPTIN=1 -DDEVICE_LPTICKER=1 -DDEVICE_PORTIN=1 -DDEVICE_PORTINOUT=1 -DDEVICE_PORTOUT=1 -DDEVICE_PWMOUT=1 -DDEVICE_RTC=1 -DDEVICE_SEMIHOST=1 -DDEVICE_SERIAL=1 -DDEVICE_SERIAL_ASYNCH=1 -DDEVICE_SERIAL_FC=1 -DDEVICE_SLEEP=1 -DDEVICE_SPI=1 -DDEVICE_SPISLAVE=1 -DDEVICE_SPI_ASYNCH=1 -DDEVICE_STDIO_MESSAGES=1 -DDEVICE_USTICKER=1 -DMBED_BUILD_TIMESTAMP=1550103323.92 -DTARGET_A9 -DTARGET_CORTEX -DTARGET_CORTEX_A -DTARGET_FF_ARDUINO -DTARGET_LIKE_CORTEX_A9 -DTARGET_LIKE_MBED -DTARGET_MBRZA1H -DTARGET_RELEASE -DTARGET_RENESAS -DTARGET_RZA1H -DTARGET_RZ_A1H -DTARGET_RZ_A1XX -DTARGET_RZ_A1_EMAC -DTOOLCHAIN_GCC -DTOOLCHAIN_GCC_ARM -DTOOLCHAIN_object -D__CMSIS_RTOS -D__CORTEX_A9 -D__EVAL -D__FPU_PRESENT=1 -D__MBED_CMSIS_RTOS_CA9 -D__MBED__=1 -DIRQ_GIC_LINE_COUNT=587  -DDHCP4_CLI_CFG -DUSE_PING -DUSE_RESOLVER -DUSE_NETAPP_SUBR -DNOUSE_MPF_NET_BUF -DECHONET_USE_MALLOC -DRamDisk=_binary_______ntshell_src_rom_fs_bin_start  -DTARGET_KERNEL_ASP -DSUPPORT_INET4 -DSUPPORT_IGMP -DSUPPORT_ETHER -DSUPPORT_TCP -DSUPPORT_UDP -I. -I../../asp3_dcre/include -I../../asp3_dcre -I../../asp3_dcre/../btstack/include -I../../asp3_dcre/../btstack/src -I../../asp3_dcre/../btstack/chipset -I../../asp3_dcre/../btstack/platform/embedded -I../../asp3_dcre/../usbhost/src  -I../../asp3_dcre/target/gr_peach_gcc -I../../asp3_dcre/arch/arm_gcc/rza1 -I../../asp3_dcre/arch/arm_gcc/common -I../../asp3_dcre/arch/gcc -I../../asp3_dcre/mbed -I../../asp3_dcre/mbed/cmsis -I../../asp3_dcre/mbed/cmsis/TARGET_CORTEX_A -I../../asp3_dcre/mbed/hal -I../../asp3_dcre/mbed/platform -I../../asp3_dcre/mbed/targets/TARGET_RENESAS -I../../asp3_dcre/mbed/targets/TARGET_RENESAS/TARGET_RZA1XX -I../../asp3_dcre/mbed/targets/TARGET_RENESAS/TARGET_RZA1XX/TARGET_RZ_A1H -I../../asp3_dcre/mbed/targets/TARGET_RENESAS/TARGET_RZA1XX/TARGET_RZ_A1H/TARGET_MBED_MBRZA1H -I../../asp3_dcre/mbed/targets/TARGET_RENESAS/TARGET_RZA1XX/TARGET_RZ_A1H/device -I../../asp3_dcre/mbed/targets/TARGET_RENESAS/TARGET_RZA1XX/TARGET_RZ_A1H/device/inc -I../../asp3_dcre/mbed/targets/TARGET_RENESAS/TARGET_RZA1XX/TARGET_RZ_A1H/device/inc/iobitmasks -I../../asp3_dcre/mbed/targets/TARGET_RENESAS/TARGET_RZA1XX/TARGET_RZ_A1H/device/inc/iodefines -I../../asp3_dcre/mbed/targets/TARGET_RENESAS/TARGET_RZA1XX/common -I../../asp3_dcre/mbed/rtos/TARGET_CORTEX -I../../asp3_dcre/gdic/adafruit_st7735 -I../../ntshell/echonet -I../../asp3_dcre/tinet/netapp -I../../ntshell/fatfs -I../../ntshell/ntshell -I../../ntshell/ntshell/core -I../../ntshell/ntshell/util -I../../ntshell/src -I../../ntshell/lcd -I../src -I../../asp3_dcre/tinet/netdev/if_mbed -I../../asp3_dcre/tinet -I./gen -I../../asp3_dcre/tecs_kernel -I../../musl-1.1.18/include  -DSHNM12_FONT -nostdinc ../../ntshell/echonet/fbs_string.c
arm-none-eabi-gcc -c -MD -MP -MF deps/ffarch.d -Og -Wall -g -std=gnu99 -ffunction-sections -fdata-sections  -mfloat-abi=hard -mlittle-endian -mcpu=cortex-a9 -mthumb -mthumb-interwork -marm -march=armv7-a -mfpu=vfpv3 -mfloat-abi=hard -mno-unaligned-access  -DUSE_ARM_FPU -DTOPPERS_EXECUTE_ON_ROM -D__TARGET_ARCH_ARM=7 -DARM_MATH_CA9 -DDEVICE_ANALOGIN=1 -DDEVICE_CAN=1 -DDEVICE_EMAC=1 -DDEVICE_ETHERNET=1 -DDEVICE_FLASH=1 -DDEVICE_I2C=1 -DDEVICE_I2CSLAVE=1 -DDEVICE_I2C_ASYNCH=1 -DDEVICE_INTERRUPTIN=1 -DDEVICE_LPTICKER=1 -DDEVICE_PORTIN=1 -DDEVICE_PORTINOUT=1 -DDEVICE_PORTOUT=1 -DDEVICE_PWMOUT=1 -DDEVICE_RTC=1 -DDEVICE_SEMIHOST=1 -DDEVICE_SERIAL=1 -DDEVICE_SERIAL_ASYNCH=1 -DDEVICE_SERIAL_FC=1 -DDEVICE_SLEEP=1 -DDEVICE_SPI=1 -DDEVICE_SPISLAVE=1 -DDEVICE_SPI_ASYNCH=1 -DDEVICE_STDIO_MESSAGES=1 -DDEVICE_USTICKER=1 -DMBED_BUILD_TIMESTAMP=1550103323.92 -DTARGET_A9 -DTARGET_CORTEX -DTARGET_CORTEX_A -DTARGET_FF_ARDUINO -DTARGET_LIKE_CORTEX_A9 -DTARGET_LIKE_MBED -DTARGET_MBRZA1H -DTARGET_RELEASE -DTARGET_RENESAS -DTARGET_RZA1H -DTARGET_RZ_A1H -DTARGET_RZ_A1XX -DTARGET_RZ_A1_EMAC -DTOOLCHAIN_GCC -DTOOLCHAIN_GCC_ARM -DTOOLCHAIN_object -D__CMSIS_RTOS -D__CORTEX_A9 -D__EVAL -D__FPU_PRESENT=1 -D__MBED_CMSIS_RTOS_CA9 -D__MBED__=1 -DIRQ_GIC_LINE_COUNT=587  -DDHCP4_CLI_CFG -DUSE_PING -DUSE_RESOLVER -DUSE_NETAPP_SUBR -DNOUSE_MPF_NET_BUF -DECHONET_USE_MALLOC -DRamDisk=_binary_______ntshell_src_rom_fs_bin_start  -DTARGET_KERNEL_ASP -DSUPPORT_INET4 -DSUPPORT_IGMP -DSUPPORT_ETHER -DSUPPORT_TCP -DSUPPORT_UDP -I. -I../../asp3_dcre/include -I../../asp3_dcre -I../../asp3_dcre/../btstack/include -I../../asp3_dcre/../btstack/src -I../../asp3_dcre/../btstack/chipset -I../../asp3_dcre/../btstack/platform/embedded -I../../asp3_dcre/../usbhost/src  -I../../asp3_dcre/target/gr_peach_gcc -I../../asp3_dcre/arch/arm_gcc/rza1 -I../../asp3_dcre/arch/arm_gcc/common -I../../asp3_dcre/arch/gcc -I../../asp3_dcre/mbed -I../../asp3_dcre/mbed/cmsis -I../../asp3_dcre/mbed/cmsis/TARGET_CORTEX_A -I../../asp3_dcre/mbed/hal -I../../asp3_dcre/mbed/platform -I../../asp3_dcre/mbed/targets/TARGET_RENESAS -I../../asp3_dcre/mbed/targets/TARGET_RENESAS/TARGET_RZA1XX -I../../asp3_dcre/mbed/targets/TARGET_RENESAS/TARGET_RZA1XX/TARGET_RZ_A1H -I../../asp3_dcre/mbed/targets/TARGET_RENESAS/TARGET_RZA1XX/TARGET_RZ_A1H/TARGET_MBED_MBRZA1H -I../../asp3_dcre/mbed/targets/TARGET_RENESAS/TARGET_RZA1XX/TARGET_RZ_A1H/device -I../../asp3_dcre/mbed/targets/TARGET_RENESAS/TARGET_RZA1XX/TARGET_RZ_A1H/device/inc -I../../asp3_dcre/mbed/targets/TARGET_RENESAS/TARGET_RZA1XX/TARGET_RZ_A1H/device/inc/iobitmasks -I../../asp3_dcre/mbed/targets/TARGET_RENESAS/TARGET_RZA1XX/TARGET_RZ_A1H/device/inc/iodefines -I../../asp3_dcre/mbed/targets/TARGET_RENESAS/TARGET_RZA1XX/common -I../../asp3_dcre/mbed/rtos/TARGET_CORTEX -I../../asp3_dcre/gdic/adafruit_st7735 -I../../ntshell/echonet -I../../asp3_dcre/tinet/netapp -I../../ntshell/fatfs -I../../ntshell/ntshell -I../../ntshell/ntshell/core -I../../ntshell/ntshell/util -I../../ntshell/src -I../../ntshell/lcd -I../src -I../../asp3_dcre/tinet/netdev/if_mbed -I../../asp3_dcre/tinet -I./gen -I../../asp3_dcre/tecs_kernel -I../../musl-1.1.18/include  -DSHNM12_FONT -nostdinc ../../ntshell/fatfs/ffarch.c
arm-none-eabi-gcc -c -MD -MP -MF deps/sdfs.d -Og -Wall -g -std=gnu99 -ffunction-sections -fdata-sections  -mfloat-abi=hard -mlittle-endian -mcpu=cortex-a9 -mthumb -mthumb-interwork -marm -march=armv7-a -mfpu=vfpv3 -mfloat-abi=hard -mno-unaligned-access  -DUSE_ARM_FPU -DTOPPERS_EXECUTE_ON_ROM -D__TARGET_ARCH_ARM=7 -DARM_MATH_CA9 -DDEVICE_ANALOGIN=1 -DDEVICE_CAN=1 -DDEVICE_EMAC=1 -DDEVICE_ETHERNET=1 -DDEVICE_FLASH=1 -DDEVICE_I2C=1 -DDEVICE_I2CSLAVE=1 -DDEVICE_I2C_ASYNCH=1 -DDEVICE_INTERRUPTIN=1 -DDEVICE_LPTICKER=1 -DDEVICE_PORTIN=1 -DDEVICE_PORTINOUT=1 -DDEVICE_PORTOUT=1 -DDEVICE_PWMOUT=1 -DDEVICE_RTC=1 -DDEVICE_SEMIHOST=1 -DDEVICE_SERIAL=1 -DDEVICE_SERIAL_ASYNCH=1 -DDEVICE_SERIAL_FC=1 -DDEVICE_SLEEP=1 -DDEVICE_SPI=1 -DDEVICE_SPISLAVE=1 -DDEVICE_SPI_ASYNCH=1 -DDEVICE_STDIO_MESSAGES=1 -DDEVICE_USTICKER=1 -DMBED_BUILD_TIMESTAMP=1550103323.92 -DTARGET_A9 -DTARGET_CORTEX -DTARGET_CORTEX_A -DTARGET_FF_ARDUINO -DTARGET_LIKE_CORTEX_A9 -DTARGET_LIKE_MBED -DTARGET_MBRZA1H -DTARGET_RELEASE -DTARGET_RENESAS -DTARGET_RZA1H -DTARGET_RZ_A1H -DTARGET_RZ_A1XX -DTARGET_RZ_A1_EMAC -DTOOLCHAIN_GCC -DTOOLCHAIN_GCC_ARM -DTOOLCHAIN_object -D__CMSIS_RTOS -D__CORTEX_A9 -D__EVAL -D__FPU_PRESENT=1 -D__MBED_CMSIS_RTOS_CA9 -D__MBED__=1 -DIRQ_GIC_LINE_COUNT=587  -DDHCP4_CLI_CFG -DUSE_PING -DUSE_RESOLVER -DUSE_NETAPP_SUBR -DNOUSE_MPF_NET_BUF -DECHONET_USE_MALLOC -DRamDisk=_binary_______ntshell_src_rom_fs_bin_start  -DTARGET_KERNEL_ASP -DSUPPORT_INET4 -DSUPPORT_IGMP -DSUPPORT_ETHER -DSUPPORT_TCP -DSUPPORT_UDP -I. -I../../asp3_dcre/include -I../../asp3_dcre -I../../asp3_dcre/../btstack/include -I../../asp3_dcre/../btstack/src -I../../asp3_dcre/../btstack/chipset -I../../asp3_dcre/../btstack/platform/embedded -I../../asp3_dcre/../usbhost/src  -I../../asp3_dcre/target/gr_peach_gcc -I../../asp3_dcre/arch/arm_gcc/rza1 -I../../asp3_dcre/arch/arm_gcc/common -I../../asp3_dcre/arch/gcc -I../../asp3_dcre/mbed -I../../asp3_dcre/mbed/cmsis -I../../asp3_dcre/mbed/cmsis/TARGET_CORTEX_A -I../../asp3_dcre/mbed/hal -I../../asp3_dcre/mbed/platform -I../../asp3_dcre/mbed/targets/TARGET_RENESAS -I../../asp3_dcre/mbed/targets/TARGET_RENESAS/TARGET_RZA1XX -I../../asp3_dcre/mbed/targets/TARGET_RENESAS/TARGET_RZA1XX/TARGET_RZ_A1H -I../../asp3_dcre/mbed/targets/TARGET_RENESAS/TARGET_RZA1XX/TARGET_RZ_A1H/TARGET_MBED_MBRZA1H -I../../asp3_dcre/mbed/targets/TARGET_RENESAS/TARGET_RZA1XX/TARGET_RZ_A1H/device -I../../asp3_dcre/mbed/targets/TARGET_RENESAS/TARGET_RZA1XX/TARGET_RZ_A1H/device/inc -I../../asp3_dcre/mbed/targets/TARGET_RENESAS/TARGET_RZA1XX/TARGET_RZ_A1H/device/inc/iobitmasks -I../../asp3_dcre/mbed/targets/TARGET_RENESAS/TARGET_RZA1XX/TARGET_RZ_A1H/device/inc/iodefines -I../../asp3_dcre/mbed/targets/TARGET_RENESAS/TARGET_RZA1XX/common -I../../asp3_dcre/mbed/rtos/TARGET_CORTEX -I../../asp3_dcre/gdic/adafruit_st7735 -I../../ntshell/echonet -I../../asp3_dcre/tinet/netapp -I../../ntshell/fatfs -I../../ntshell/ntshell -I../../ntshell/ntshell/core -I../../ntshell/ntshell/util -I../../ntshell/src -I../../ntshell/lcd -I../src -I../../asp3_dcre/tinet/netdev/if_mbed -I../../asp3_dcre/tinet -I./gen -I../../asp3_dcre/tecs_kernel -I../../musl-1.1.18/include  -DSHNM12_FONT -nostdinc ../../ntshell/fatfs/sdfs.c
../../ntshell/echonet/echonet_fbs.c:239:12: warning: 'copy_message' defined but not used [-Wunused-function]
 static int copy_message(T_ECN_FST_BLK *pk_src, int spos, T_ECN_FST_BLK *pk_dst, int dpos, int size)
            ^~~~~~~~~~~~
../../ntshell/echonet/echonet_dbg.c:212:1: warning: "/*" within comment [-Wcomment]
 /* */
  
../../ntshell/fatfs/sdfs.c: In function 'sdfs_initialize':
../../ntshell/fatfs/sdfs.c:254:6: warning: implicit declaration of function 'sdfs__cmdx' [-Wimplicit-function-declaration]
  if (sdfs__cmdx(obj, 10, 0) != 0  /* READ_CID */
      ^~~~~~~~~~
../../ntshell/fatfs/sdfs.c: In function 'sdfs__sd_sectors':
../../ntshell/fatfs/sdfs.c:542:20: warning: format '%ld' expects argument of type 'long int', but argument 3 has type 'uint64_t {aka long long unsigned int}' [-Wformat=]
   debug_if(SD_DBG, "\n\rSDCard\n\rc_size: %d \n\rcapacity: %ld \n\rsectors: %lld\n\r", c_size, obj->_capacity, blocks);
                    ^
../../ntshell/fatfs/sdfs.c:123:46: note: in definition of macro 'debug_if'
 #define debug_if(cond, ...) if(cond){ printf(__VA_ARGS__); }
                                              ^~~~~~~~~~~
arm-none-eabi-gcc -c -MD -MP -MF deps/main.d -Og -Wall -g -std=gnu99 -ffunction-sections -fdata-sections  -mfloat-abi=hard -mlittle-endian -mcpu=cortex-a9 -mthumb -mthumb-interwork -marm -march=armv7-a -mfpu=vfpv3 -mfloat-abi=hard -mno-unaligned-access  -DUSE_ARM_FPU -DTOPPERS_EXECUTE_ON_ROM -D__TARGET_ARCH_ARM=7 -DARM_MATH_CA9 -DDEVICE_ANALOGIN=1 -DDEVICE_CAN=1 -DDEVICE_EMAC=1 -DDEVICE_ETHERNET=1 -DDEVICE_FLASH=1 -DDEVICE_I2C=1 -DDEVICE_I2CSLAVE=1 -DDEVICE_I2C_ASYNCH=1 -DDEVICE_INTERRUPTIN=1 -DDEVICE_LPTICKER=1 -DDEVICE_PORTIN=1 -DDEVICE_PORTINOUT=1 -DDEVICE_PORTOUT=1 -DDEVICE_PWMOUT=1 -DDEVICE_RTC=1 -DDEVICE_SEMIHOST=1 -DDEVICE_SERIAL=1 -DDEVICE_SERIAL_ASYNCH=1 -DDEVICE_SERIAL_FC=1 -DDEVICE_SLEEP=1 -DDEVICE_SPI=1 -DDEVICE_SPISLAVE=1 -DDEVICE_SPI_ASYNCH=1 -DDEVICE_STDIO_MESSAGES=1 -DDEVICE_USTICKER=1 -DMBED_BUILD_TIMESTAMP=1550103323.92 -DTARGET_A9 -DTARGET_CORTEX -DTARGET_CORTEX_A -DTARGET_FF_ARDUINO -DTARGET_LIKE_CORTEX_A9 -DTARGET_LIKE_MBED -DTARGET_MBRZA1H -DTARGET_RELEASE -DTARGET_RENESAS -DTARGET_RZA1H -DTARGET_RZ_A1H -DTARGET_RZ_A1XX -DTARGET_RZ_A1_EMAC -DTOOLCHAIN_GCC -DTOOLCHAIN_GCC_ARM -DTOOLCHAIN_object -D__CMSIS_RTOS -D__CORTEX_A9 -D__EVAL -D__FPU_PRESENT=1 -D__MBED_CMSIS_RTOS_CA9 -D__MBED__=1 -DIRQ_GIC_LINE_COUNT=587  -DDHCP4_CLI_CFG -DUSE_PING -DUSE_RESOLVER -DUSE_NETAPP_SUBR -DNOUSE_MPF_NET_BUF -DECHONET_USE_MALLOC -DRamDisk=_binary_______ntshell_src_rom_fs_bin_start  -DTARGET_KERNEL_ASP -DSUPPORT_INET4 -DSUPPORT_IGMP -DSUPPORT_ETHER -DSUPPORT_TCP -DSUPPORT_UDP -I. -I../../asp3_dcre/include -I../../asp3_dcre -I../../asp3_dcre/../btstack/include -I../../asp3_dcre/../btstack/src -I../../asp3_dcre/../btstack/chipset -I../../asp3_dcre/../btstack/platform/embedded -I../../asp3_dcre/../usbhost/src  -I../../asp3_dcre/target/gr_peach_gcc -I../../asp3_dcre/arch/arm_gcc/rza1 -I../../asp3_dcre/arch/arm_gcc/common -I../../asp3_dcre/arch/gcc -I../../asp3_dcre/mbed -I../../asp3_dcre/mbed/cmsis -I../../asp3_dcre/mbed/cmsis/TARGET_CORTEX_A -I../../asp3_dcre/mbed/hal -I../../asp3_dcre/mbed/platform -I../../asp3_dcre/mbed/targets/TARGET_RENESAS -I../../asp3_dcre/mbed/targets/TARGET_RENESAS/TARGET_RZA1XX -I../../asp3_dcre/mbed/targets/TARGET_RENESAS/TARGET_RZA1XX/TARGET_RZ_A1H -I../../asp3_dcre/mbed/targets/TARGET_RENESAS/TARGET_RZA1XX/TARGET_RZ_A1H/TARGET_MBED_MBRZA1H -I../../asp3_dcre/mbed/targets/TARGET_RENESAS/TARGET_RZA1XX/TARGET_RZ_A1H/device -I../../asp3_dcre/mbed/targets/TARGET_RENESAS/TARGET_RZA1XX/TARGET_RZ_A1H/device/inc -I../../asp3_dcre/mbed/targets/TARGET_RENESAS/TARGET_RZA1XX/TARGET_RZ_A1H/device/inc/iobitmasks -I../../asp3_dcre/mbed/targets/TARGET_RENESAS/TARGET_RZA1XX/TARGET_RZ_A1H/device/inc/iodefines -I../../asp3_dcre/mbed/targets/TARGET_RENESAS/TARGET_RZA1XX/common -I../../asp3_dcre/mbed/rtos/TARGET_CORTEX -I../../asp3_dcre/gdic/adafruit_st7735 -I../../ntshell/echonet -I../../asp3_dcre/tinet/netapp -I../../ntshell/fatfs -I../../ntshell/ntshell -I../../ntshell/ntshell/core -I../../ntshell/ntshell/util -I../../ntshell/src -I../../ntshell/lcd -I../src -I../../asp3_dcre/tinet/netdev/if_mbed -I../../asp3_dcre/tinet -I./gen -I../../asp3_dcre/tecs_kernel -I../../musl-1.1.18/include  -DSHNM12_FONT -nostdinc ../src/main.c
arm-none-eabi-gcc -c -MD -MP -MF deps/echonet_main.d -Og -Wall -g -std=gnu99 -ffunction-sections -fdata-sections  -mfloat-abi=hard -mlittle-endian -mcpu=cortex-a9 -mthumb -mthumb-interwork -marm -march=armv7-a -mfpu=vfpv3 -mfloat-abi=hard -mno-unaligned-access  -DUSE_ARM_FPU -DTOPPERS_EXECUTE_ON_ROM -D__TARGET_ARCH_ARM=7 -DARM_MATH_CA9 -DDEVICE_ANALOGIN=1 -DDEVICE_CAN=1 -DDEVICE_EMAC=1 -DDEVICE_ETHERNET=1 -DDEVICE_FLASH=1 -DDEVICE_I2C=1 -DDEVICE_I2CSLAVE=1 -DDEVICE_I2C_ASYNCH=1 -DDEVICE_INTERRUPTIN=1 -DDEVICE_LPTICKER=1 -DDEVICE_PORTIN=1 -DDEVICE_PORTINOUT=1 -DDEVICE_PORTOUT=1 -DDEVICE_PWMOUT=1 -DDEVICE_RTC=1 -DDEVICE_SEMIHOST=1 -DDEVICE_SERIAL=1 -DDEVICE_SERIAL_ASYNCH=1 -DDEVICE_SERIAL_FC=1 -DDEVICE_SLEEP=1 -DDEVICE_SPI=1 -DDEVICE_SPISLAVE=1 -DDEVICE_SPI_ASYNCH=1 -DDEVICE_STDIO_MESSAGES=1 -DDEVICE_USTICKER=1 -DMBED_BUILD_TIMESTAMP=1550103323.92 -DTARGET_A9 -DTARGET_CORTEX -DTARGET_CORTEX_A -DTARGET_FF_ARDUINO -DTARGET_LIKE_CORTEX_A9 -DTARGET_LIKE_MBED -DTARGET_MBRZA1H -DTARGET_RELEASE -DTARGET_RENESAS -DTARGET_RZA1H -DTARGET_RZ_A1H -DTARGET_RZ_A1XX -DTARGET_RZ_A1_EMAC -DTOOLCHAIN_GCC -DTOOLCHAIN_GCC_ARM -DTOOLCHAIN_object -D__CMSIS_RTOS -D__CORTEX_A9 -D__EVAL -D__FPU_PRESENT=1 -D__MBED_CMSIS_RTOS_CA9 -D__MBED__=1 -DIRQ_GIC_LINE_COUNT=587  -DDHCP4_CLI_CFG -DUSE_PING -DUSE_RESOLVER -DUSE_NETAPP_SUBR -DNOUSE_MPF_NET_BUF -DECHONET_USE_MALLOC -DRamDisk=_binary_______ntshell_src_rom_fs_bin_start  -DTARGET_KERNEL_ASP -DSUPPORT_INET4 -DSUPPORT_IGMP -DSUPPORT_ETHER -DSUPPORT_TCP -DSUPPORT_UDP -I. -I../../asp3_dcre/include -I../../asp3_dcre -I../../asp3_dcre/../btstack/include -I../../asp3_dcre/../btstack/src -I../../asp3_dcre/../btstack/chipset -I../../asp3_dcre/../btstack/platform/embedded -I../../asp3_dcre/../usbhost/src  -I../../asp3_dcre/target/gr_peach_gcc -I../../asp3_dcre/arch/arm_gcc/rza1 -I../../asp3_dcre/arch/arm_gcc/common -I../../asp3_dcre/arch/gcc -I../../asp3_dcre/mbed -I../../asp3_dcre/mbed/cmsis -I../../asp3_dcre/mbed/cmsis/TARGET_CORTEX_A -I../../asp3_dcre/mbed/hal -I../../asp3_dcre/mbed/platform -I../../asp3_dcre/mbed/targets/TARGET_RENESAS -I../../asp3_dcre/mbed/targets/TARGET_RENESAS/TARGET_RZA1XX -I../../asp3_dcre/mbed/targets/TARGET_RENESAS/TARGET_RZA1XX/TARGET_RZ_A1H -I../../asp3_dcre/mbed/targets/TARGET_RENESAS/TARGET_RZA1XX/TARGET_RZ_A1H/TARGET_MBED_MBRZA1H -I../../asp3_dcre/mbed/targets/TARGET_RENESAS/TARGET_RZA1XX/TARGET_RZ_A1H/device -I../../asp3_dcre/mbed/targets/TARGET_RENESAS/TARGET_RZA1XX/TARGET_RZ_A1H/device/inc -I../../asp3_dcre/mbed/targets/TARGET_RENESAS/TARGET_RZA1XX/TARGET_RZ_A1H/device/inc/iobitmasks -I../../asp3_dcre/mbed/targets/TARGET_RENESAS/TARGET_RZA1XX/TARGET_RZ_A1H/device/inc/iodefines -I../../asp3_dcre/mbed/targets/TARGET_RENESAS/TARGET_RZA1XX/common -I../../asp3_dcre/mbed/rtos/TARGET_CORTEX -I../../asp3_dcre/gdic/adafruit_st7735 -I../../ntshell/echonet -I../../asp3_dcre/tinet/netapp -I../../ntshell/fatfs -I../../ntshell/ntshell -I../../ntshell/ntshell/core -I../../ntshell/ntshell/util -I../../ntshell/src -I../../ntshell/lcd -I../src -I../../asp3_dcre/tinet/netdev/if_mbed -I../../asp3_dcre/tinet -I./gen -I../../asp3_dcre/tecs_kernel -I../../musl-1.1.18/include  -DSHNM12_FONT -nostdinc ../src/echonet_main.c
../src/echonet_main.c: In function 'main_recv_esv':
../src/echonet_main.c:626:5: warning: enumeration value 'main_state_start' not handled in switch [-Wswitch]
     switch (main_state) {
     ^~~~~~
../src/echonet_main.c:626:5: warning: enumeration value 'main_state_survey_01' not handled in switch [-Wswitch]
../src/echonet_main.c:626:5: warning: enumeration value 'main_state_survey_02' not handled in switch [-Wswitch]
../src/echonet_main.c:626:5: warning: enumeration value 'main_state_survey_03' not handled in switch [-Wswitch]
../src/echonet_main.c:626:5: warning: enumeration value 'main_state_survey_04' not handled in switch [-Wswitch]
../src/echonet_main.c:626:5: warning: enumeration value 'main_state_interval' not handled in switch [-Wswitch]
../src/echonet_main.c:637:5: warning: enumeration value 'main_state_start' not handled in switch [-Wswitch]
     switch (main_state) {
     ^~~~~~
../src/echonet_main.c:637:5: warning: enumeration value 'main_state_idle' not handled in switch [-Wswitch]
../src/echonet_main.c:637:5: warning: enumeration value 'main_state_search' not handled in switch [-Wswitch]
../src/echonet_main.c:637:5: warning: enumeration value 'main_state_interval' not handled in switch [-Wswitch]
../src/echonet_main.c: In function 'main_break_wait':
../src/echonet_main.c:799:9: warning: implicit declaration of function 'str_macaddr' [-Wimplicit-function-declaration]
   pos = str_macaddr(&mac_text[4], sizeof(mac_text) - 4, mac_addr, 0);
         ^~~~~~~~~~~
../src/echonet_main.c:804:9: warning: implicit declaration of function 'str_ipv4addr' [-Wimplicit-function-declaration]
   pos = str_ipv4addr(&ipaddr_text[6], sizeof(ipaddr_text) - 6, ip4_addr, 0);
         ^~~~~~~~~~~~
../src/main.c: In function 'main_initialize':
../src/main.c:180:10: warning: variable 'fno' set but not used [-Wunused-but-set-variable]
  FILINFO fno;
          ^~~
arm-none-eabi-gcc -c -MD -MP -MF deps/kernel_cfg.d -Og -Wall -g -std=gnu99 -ffunction-sections -fdata-sections  -mfloat-abi=hard -mlittle-endian -mcpu=cortex-a9 -mthumb -mthumb-interwork -marm -march=armv7-a -mfpu=vfpv3 -mfloat-abi=hard -mno-unaligned-access  -DUSE_ARM_FPU -DTOPPERS_EXECUTE_ON_ROM -D__TARGET_ARCH_ARM=7 -DARM_MATH_CA9 -DDEVICE_ANALOGIN=1 -DDEVICE_CAN=1 -DDEVICE_EMAC=1 -DDEVICE_ETHERNET=1 -DDEVICE_FLASH=1 -DDEVICE_I2C=1 -DDEVICE_I2CSLAVE=1 -DDEVICE_I2C_ASYNCH=1 -DDEVICE_INTERRUPTIN=1 -DDEVICE_LPTICKER=1 -DDEVICE_PORTIN=1 -DDEVICE_PORTINOUT=1 -DDEVICE_PORTOUT=1 -DDEVICE_PWMOUT=1 -DDEVICE_RTC=1 -DDEVICE_SEMIHOST=1 -DDEVICE_SERIAL=1 -DDEVICE_SERIAL_ASYNCH=1 -DDEVICE_SERIAL_FC=1 -DDEVICE_SLEEP=1 -DDEVICE_SPI=1 -DDEVICE_SPISLAVE=1 -DDEVICE_SPI_ASYNCH=1 -DDEVICE_STDIO_MESSAGES=1 -DDEVICE_USTICKER=1 -DMBED_BUILD_TIMESTAMP=1550103323.92 -DTARGET_A9 -DTARGET_CORTEX -DTARGET_CORTEX_A -DTARGET_FF_ARDUINO -DTARGET_LIKE_CORTEX_A9 -DTARGET_LIKE_MBED -DTARGET_MBRZA1H -DTARGET_RELEASE -DTARGET_RENESAS -DTARGET_RZA1H -DTARGET_RZ_A1H -DTARGET_RZ_A1XX -DTARGET_RZ_A1_EMAC -DTOOLCHAIN_GCC -DTOOLCHAIN_GCC_ARM -DTOOLCHAIN_object -D__CMSIS_RTOS -D__CORTEX_A9 -D__EVAL -D__FPU_PRESENT=1 -D__MBED_CMSIS_RTOS_CA9 -D__MBED__=1 -DIRQ_GIC_LINE_COUNT=587  -DDHCP4_CLI_CFG -DUSE_PING -DUSE_RESOLVER -DUSE_NETAPP_SUBR -DNOUSE_MPF_NET_BUF -DECHONET_USE_MALLOC -DRamDisk=_binary_______ntshell_src_rom_fs_bin_start  -DTARGET_KERNEL_ASP -DSUPPORT_INET4 -DSUPPORT_IGMP -DSUPPORT_ETHER -DSUPPORT_TCP -DSUPPORT_UDP -I. -I../../asp3_dcre/include -I../../asp3_dcre -I../../asp3_dcre/../btstack/include -I../../asp3_dcre/../btstack/src -I../../asp3_dcre/../btstack/chipset -I../../asp3_dcre/../btstack/platform/embedded -I../../asp3_dcre/../usbhost/src  -I../../asp3_dcre/target/gr_peach_gcc -I../../asp3_dcre/arch/arm_gcc/rza1 -I../../asp3_dcre/arch/arm_gcc/common -I../../asp3_dcre/arch/gcc -I../../asp3_dcre/mbed -I../../asp3_dcre/mbed/cmsis -I../../asp3_dcre/mbed/cmsis/TARGET_CORTEX_A -I../../asp3_dcre/mbed/hal -I../../asp3_dcre/mbed/platform -I../../asp3_dcre/mbed/targets/TARGET_RENESAS -I../../asp3_dcre/mbed/targets/TARGET_RENESAS/TARGET_RZA1XX -I../../asp3_dcre/mbed/targets/TARGET_RENESAS/TARGET_RZA1XX/TARGET_RZ_A1H -I../../asp3_dcre/mbed/targets/TARGET_RENESAS/TARGET_RZA1XX/TARGET_RZ_A1H/TARGET_MBED_MBRZA1H -I../../asp3_dcre/mbed/targets/TARGET_RENESAS/TARGET_RZA1XX/TARGET_RZ_A1H/device -I../../asp3_dcre/mbed/targets/TARGET_RENESAS/TARGET_RZA1XX/TARGET_RZ_A1H/device/inc -I../../asp3_dcre/mbed/targets/TARGET_RENESAS/TARGET_RZA1XX/TARGET_RZ_A1H/device/inc/iobitmasks -I../../asp3_dcre/mbed/targets/TARGET_RENESAS/TARGET_RZA1XX/TARGET_RZ_A1H/device/inc/iodefines -I../../asp3_dcre/mbed/targets/TARGET_RENESAS/TARGET_RZA1XX/common -I../../asp3_dcre/mbed/rtos/TARGET_CORTEX -I../../asp3_dcre/gdic/adafruit_st7735 -I../../ntshell/echonet -I../../asp3_dcre/tinet/netapp -I../../ntshell/fatfs -I../../ntshell/ntshell -I../../ntshell/ntshell/core -I../../ntshell/ntshell/util -I../../ntshell/src -I../../ntshell/lcd -I../src -I../../asp3_dcre/tinet/netdev/if_mbed -I../../asp3_dcre/tinet -I./gen -I../../asp3_dcre/tecs_kernel -I../../musl-1.1.18/include -DTOPPERS_CB_TYPE_ONLY  kernel_cfg.c
arm-none-eabi-gcc -c -MD -MP -MF deps/echonet_cfg.d -Og -Wall -g -std=gnu99 -ffunction-sections -fdata-sections  -mfloat-abi=hard -mlittle-endian -mcpu=cortex-a9 -mthumb -mthumb-interwork -marm -march=armv7-a -mfpu=vfpv3 -mfloat-abi=hard -mno-unaligned-access  -DUSE_ARM_FPU -DTOPPERS_EXECUTE_ON_ROM -D__TARGET_ARCH_ARM=7 -DARM_MATH_CA9 -DDEVICE_ANALOGIN=1 -DDEVICE_CAN=1 -DDEVICE_EMAC=1 -DDEVICE_ETHERNET=1 -DDEVICE_FLASH=1 -DDEVICE_I2C=1 -DDEVICE_I2CSLAVE=1 -DDEVICE_I2C_ASYNCH=1 -DDEVICE_INTERRUPTIN=1 -DDEVICE_LPTICKER=1 -DDEVICE_PORTIN=1 -DDEVICE_PORTINOUT=1 -DDEVICE_PORTOUT=1 -DDEVICE_PWMOUT=1 -DDEVICE_RTC=1 -DDEVICE_SEMIHOST=1 -DDEVICE_SERIAL=1 -DDEVICE_SERIAL_ASYNCH=1 -DDEVICE_SERIAL_FC=1 -DDEVICE_SLEEP=1 -DDEVICE_SPI=1 -DDEVICE_SPISLAVE=1 -DDEVICE_SPI_ASYNCH=1 -DDEVICE_STDIO_MESSAGES=1 -DDEVICE_USTICKER=1 -DMBED_BUILD_TIMESTAMP=1550103323.92 -DTARGET_A9 -DTARGET_CORTEX -DTARGET_CORTEX_A -DTARGET_FF_ARDUINO -DTARGET_LIKE_CORTEX_A9 -DTARGET_LIKE_MBED -DTARGET_MBRZA1H -DTARGET_RELEASE -DTARGET_RENESAS -DTARGET_RZA1H -DTARGET_RZ_A1H -DTARGET_RZ_A1XX -DTARGET_RZ_A1_EMAC -DTOOLCHAIN_GCC -DTOOLCHAIN_GCC_ARM -DTOOLCHAIN_object -D__CMSIS_RTOS -D__CORTEX_A9 -D__EVAL -D__FPU_PRESENT=1 -D__MBED_CMSIS_RTOS_CA9 -D__MBED__=1 -DIRQ_GIC_LINE_COUNT=587  -DDHCP4_CLI_CFG -DUSE_PING -DUSE_RESOLVER -DUSE_NETAPP_SUBR -DNOUSE_MPF_NET_BUF -DECHONET_USE_MALLOC -DRamDisk=_binary_______ntshell_src_rom_fs_bin_start  -DTARGET_KERNEL_ASP -DSUPPORT_INET4 -DSUPPORT_IGMP -DSUPPORT_ETHER -DSUPPORT_TCP -DSUPPORT_UDP -I. -I../../asp3_dcre/include -I../../asp3_dcre -I../../asp3_dcre/../btstack/include -I../../asp3_dcre/../btstack/src -I../../asp3_dcre/../btstack/chipset -I../../asp3_dcre/../btstack/platform/embedded -I../../asp3_dcre/../usbhost/src  -I../../asp3_dcre/target/gr_peach_gcc -I../../asp3_dcre/arch/arm_gcc/rza1 -I../../asp3_dcre/arch/arm_gcc/common -I../../asp3_dcre/arch/gcc -I../../asp3_dcre/mbed -I../../asp3_dcre/mbed/cmsis -I../../asp3_dcre/mbed/cmsis/TARGET_CORTEX_A -I../../asp3_dcre/mbed/hal -I../../asp3_dcre/mbed/platform -I../../asp3_dcre/mbed/targets/TARGET_RENESAS -I../../asp3_dcre/mbed/targets/TARGET_RENESAS/TARGET_RZA1XX -I../../asp3_dcre/mbed/targets/TARGET_RENESAS/TARGET_RZA1XX/TARGET_RZ_A1H -I../../asp3_dcre/mbed/targets/TARGET_RENESAS/TARGET_RZA1XX/TARGET_RZ_A1H/TARGET_MBED_MBRZA1H -I../../asp3_dcre/mbed/targets/TARGET_RENESAS/TARGET_RZA1XX/TARGET_RZ_A1H/device -I../../asp3_dcre/mbed/targets/TARGET_RENESAS/TARGET_RZA1XX/TARGET_RZ_A1H/device/inc -I../../asp3_dcre/mbed/targets/TARGET_RENESAS/TARGET_RZA1XX/TARGET_RZ_A1H/device/inc/iobitmasks -I../../asp3_dcre/mbed/targets/TARGET_RENESAS/TARGET_RZA1XX/TARGET_RZ_A1H/device/inc/iodefines -I../../asp3_dcre/mbed/targets/TARGET_RENESAS/TARGET_RZA1XX/common -I../../asp3_dcre/mbed/rtos/TARGET_CORTEX -I../../asp3_dcre/gdic/adafruit_st7735 -I../../ntshell/echonet -I../../asp3_dcre/tinet/netapp -I../../ntshell/fatfs -I../../ntshell/ntshell -I../../ntshell/ntshell/core -I../../ntshell/ntshell/util -I../../ntshell/src -I../../ntshell/lcd -I../src -I../../asp3_dcre/tinet/netdev/if_mbed -I../../asp3_dcre/tinet -I./gen -I../../asp3_dcre/tecs_kernel -I../../musl-1.1.18/include -DTOPPERS_CB_TYPE_ONLY  echonet_cfg.c
arm-none-eabi-gcc -c -MD -MP -MF deps/tinet_cfg.d -Og -Wall -g -std=gnu99 -ffunction-sections -fdata-sections  -mfloat-abi=hard -mlittle-endian -mcpu=cortex-a9 -mthumb -mthumb-interwork -marm -march=armv7-a -mfpu=vfpv3 -mfloat-abi=hard -mno-unaligned-access  -DUSE_ARM_FPU -DTOPPERS_EXECUTE_ON_ROM -D__TARGET_ARCH_ARM=7 -DARM_MATH_CA9 -DDEVICE_ANALOGIN=1 -DDEVICE_CAN=1 -DDEVICE_EMAC=1 -DDEVICE_ETHERNET=1 -DDEVICE_FLASH=1 -DDEVICE_I2C=1 -DDEVICE_I2CSLAVE=1 -DDEVICE_I2C_ASYNCH=1 -DDEVICE_INTERRUPTIN=1 -DDEVICE_LPTICKER=1 -DDEVICE_PORTIN=1 -DDEVICE_PORTINOUT=1 -DDEVICE_PORTOUT=1 -DDEVICE_PWMOUT=1 -DDEVICE_RTC=1 -DDEVICE_SEMIHOST=1 -DDEVICE_SERIAL=1 -DDEVICE_SERIAL_ASYNCH=1 -DDEVICE_SERIAL_FC=1 -DDEVICE_SLEEP=1 -DDEVICE_SPI=1 -DDEVICE_SPISLAVE=1 -DDEVICE_SPI_ASYNCH=1 -DDEVICE_STDIO_MESSAGES=1 -DDEVICE_USTICKER=1 -DMBED_BUILD_TIMESTAMP=1550103323.92 -DTARGET_A9 -DTARGET_CORTEX -DTARGET_CORTEX_A -DTARGET_FF_ARDUINO -DTARGET_LIKE_CORTEX_A9 -DTARGET_LIKE_MBED -DTARGET_MBRZA1H -DTARGET_RELEASE -DTARGET_RENESAS -DTARGET_RZA1H -DTARGET_RZ_A1H -DTARGET_RZ_A1XX -DTARGET_RZ_A1_EMAC -DTOOLCHAIN_GCC -DTOOLCHAIN_GCC_ARM -DTOOLCHAIN_object -D__CMSIS_RTOS -D__CORTEX_A9 -D__EVAL -D__FPU_PRESENT=1 -D__MBED_CMSIS_RTOS_CA9 -D__MBED__=1 -DIRQ_GIC_LINE_COUNT=587  -DDHCP4_CLI_CFG -DUSE_PING -DUSE_RESOLVER -DUSE_NETAPP_SUBR -DNOUSE_MPF_NET_BUF -DECHONET_USE_MALLOC -DRamDisk=_binary_______ntshell_src_rom_fs_bin_start  -DTARGET_KERNEL_ASP -DSUPPORT_INET4 -DSUPPORT_IGMP -DSUPPORT_ETHER -DSUPPORT_TCP -DSUPPORT_UDP -I. -I../../asp3_dcre/include -I../../asp3_dcre -I../../asp3_dcre/../btstack/include -I../../asp3_dcre/../btstack/src -I../../asp3_dcre/../btstack/chipset -I../../asp3_dcre/../btstack/platform/embedded -I../../asp3_dcre/../usbhost/src  -I../../asp3_dcre/target/gr_peach_gcc -I../../asp3_dcre/arch/arm_gcc/rza1 -I../../asp3_dcre/arch/arm_gcc/common -I../../asp3_dcre/arch/gcc -I../../asp3_dcre/mbed -I../../asp3_dcre/mbed/cmsis -I../../asp3_dcre/mbed/cmsis/TARGET_CORTEX_A -I../../asp3_dcre/mbed/hal -I../../asp3_dcre/mbed/platform -I../../asp3_dcre/mbed/targets/TARGET_RENESAS -I../../asp3_dcre/mbed/targets/TARGET_RENESAS/TARGET_RZA1XX -I../../asp3_dcre/mbed/targets/TARGET_RENESAS/TARGET_RZA1XX/TARGET_RZ_A1H -I../../asp3_dcre/mbed/targets/TARGET_RENESAS/TARGET_RZA1XX/TARGET_RZ_A1H/TARGET_MBED_MBRZA1H -I../../asp3_dcre/mbed/targets/TARGET_RENESAS/TARGET_RZA1XX/TARGET_RZ_A1H/device -I../../asp3_dcre/mbed/targets/TARGET_RENESAS/TARGET_RZA1XX/TARGET_RZ_A1H/device/inc -I../../asp3_dcre/mbed/targets/TARGET_RENESAS/TARGET_RZA1XX/TARGET_RZ_A1H/device/inc/iobitmasks -I../../asp3_dcre/mbed/targets/TARGET_RENESAS/TARGET_RZA1XX/TARGET_RZ_A1H/device/inc/iodefines -I../../asp3_dcre/mbed/targets/TARGET_RENESAS/TARGET_RZA1XX/common -I../../asp3_dcre/mbed/rtos/TARGET_CORTEX -I../../asp3_dcre/gdic/adafruit_st7735 -I../../ntshell/echonet -I../../asp3_dcre/tinet/netapp -I../../ntshell/fatfs -I../../ntshell/ntshell -I../../ntshell/ntshell/core -I../../ntshell/ntshell/util -I../../ntshell/src -I../../ntshell/lcd -I../src -I../../asp3_dcre/tinet/netdev/if_mbed -I../../asp3_dcre/tinet -I./gen -I../../asp3_dcre/tecs_kernel -I../../musl-1.1.18/include -DTOPPERS_CB_TYPE_ONLY  tinet_cfg.c
kernel_cfg.c:89:143: warning: excess elements in struct initializer
  { (TA_ACT), (intptr_t)(&tTask_INIB_tab[0]), (TASK)(tTask_start), INT_PRIORITY(3), ROUND_STK_T(1024), _kernel_stack_TSKID_tTask_LogTask_Task, "tTask_start" },
                                                                                                                                               ^~~~~~~~~~~~~
kernel_cfg.c:89:143: note: (near initialization for '_kernel_tinib_table[0]')
kernel_cfg.c:90:160: warning: excess elements in struct initializer
  { (TA_ACT), (intptr_t)(1), (TASK)(if_mbed_phy_task), INT_PRIORITY(IF_MBED_PHY_PRIORITY), ROUND_STK_T(IF_MBED_PHY_STACK_SIZE), _kernel_stack_IF_MBED_PHY_TASK, "if_mbed_phy_task" },
                                                                                                                                                                ^~~~~~~~~~~~~~~~~~
kernel_cfg.c:90:160: note: (near initialization for '_kernel_tinib_table[1]')
kernel_cfg.c:91:153: warning: excess elements in struct initializer
  { (TA_HLNG), (intptr_t)(0), (TASK)(net_timer_task), INT_PRIORITY(NET_TIMER_PRIORITY), ROUND_STK_T(NET_TIMER_STACK_SIZE), _kernel_stack_NET_TIMER_TASK, "net_timer_task" },
                                                                                                                                                         ^~~~~~~~~~~~~~~~
kernel_cfg.c:91:153: note: (near initialization for '_kernel_tinib_table[2]')
kernel_cfg.c:92:165: warning: excess elements in struct initializer
  { (TA_HLNG), (intptr_t)(0), (TASK)(ether_output_task), INT_PRIORITY(ETHER_OUTPUT_PRIORITY), ROUND_STK_T(ETHER_OUTPUT_STACK_SIZE), _kernel_stack_ETHER_OUTPUT_TASK, "ether_output_task" },
                                                                                                                                                                     ^~~~~~~~~~~~~~~~~~~
kernel_cfg.c:92:165: note: (near initialization for '_kernel_tinib_table[3]')
kernel_cfg.c:93:168: warning: excess elements in struct initializer
  { (TA_HLNG|TA_ACT), (intptr_t)(0), (TASK)(ether_input_task), INT_PRIORITY(ETHER_INPUT_PRIORITY), ROUND_STK_T(ETHER_INPUT_STACK_SIZE), _kernel_stack_ETHER_INPUT_TASK, "ether_input_task" },
                                                                                                                                                                        ^~~~~~~~~~~~~~~~~~
kernel_cfg.c:93:168: note: (near initialization for '_kernel_tinib_table[4]')
kernel_cfg.c:94:161: warning: excess elements in struct initializer
  { (TA_HLNG), (intptr_t)(0), (TASK)(tcp_output_task), INT_PRIORITY(TCP_OUT_TASK_PRIORITY), ROUND_STK_T(TCP_OUT_TASK_STACK_SIZE), _kernel_stack_TCP_OUTPUT_TASK, "tcp_output_task" },
                                                                                                                                                                 ^~~~~~~~~~~~~~~~~
kernel_cfg.c:94:161: note: (near initialization for '_kernel_tinib_table[5]')
kernel_cfg.c:95:161: warning: excess elements in struct initializer
  { (TA_HLNG), (intptr_t)(0), (TASK)(udp_output_task), INT_PRIORITY(UDP_OUT_TASK_PRIORITY), ROUND_STK_T(UDP_OUT_TASK_STACK_SIZE), _kernel_stack_UDP_OUTPUT_TASK, "udp_output_task" },
                                                                                                                                                                 ^~~~~~~~~~~~~~~~~
echonet_cfg.c:622:2: warning: braces around scalar initializer
  { &_echonet_eobjinib_table[HOME_AIR_CONDITIONER_EOBJ - 1] }
  ^
kernel_cfg.c:95:161: note: (near initialization for '_kernel_tinib_table[6]')
echonet_cfg.c:622:2: note: (near initialization for '_echonet_NODE_PROFILE_EOBJ_eobjinib_table[0]')
echonet_cfg.c:628:2: warning: braces around scalar initializer
  { &_echonet_eobjinib_table[TEMP_SENSOR_01_EOBJ - 1] }
  ^
echonet_cfg.c:628:2: note: (near initialization for '_echonet_TEMP_SENSOR_01_ENOD_eobjinib_table[0]')
kernel_cfg.c:96:161: warning: excess elements in struct initializer
  { (TA_HLNG|TA_ACT), (intptr_t)(0), (TASK)(net_misc_task), INT_PRIORITY(NET_MISC_MAIN_PRIORITY), ROUND_STK_T(NET_MISC_STACK_SIZE), _kernel_stack_NET_MISC_TASK, "net_misc_task" },
                                                                                                                                                                 ^~~~~~~~~~~~~~~
kernel_cfg.c:96:161: note: (near initialization for '_kernel_tinib_table[7]')
echonet_cfg.c:634:2: warning: braces around scalar initializer
  { &_echonet_eobjinib_table[TEMP_SENSOR_02_EOBJ - 1] }
  ^
kernel_cfg.c:97:141: warning: excess elements in struct initializer
  { (TA_NULL), (intptr_t)(0), (TASK)(ffarch_task), INT_PRIORITY(FFARCH_PRIORITY), ROUND_STK_T(FFARCH_STACK_SIZE), _kernel_stack_FFARCH_TASK, "ffarch_task" },
                                                                                                                                             ^~~~~~~~~~~~~
kernel_cfg.c:97:141: note: (near initialization for '_kernel_tinib_table[8]')
echonet_cfg.c:634:2: note: (near initialization for '_echonet_TEMP_SENSOR_02_ENOD_eobjinib_table[0]')
kernel_cfg.c:98:144: warning: excess elements in struct initializer
  { (TA_FPU), (intptr_t)(0), (TASK)(ntshell_task), INT_PRIORITY(NTSHELL_PRIORITY), ROUND_STK_T(NTSHELL_STACK_SIZE), _kernel_stack_NTSHELL_TASK, "ntshell_task" },
                                                                                                                                                ^~~~~~~~~~~~~~
kernel_cfg.c:98:144: note: (near initialization for '_kernel_tinib_table[9]')
echonet_cfg.c:640:2: warning: braces around scalar initializer
  { &_echonet_eobjinib_table[TEMP_SENSOR_03_EOBJ - 1] }
  ^
kernel_cfg.c:99:159: warning: excess elements in struct initializer
  { (TA_HLNG), (intptr_t)(0), (TASK)(echonet_task), INT_PRIORITY(ECHONET_TASK_PRIORITY), ROUND_STK_T(ECHONET_TASK_STACK_SIZE), _kernel_stack_ECHONET_SVC_TASK, "echonet_task" },
                                                                                                                                                               ^~~~~~~~~~~~~~
kernel_cfg.c:99:159: note: (near initialization for '_kernel_tinib_table[10]')
echonet_cfg.c:640:2: note: (near initialization for '_echonet_TEMP_SENSOR_03_ENOD_eobjinib_table[0]')
kernel_cfg.c:100:171: warning: excess elements in struct initializer
  { (TA_HLNG), (intptr_t)(0), (TASK)(echonet_udp_task), INT_PRIORITY(ECHONET_UDP_TASK_PRIORITY), ROUND_STK_T(ECHONET_UDP_TASK_STACK_SIZE), _kernel_stack_ECHONET_UDP_TASK, "echonet_udp_task" },
                                                                                                                                                                           ^~~~~~~~~~~~~~~~~~
kernel_cfg.c:100:171: note: (near initialization for '_kernel_tinib_table[11]')
echonet_cfg.c:646:2: warning: braces around scalar initializer
  { &_echonet_eobjinib_table[TEMP_SENSOR_04_EOBJ - 1] }
  ^
echonet_cfg.c:646:2: note: (near initialization for '_echonet_TEMP_SENSOR_04_ENOD_eobjinib_table[0]')
kernel_cfg.c:101:164: warning: excess elements in struct initializer
  { (TA_ACT), (intptr_t)(0), (TASK)(echonet_main_task), INT_PRIORITY(ECHONET_MAIN_PRIORITY), ROUND_STK_T(ECHONET_MAIN_STACK_SIZE), _kernel_stack_ECHONET_MAIN_TASK, "echonet_main_task" },
                                                                                                                                                                    ^~~~~~~~~~~~~~~~~~~
kernel_cfg.c:101:164: note: (near initialization for '_kernel_tinib_table[12]')
kernel_cfg.c:102:133: warning: excess elements in struct initializer
  { (TA_NULL), (intptr_t)(0), (TASK)(main_task), INT_PRIORITY(MAIN_PRIORITY), ROUND_STK_T(MAIN_STACK_SIZE), _kernel_stack_MAIN_TASK, "main_task" }
                                                                                                                                     ^~~~~~~~~~~
kernel_cfg.c:102:133: note: (near initialization for '_kernel_tinib_table[13]')
arm-none-eabi-gcc -c -MD -MP -MF deps/tBannerMain.d -Og -Wall -g -std=gnu99 -ffunction-sections -fdata-sections  -mfloat-abi=hard -mlittle-endian -mcpu=cortex-a9 -mthumb -mthumb-interwork -marm -march=armv7-a -mfpu=vfpv3 -mfloat-abi=hard -mno-unaligned-access  -DUSE_ARM_FPU -DTOPPERS_EXECUTE_ON_ROM -D__TARGET_ARCH_ARM=7 -DARM_MATH_CA9 -DDEVICE_ANALOGIN=1 -DDEVICE_CAN=1 -DDEVICE_EMAC=1 -DDEVICE_ETHERNET=1 -DDEVICE_FLASH=1 -DDEVICE_I2C=1 -DDEVICE_I2CSLAVE=1 -DDEVICE_I2C_ASYNCH=1 -DDEVICE_INTERRUPTIN=1 -DDEVICE_LPTICKER=1 -DDEVICE_PORTIN=1 -DDEVICE_PORTINOUT=1 -DDEVICE_PORTOUT=1 -DDEVICE_PWMOUT=1 -DDEVICE_RTC=1 -DDEVICE_SEMIHOST=1 -DDEVICE_SERIAL=1 -DDEVICE_SERIAL_ASYNCH=1 -DDEVICE_SERIAL_FC=1 -DDEVICE_SLEEP=1 -DDEVICE_SPI=1 -DDEVICE_SPISLAVE=1 -DDEVICE_SPI_ASYNCH=1 -DDEVICE_STDIO_MESSAGES=1 -DDEVICE_USTICKER=1 -DMBED_BUILD_TIMESTAMP=1550103323.92 -DTARGET_A9 -DTARGET_CORTEX -DTARGET_CORTEX_A -DTARGET_FF_ARDUINO -DTARGET_LIKE_CORTEX_A9 -DTARGET_LIKE_MBED -DTARGET_MBRZA1H -DTARGET_RELEASE -DTARGET_RENESAS -DTARGET_RZA1H -DTARGET_RZ_A1H -DTARGET_RZ_A1XX -DTARGET_RZ_A1_EMAC -DTOOLCHAIN_GCC -DTOOLCHAIN_GCC_ARM -DTOOLCHAIN_object -D__CMSIS_RTOS -D__CORTEX_A9 -D__EVAL -D__FPU_PRESENT=1 -D__MBED_CMSIS_RTOS_CA9 -D__MBED__=1 -DIRQ_GIC_LINE_COUNT=587  -DDHCP4_CLI_CFG -DUSE_PING -DUSE_RESOLVER -DUSE_NETAPP_SUBR -DNOUSE_MPF_NET_BUF -DECHONET_USE_MALLOC -DRamDisk=_binary_______ntshell_src_rom_fs_bin_start  -DTARGET_KERNEL_ASP -DSUPPORT_INET4 -DSUPPORT_IGMP -DSUPPORT_ETHER -DSUPPORT_TCP -DSUPPORT_UDP -I. -I../../asp3_dcre/include -I../../asp3_dcre -I../../asp3_dcre/../btstack/include -I../../asp3_dcre/../btstack/src -I../../asp3_dcre/../btstack/chipset -I../../asp3_dcre/../btstack/platform/embedded -I../../asp3_dcre/../usbhost/src  -I../../asp3_dcre/target/gr_peach_gcc -I../../asp3_dcre/arch/arm_gcc/rza1 -I../../asp3_dcre/arch/arm_gcc/common -I../../asp3_dcre/arch/gcc -I../../asp3_dcre/mbed -I../../asp3_dcre/mbed/cmsis -I../../asp3_dcre/mbed/cmsis/TARGET_CORTEX_A -I../../asp3_dcre/mbed/hal -I../../asp3_dcre/mbed/platform -I../../asp3_dcre/mbed/targets/TARGET_RENESAS -I../../asp3_dcre/mbed/targets/TARGET_RENESAS/TARGET_RZA1XX -I../../asp3_dcre/mbed/targets/TARGET_RENESAS/TARGET_RZA1XX/TARGET_RZ_A1H -I../../asp3_dcre/mbed/targets/TARGET_RENESAS/TARGET_RZA1XX/TARGET_RZ_A1H/TARGET_MBED_MBRZA1H -I../../asp3_dcre/mbed/targets/TARGET_RENESAS/TARGET_RZA1XX/TARGET_RZ_A1H/device -I../../asp3_dcre/mbed/targets/TARGET_RENESAS/TARGET_RZA1XX/TARGET_RZ_A1H/device/inc -I../../asp3_dcre/mbed/targets/TARGET_RENESAS/TARGET_RZA1XX/TARGET_RZ_A1H/device/inc/iobitmasks -I../../asp3_dcre/mbed/targets/TARGET_RENESAS/TARGET_RZA1XX/TARGET_RZ_A1H/device/inc/iodefines -I../../asp3_dcre/mbed/targets/TARGET_RENESAS/TARGET_RZA1XX/common -I../../asp3_dcre/mbed/rtos/TARGET_CORTEX -I../../asp3_dcre/gdic/adafruit_st7735 -I../../ntshell/echonet -I../../asp3_dcre/tinet/netapp -I../../ntshell/fatfs -I../../ntshell/ntshell -I../../ntshell/ntshell/core -I../../ntshell/ntshell/util -I../../ntshell/src -I../../ntshell/lcd -I../src -I../../asp3_dcre/tinet/netdev/if_mbed -I../../asp3_dcre/tinet -I./gen -I../../asp3_dcre/tecs_kernel -I../../musl-1.1.18/include   -fno-strict-aliasing ../../asp3_dcre/syssvc/tBannerMain.c
arm-none-eabi-gcc -Og -Wall -g -std=gnu99 -ffunction-sections -fdata-sections  -mfloat-abi=hard -mlittle-endian -mcpu=cortex-a9 -mthumb -mthumb-interwork -marm -march=armv7-a -mfpu=vfpv3 -mfloat-abi=hard -mno-unaligned-access  -DUSE_ARM_FPU -DTOPPERS_EXECUTE_ON_ROM -D__TARGET_ARCH_ARM=7 -DARM_MATH_CA9 -DDEVICE_ANALOGIN=1 -DDEVICE_CAN=1 -DDEVICE_EMAC=1 -DDEVICE_ETHERNET=1 -DDEVICE_FLASH=1 -DDEVICE_I2C=1 -DDEVICE_I2CSLAVE=1 -DDEVICE_I2C_ASYNCH=1 -DDEVICE_INTERRUPTIN=1 -DDEVICE_LPTICKER=1 -DDEVICE_PORTIN=1 -DDEVICE_PORTINOUT=1 -DDEVICE_PORTOUT=1 -DDEVICE_PWMOUT=1 -DDEVICE_RTC=1 -DDEVICE_SEMIHOST=1 -DDEVICE_SERIAL=1 -DDEVICE_SERIAL_ASYNCH=1 -DDEVICE_SERIAL_FC=1 -DDEVICE_SLEEP=1 -DDEVICE_SPI=1 -DDEVICE_SPISLAVE=1 -DDEVICE_SPI_ASYNCH=1 -DDEVICE_STDIO_MESSAGES=1 -DDEVICE_USTICKER=1 -DMBED_BUILD_TIMESTAMP=1550103323.92 -DTARGET_A9 -DTARGET_CORTEX -DTARGET_CORTEX_A -DTARGET_FF_ARDUINO -DTARGET_LIKE_CORTEX_A9 -DTARGET_LIKE_MBED -DTARGET_MBRZA1H -DTARGET_RELEASE -DTARGET_RENESAS -DTARGET_RZA1H -DTARGET_RZ_A1H -DTARGET_RZ_A1XX -DTARGET_RZ_A1_EMAC -DTOOLCHAIN_GCC -DTOOLCHAIN_GCC_ARM -DTOOLCHAIN_object -D__CMSIS_RTOS -D__CORTEX_A9 -D__EVAL -D__FPU_PRESENT=1 -D__MBED_CMSIS_RTOS_CA9 -D__MBED__=1 -DIRQ_GIC_LINE_COUNT=587  -DDHCP4_CLI_CFG -DUSE_PING -DUSE_RESOLVER -DUSE_NETAPP_SUBR -DNOUSE_MPF_NET_BUF -DECHONET_USE_MALLOC -DRamDisk=_binary_______ntshell_src_rom_fs_bin_start  -DTARGET_KERNEL_ASP -DSUPPORT_INET4 -DSUPPORT_IGMP -DSUPPORT_ETHER -DSUPPORT_TCP -DSUPPORT_UDP -I. -I../../asp3_dcre/include -I../../asp3_dcre -I../../asp3_dcre/../btstack/include -I../../asp3_dcre/../btstack/src -I../../asp3_dcre/../btstack/chipset -I../../asp3_dcre/../btstack/platform/embedded -I../../asp3_dcre/../usbhost/src  -I../../asp3_dcre/target/gr_peach_gcc -I../../asp3_dcre/arch/arm_gcc/rza1 -I../../asp3_dcre/arch/arm_gcc/common -I../../asp3_dcre/arch/gcc -I../../asp3_dcre/mbed -I../../asp3_dcre/mbed/cmsis -I../../asp3_dcre/mbed/cmsis/TARGET_CORTEX_A -I../../asp3_dcre/mbed/hal -I../../asp3_dcre/mbed/platform -I../../asp3_dcre/mbed/targets/TARGET_RENESAS -I../../asp3_dcre/mbed/targets/TARGET_RENESAS/TARGET_RZA1XX -I../../asp3_dcre/mbed/targets/TARGET_RENESAS/TARGET_RZA1XX/TARGET_RZ_A1H -I../../asp3_dcre/mbed/targets/TARGET_RENESAS/TARGET_RZA1XX/TARGET_RZ_A1H/TARGET_MBED_MBRZA1H -I../../asp3_dcre/mbed/targets/TARGET_RENESAS/TARGET_RZA1XX/TARGET_RZ_A1H/device -I../../asp3_dcre/mbed/targets/TARGET_RENESAS/TARGET_RZA1XX/TARGET_RZ_A1H/device/inc -I../../asp3_dcre/mbed/targets/TARGET_RENESAS/TARGET_RZA1XX/TARGET_RZ_A1H/device/inc/iobitmasks -I../../asp3_dcre/mbed/targets/TARGET_RENESAS/TARGET_RZA1XX/TARGET_RZ_A1H/device/inc/iodefines -I../../asp3_dcre/mbed/targets/TARGET_RENESAS/TARGET_RZA1XX/common -I../../asp3_dcre/mbed/rtos/TARGET_CORTEX -I../../asp3_dcre/gdic/adafruit_st7735 -I../../ntshell/echonet -I../../asp3_dcre/tinet/netapp -I../../ntshell/fatfs -I../../ntshell/ntshell -I../../ntshell/ntshell/core -I../../ntshell/ntshell/util -I../../ntshell/src -I../../ntshell/lcd -I../src -I../../asp3_dcre/tinet/netdev/if_mbed -I../../asp3_dcre/tinet -I./gen -I../../asp3_dcre/tecs_kernel -I../../musl-1.1.18/include -nodefaultlibs  -mlittle-endian -mcpu=cortex-a9 -mthumb -mthumb-interwork -marm -march=armv7-a -mfpu=vfpv3 -mfloat-abi=hard -mno-unaligned-access -L. -T ../../asp3_dcre/mbed/targets/TARGET_RENESAS/TARGET_RZA1XX/TARGET_RZ_A1H/device/TOOLCHAIN_GCC_ARM/RZA1H.ld  -L../../asp3_dcre/Debug -o app4_aircon.elf -Wl,-Map=app4_aircon.map,--cref \
		startup_RZ1AH.o  echonet.o echonet_agent.o echonet_dbg.o echonet_fbs.o echonet_task.o echonet_udp_task.o echonet_udp6_task.o fbs_string.o ping.o ping6.o resolver.o dhcp4_cli.o netapp_subr.o ntp_cli.o net_misc.o netcmd.o fdtable.o stdio_stub.o io_stub.o socket_stub.o ffarch.o diskio.o ff.o sdfs.o ccsbcs.o ntshell.o text_editor.o text_history.o usrcmd.o vtrecv.o vtsend.o ntlibc.o ntstdio.o ntopt.o syscall.o draw_font.o shnm12_font.o main.o ntshell_main.o echonet_main.o log_output.o vasyslog.o t_perror.o strerror.o mbed_stub.o  rom_fs.o  init_tecs.o tTask_tecsgen.o tSemaphore_tecsgen.o tInitializeRoutine_tecsgen.o tTerminateRoutine_tecsgen.o tSerialPortMain_tecsgen.o tSerialAdapter_tecsgen.o tSysLog_tecsgen.o tSysLogAdapter_tecsgen.o tLogTaskMain_tecsgen.o tBannerMain_tecsgen.o tPutLogSIOPort_tecsgen.o tSIOPortNTShellMain_tecsgen.o   tTask.o tInitializeRoutine.o tTerminateRoutine.o tSerialPortMain.o tSerialAdapter.o tSysLog.o tSysLogAdapter.o tLogTaskMain.o tBannerMain.o tPutLogSIOPort.o tSIOPortNTShellMain.o   mbed_critical_section_api.o mbed_flash_api.o mbed_gpio.o mbed_lp_ticker_api.o mbed_lp_ticker_wrapper.o mbed_pinmap_common.o mbed_sleep_manager.o mbed_mktime.o mbed_ticker_api.o mbed_us_ticker_api.o mbed_assert.o mbed_board.o mbed_critical.o mbed_error.o mbed_error_hist.o mbed_interface.o mbed_rtc_time.o mbed_semihost_api.o mbed_stats.o PeripheralPins.o RZ_A1_Init.o mbed_sf_boot.o mmu_RZ_A1H.o system_RZ_A1H.o trng_api_esp32.o analogin_api.o can_api.o cmsis_nvic.o irq_ctrl_gic.o nvic_wrapper.o rza_io_regrw.o ethernet_api.o flash_api.o gpio_api.o gpio_irq_api.o i2c_api.o lp_ticker.o mtu2.o pinmap.o port_api.o pwmout_api.o rtc_api.o serial_api.o sleep.o spi_api.o trng_api.o us_ticker.o adafruit_st7735.o  net_buf.o net_count.o net_subr.o net_timer.o if.o in_subr.o route_cfg.o in6.o in6_ifattach.o nd6_rtr.o in6_subr.o ip6_input.o icmp6.o dest6.o route6.o frag6.o ah_input.o esp_input.o nd6.o nd6_nbr.o ip6_output.o scope6.o ip_input.o ip_output.o ip_icmp.o ip_igmp.o in4_subr.o tinet_target_config.o ethernet.o if6_ether.o if_ether.o if_mbed.o tcp_input.o tcp_output.o tcp_timer.o tcp_subr.o tcp_subr_cs.o tcp_subr_ncs.o  udp_input.o udp_output.o udp_subr.o tcp_usrreq.o  udp_usrreq.o udp_usrreq_nblk.o    kernel_cfg.o echonet_cfg.o   tinet_cfg.o \
		-Wl,--start-group -lkernel ../../asp3_dcre/../musl-1.1.18/Debug/libmusl.a -lgcc  -Wl,--end-group 
arm-none-eabi-nm -n app4_aircon.elf > app4_aircon.syms
arm-none-eabi-objcopy -O srec -S app4_aircon.elf app4_aircon.srec
arm-none-eabi-objcopy -O binary -S app4_aircon.elf app4_aircon.bin
arm-none-eabi-objdump -h app4_aircon.elf

app4_aircon.elf:     file format elf32-littlearm

Sections:
Idx Name          Size      VMA       LMA       File off  Algn
  0 .boot         00003100  18000000  18000000  00010000  2**2
                  CONTENTS, ALLOC, LOAD, READONLY, DATA
  1 .text         0008bd80  18004000  18004000  00014000  2**8
                  CONTENTS, ALLOC, LOAD, READONLY, CODE
  2 .vector       0000003c  1808fd80  1808fd80  0009fd80  2**5
                  CONTENTS, ALLOC, LOAD, READONLY, DATA
  3 .ARM.exidx    00000008  1808fdbc  1808fdbc  0009fdbc  2**2
                  CONTENTS, ALLOC, LOAD, READONLY, DATA
  4 .copy.table   00000024  1808fdc4  1808fdc4  0009fdc4  2**0
                  CONTENTS, ALLOC, LOAD, DATA
  5 .ram_code     00000ce8  20020000  1808fdf8  000a0000  2**2
                  CONTENTS, ALLOC, LOAD, READONLY, CODE
  6 .zero.table   00000010  1808fde8  1808fde8  0009fde8  2**0
                  CONTENTS, ALLOC, LOAD, DATA
  7 .ttb          00004000  20000000  20000000  000b0000  2**0
                  ALLOC
  8 .data         00002e38  20020ce8  18090ae0  000a0ce8  2**3
                  CONTENTS, ALLOC, LOAD, DATA
  9 .jcr          00000004  20023b20  18093918  000a3b20  2**2
                  CONTENTS, ALLOC, LOAD, DATA
 10 .bss          000133a8  20023b30  18093928  000a3b24  2**14
                  ALLOC
 11 .heap         00080000  20036ed8  20036ed8  000a3b28  2**3
                  CONTENTS, READONLY
 12 .stack_dummy  00014300  20036ed8  20036ed8  00123b28  2**3
                  CONTENTS, READONLY
 13 .nc_data      00000000  20900000  20900000  00137e28  2**0
                  CONTENTS
 14 .nc_bss       00003280  20900000  20900000  000b0000  2**4
                  ALLOC
 15 .ARM.attributes 00000033  00000000  00000000  00137e28  2**0
                  CONTENTS, READONLY
 16 .comment      0000007f  00000000  00000000  00137e5b  2**0
                  CONTENTS, READONLY
 17 .debug_line   00032a00  00000000  00000000  00137eda  2**0
                  CONTENTS, READONLY, DEBUGGING
 18 .debug_info   000d0258  00000000  00000000  0016a8da  2**0
                  CONTENTS, READONLY, DEBUGGING
 19 .debug_abbrev 0001e939  00000000  00000000  0023ab32  2**0
                  CONTENTS, READONLY, DEBUGGING
 20 .debug_aranges 00005558  00000000  00000000  00259470  2**3
                  CONTENTS, READONLY, DEBUGGING
 21 .debug_loc    0004f085  00000000  00000000  0025e9c8  2**0
                  CONTENTS, READONLY, DEBUGGING
 22 .debug_ranges 00005f10  00000000  00000000  002ada50  2**3
                  CONTENTS, READONLY, DEBUGGING
 23 .debug_str    00038ece  00000000  00000000  002b3960  2**0
                  CONTENTS, READONLY, DEBUGGING
 24 .debug_frame  0000db08  00000000  00000000  002ec830  2**2
                  CONTENTS, READONLY, DEBUGGING
 25 .debug_macro  0001213d  00000000  00000000  002fa338  2**0
                  CONTENTS, READONLY, DEBUGGING
arm-none-eabi-size app4_aircon.elf
ruby -Eutf-8 ../../asp3_dcre/cfg/cfg.rb --pass 3 --kernel asp -O -I. -I../../asp3_dcre/include -I../../asp3_dcre -I../../asp3_dcre/../btstack/include -I../../asp3_dcre/../btstack/src -I../../asp3_dcre/../btstack/chipset -I../../asp3_dcre/../btstack/platform/embedded -I../../asp3_dcre/../usbhost/src  -I../../asp3_dcre/target/gr_peach_gcc -I../../asp3_dcre/arch/arm_gcc/rza1 -I../../asp3_dcre/arch/arm_gcc/common -I../../asp3_dcre/arch/gcc -I../../asp3_dcre/mbed -I../../asp3_dcre/mbed/cmsis -I../../asp3_dcre/mbed/cmsis/TARGET_CORTEX_A -I../../asp3_dcre/mbed/hal -I../../asp3_dcre/mbed/platform -I../../asp3_dcre/mbed/targets/TARGET_RENESAS -I../../asp3_dcre/mbed/targets/TARGET_RENESAS/TARGET_RZA1XX -I../../asp3_dcre/mbed/targets/TARGET_RENESAS/TARGET_RZA1XX/TARGET_RZ_A1H -I../../asp3_dcre/mbed/targets/TARGET_RENESAS/TARGET_RZA1XX/TARGET_RZ_A1H/TARGET_MBED_MBRZA1H -I../../asp3_dcre/mbed/targets/TARGET_RENESAS/TARGET_RZA1XX/TARGET_RZ_A1H/device -I../../asp3_dcre/mbed/targets/TARGET_RENESAS/TARGET_RZA1XX/TARGET_RZ_A1H/device/inc -I../../asp3_dcre/mbed/targets/TARGET_RENESAS/TARGET_RZA1XX/TARGET_RZ_A1H/device/inc/iobitmasks -I../../asp3_dcre/mbed/targets/TARGET_RENESAS/TARGET_RZA1XX/TARGET_RZ_A1H/device/inc/iodefines -I../../asp3_dcre/mbed/targets/TARGET_RENESAS/TARGET_RZA1XX/common -I../../asp3_dcre/mbed/rtos/TARGET_CORTEX -I../../asp3_dcre/gdic/adafruit_st7735 -I../../ntshell/echonet -I../../asp3_dcre/tinet/netapp -I../../ntshell/fatfs -I../../ntshell/ntshell -I../../ntshell/ntshell/core -I../../ntshell/ntshell/util -I../../ntshell/src -I../../ntshell/lcd -I../src -I../../asp3_dcre/tinet/netdev/if_mbed -I../../asp3_dcre/tinet -I./gen -I../../asp3_dcre/tecs_kernel -I../../musl-1.1.18/include -T ../../asp3_dcre/target/gr_peach_gcc/target_check.trb \
			--rom-symbol app4_aircon.syms --rom-image app4_aircon.srec
   text	   data	    bss	    dec	    hex	filename
 588716	  11888	 108072	 708676	  ad044	app4_aircon.elf
"configuration check passed"
make[1]: Leaving directory 'C:/trunk_tecs+ecnl/trunk/app4_aircon/DebugEther'

13:15:56 Build Finished. 0 errors, 56 warnings. (took 10s.757ms)

